  >  Running go vet
  >  Running Golang CI Lint
  >  Running unit tests
2021-10-06T16:17:58-03:00	[34mINFO[0m	db/utils.go:61	successfully ran 0 migrations Up
2021-10-06T16:17:58-03:00	[34mINFO[0m	db/utils.go:77	successfully ran 11 migrations Down
2021-10-06T16:17:59-03:00	[34mINFO[0m	db/utils.go:61	successfully ran 11 migrations Up
[GIN-debug] [WARNING] Creating an Engine instance with the Logger and Recovery middleware already attached.

[GIN-debug] [WARNING] Running in "debug" mode. Switch to "release" mode in production.
 - using env:	export GIN_MODE=release
 - using code:	gin.SetMode(gin.ReleaseMode)

2021-10-06T16:17:59-03:00	[34mINFO[0m	db/utils.go:77	successfully ran 11 migrations Down
2021-10-06T16:18:00-03:00	[34mINFO[0m	db/utils.go:61	successfully ran 11 migrations Up
[GIN-debug] GET    /v1/health                --> github.com/gin-gonic/gin.WrapH.func1 (4 handlers)
[GIN-debug] POST   /v1/account-creation-authorization --> github.com/hermeznetwork/hermez-node/api.(*API).postAccountCreationAuth-fm (4 handlers)
[GIN-debug] GET    /v1/account-creation-authorization/:hezEthereumAddress --> github.com/hermeznetwork/hermez-node/api.(*API).getAccountCreationAuth-fm (4 handlers)
[GIN-debug] POST   /v1/transactions-pool     --> github.com/hermeznetwork/hermez-node/api.(*API).postPoolTx-fm (4 handlers)
[GIN-debug] PUT    /v1/transactions-pool/:id --> github.com/hermeznetwork/hermez-node/api.(*API).putPoolTx-fm (4 handlers)
[GIN-debug] PUT    /v1/transactions-pool/accounts/:accountIndex/nonces/:nonce --> github.com/hermeznetwork/hermez-node/api.(*API).putPoolTxByIdxAndNonce-fm (4 handlers)
[GIN-debug] GET    /v1/transactions-pool/:id --> github.com/hermeznetwork/hermez-node/api.(*API).getPoolTx-fm (4 handlers)
[GIN-debug] GET    /v1/transactions-pool     --> github.com/hermeznetwork/hermez-node/api.(*API).getPoolTxs-fm (4 handlers)
[GIN-debug] POST   /v1/atomic-pool           --> github.com/hermeznetwork/hermez-node/api.(*API).postAtomicPool-fm (4 handlers)
[GIN-debug] GET    /v1/atomic-pool/:id       --> github.com/hermeznetwork/hermez-node/api.(*API).getAtomicGroup-fm (4 handlers)
[GIN-debug] GET    /v1/accounts              --> github.com/hermeznetwork/hermez-node/api.(*API).getAccounts-fm (4 handlers)
[GIN-debug] GET    /v1/accounts/:accountIndex --> github.com/hermeznetwork/hermez-node/api.(*API).getAccount-fm (4 handlers)
[GIN-debug] GET    /v1/exits                 --> github.com/hermeznetwork/hermez-node/api.(*API).getExits-fm (4 handlers)
[GIN-debug] GET    /v1/exits/:batchNum/:accountIndex --> github.com/hermeznetwork/hermez-node/api.(*API).getExit-fm (4 handlers)
[GIN-debug] GET    /v1/transactions-history  --> github.com/hermeznetwork/hermez-node/api.(*API).getHistoryTxs-fm (4 handlers)
[GIN-debug] GET    /v1/transactions-history/:id --> github.com/hermeznetwork/hermez-node/api.(*API).getHistoryTx-fm (4 handlers)
[GIN-debug] GET    /v1/batches               --> github.com/hermeznetwork/hermez-node/api.(*API).getBatches-fm (4 handlers)
[GIN-debug] GET    /v1/batches/:batchNum     --> github.com/hermeznetwork/hermez-node/api.(*API).getBatch-fm (4 handlers)
[GIN-debug] GET    /v1/full-batches/:batchNum --> github.com/hermeznetwork/hermez-node/api.(*API).getFullBatch-fm (4 handlers)
[GIN-debug] GET    /v1/slots                 --> github.com/hermeznetwork/hermez-node/api.(*API).getSlots-fm (4 handlers)
[GIN-debug] GET    /v1/slots/:slotNum        --> github.com/hermeznetwork/hermez-node/api.(*API).getSlot-fm (4 handlers)
[GIN-debug] GET    /v1/bids                  --> github.com/hermeznetwork/hermez-node/api.(*API).getBids-fm (4 handlers)
[GIN-debug] GET    /v1/state                 --> github.com/hermeznetwork/hermez-node/api.(*API).getState-fm (4 handlers)
[GIN-debug] GET    /v1/config                --> github.com/hermeznetwork/hermez-node/api.(*API).getConfig-fm (4 handlers)
[GIN-debug] GET    /v1/tokens                --> github.com/hermeznetwork/hermez-node/api.(*API).getTokens-fm (4 handlers)
[GIN-debug] GET    /v1/tokens/:id            --> github.com/hermeznetwork/hermez-node/api.(*API).getToken-fm (4 handlers)
[GIN-debug] GET    /v1/currencies            --> github.com/hermeznetwork/hermez-node/api.(*API).getFiatCurrencies-fm (4 handlers)
[GIN-debug] GET    /v1/currencies/:symbol    --> github.com/hermeznetwork/hermez-node/api.(*API).getFiatCurrency-fm (4 handlers)
[GIN-debug] GET    /v1/coordinators          --> github.com/hermeznetwork/hermez-node/api.(*API).getCoordinators-fm (4 handlers)
=== RUN   TestGetAccounts
[GIN] 2021/10/06 - 16:18:00 | 200 |      5.0925ms |       127.0.0.1 | GET      "/v1/accounts?BJJ=hez:elFbVOB-sxXfOydgHmFqdkBQC0teGJa2xbjDcdjQBR3D&limit=5&order=ASC"
[GIN] 2021/10/06 - 16:18:00 | 200 |      4.2147ms |       127.0.0.1 | GET      "/v1/accounts?hezEthereumAddress=hez:0x7E5F4552091A69125d5DfCb7b8C2659029395Bdf&limit=5&order=ASC"
2021-10-06T16:18:00-03:00	[33mWARN[0m	api/handlers.go:62	HTTP API Bad request error	{"err": "Key: 'AccountsFilters.hezEthereumAddress' Error:Field validation for 'hezEthereumAddress' failed on the 'hezethaddrorbjj' tag\nKey: 'AccountsFilters.BJJ' Error:Field validation for 'BJJ' failed on the 'hezethaddrorbjj' tag"}
[GIN] 2021/10/06 - 16:18:00 | 400 |       681.4µs |       127.0.0.1 | GET      "/v1/accounts?hezEthereumAddress=hez:0x1efF47bc3a10a45D4B230B5d10E37751FE6AA718&BJJ=hez:elFbVOB-sxXfOydgHmFqdkBQC0teGJa2xbjDcdjQBR3D&limit=5"
[GIN] 2021/10/06 - 16:18:00 | 200 |       5.115ms |       127.0.0.1 | GET      "/v1/accounts?tokenIds=2,5,6&limit=5&order=ASC"
[GIN] 2021/10/06 - 16:18:00 | 200 |      4.1144ms |       127.0.0.1 | GET      "/v1/accounts?tokenIds=2,5,6&limit=5&fromItem=26&order=ASC"
[GIN] 2021/10/06 - 16:18:00 | 200 |      4.3042ms |       127.0.0.1 | GET      "/v1/accounts?tokenIds=2,5,6&limit=5&fromItem=31&order=ASC"
[GIN] 2021/10/06 - 16:18:00 | 200 |      4.4113ms |       127.0.0.1 | GET      "/v1/accounts?tokenIds=2,5,6&limit=5&fromItem=36&order=ASC"
[GIN] 2021/10/06 - 16:18:00 | 200 |      3.6503ms |       127.0.0.1 | GET      "/v1/accounts?tokenIds=2,5,6&BJJ=hez:L5oDVzfzEh-qGJW5MR_YJgWgvzXd_tANuXUtUbELPKV2&limit=5&order=ASC"
[GIN] 2021/10/06 - 16:18:00 | 200 |      2.9188ms |       127.0.0.1 | GET      "/v1/accounts?limit=5&order=ASC"
[GIN] 2021/10/06 - 16:18:00 | 200 |      3.8857ms |       127.0.0.1 | GET      "/v1/accounts?limit=5&fromItem=6&order=ASC"
[GIN] 2021/10/06 - 16:18:00 | 200 |      3.9323ms |       127.0.0.1 | GET      "/v1/accounts?limit=5&fromItem=11&order=ASC"
[GIN] 2021/10/06 - 16:18:00 | 200 |      3.5853ms |       127.0.0.1 | GET      "/v1/accounts?limit=5&fromItem=16&order=ASC"
[GIN] 2021/10/06 - 16:18:00 | 200 |      3.6812ms |       127.0.0.1 | GET      "/v1/accounts?limit=5&fromItem=21&order=ASC"
[GIN] 2021/10/06 - 16:18:00 | 200 |      3.6785ms |       127.0.0.1 | GET      "/v1/accounts?limit=5&fromItem=26&order=ASC"
[GIN] 2021/10/06 - 16:18:00 | 200 |      3.6444ms |       127.0.0.1 | GET      "/v1/accounts?limit=5&fromItem=31&order=ASC"
[GIN] 2021/10/06 - 16:18:00 | 200 |       3.883ms |       127.0.0.1 | GET      "/v1/accounts?limit=5&fromItem=36&order=ASC"
[GIN] 2021/10/06 - 16:18:00 | 200 |      3.1296ms |       127.0.0.1 | GET      "/v1/accounts?limit=5&order=DESC"
[GIN] 2021/10/06 - 16:18:00 | 200 |      3.7294ms |       127.0.0.1 | GET      "/v1/accounts?limit=5&fromItem=35&order=DESC"
[GIN] 2021/10/06 - 16:18:00 | 200 |      4.0252ms |       127.0.0.1 | GET      "/v1/accounts?limit=5&fromItem=30&order=DESC"
[GIN] 2021/10/06 - 16:18:00 | 200 |      3.8346ms |       127.0.0.1 | GET      "/v1/accounts?limit=5&fromItem=25&order=DESC"
[GIN] 2021/10/06 - 16:18:00 | 200 |      4.2474ms |       127.0.0.1 | GET      "/v1/accounts?limit=5&fromItem=20&order=DESC"
[GIN] 2021/10/06 - 16:18:00 | 200 |      3.9018ms |       127.0.0.1 | GET      "/v1/accounts?limit=5&fromItem=15&order=DESC"
[GIN] 2021/10/06 - 16:18:00 | 200 |      4.1722ms |       127.0.0.1 | GET      "/v1/accounts?limit=5&fromItem=10&order=DESC"
[GIN] 2021/10/06 - 16:18:00 | 200 |      3.4785ms |       127.0.0.1 | GET      "/v1/accounts?limit=5&fromItem=5&order=DESC"
2021-10-06T16:18:00-03:00	[33mWARN[0m	api/api_test.go:843	The request does not match the API spec
2021-10-06T16:18:00-03:00	[33mWARN[0m	api/handlers.go:62	HTTP API Bad request error	{"err": "Invalid hezEthereumAddress, must follow this regex: ^hez:0x[a-fA-F0-9]{40}$"}
[GIN] 2021/10/06 - 16:18:00 | 400 |       309.8µs |       127.0.0.1 | GET      "/v1/accounts?hezEthereumAddress=hez:0x123456"
[GIN] 2021/10/06 - 16:18:00 | 200 |      2.7921ms |       127.0.0.1 | GET      "/v1/accounts/hez:ETH:258"
2021-10-06T16:18:00-03:00	[33mWARN[0m	api/handlers.go:62	HTTP API Bad request error	{"err": "invalid token symbol"}
[GIN] 2021/10/06 - 16:18:00 | 400 |      2.6944ms |       127.0.0.1 | GET      "/v1/accounts/hez:UNI:258"
2021-10-06T16:18:00-03:00	[33mWARN[0m	api/handlers.go:62	HTTP API Bad request error	{"err": "invalid accountIndex, must follow this: hez:<tokenSymbol>:index"}
[GIN] 2021/10/06 - 16:18:00 | 400 |       235.7µs |       127.0.0.1 | GET      "/v1/accounts/hez:12345"
2021-10-06T16:18:00-03:00	[33mWARN[0m	api/handlers.go:20	HTTP API SQL request error: sql: no rows in result set
/mnt/d/github.com/hermeznetwork/hermez-node/db/historydb/apiqueries.go:1020 github.com/hermeznetwork/hermez-node/db/historydb.(*HistoryDB).GetAccountAPI()
/mnt/d/github.com/hermeznetwork/hermez-node/api/account.go:23 github.com/hermeznetwork/hermez-node/api.(*API).getAccount()
/home/tclemos/go/pkg/mod/github.com/gin-gonic/gin@v1.7.2/context.go:165 github.com/gin-gonic/gin.(*Context).Next()
/mnt/d/github.com/hermeznetwork/hermez-node/metric/request.go:69 github.com/hermeznetwork/hermez-node/metric.(*Prometheus).Middleware.func1()
/home/tclemos/go/pkg/mod/github.com/gin-gonic/gin@v1.7.2/context.go:165 github.com/gin-gonic/gin.(*Context).Next()
/home/tclemos/go/pkg/mod/github.com/gin-gonic/gin@v1.7.2/recovery.go:99 github.com/gin-gonic/gin.CustomRecoveryWithWriter.func1()
/home/tclemos/go/pkg/mod/github.com/gin-gonic/gin@v1.7.2/context.go:165 github.com/gin-gonic/gin.(*Context).Next()
/home/tclemos/go/pkg/mod/github.com/gin-gonic/gin@v1.7.2/logger.go:241 github.com/gin-gonic/gin.LoggerWithConfig.func1()
/home/tclemos/go/pkg/mod/github.com/gin-gonic/gin@v1.7.2/context.go:165 github.com/gin-gonic/gin.(*Context).Next()
/home/tclemos/go/pkg/mod/github.com/gin-gonic/gin@v1.7.2/gin.go:489 github.com/gin-gonic/gin.(*Engine).handleHTTPRequest()
/home/tclemos/go/pkg/mod/github.com/gin-gonic/gin@v1.7.2/gin.go:445 github.com/gin-gonic/gin.(*Engine).ServeHTTP()
/usr/local/go/src/net/http/server.go:2867 net/http.serverHandler.ServeHTTP()
/usr/local/go/src/net/http/server.go:1932 net/http.(*conn).serve()

	{"err": "sql: no rows in result set"}
[GIN] 2021/10/06 - 16:18:00 | 404 |      2.8545ms |       127.0.0.1 | GET      "/v1/accounts/hez:10:12345"
2021-10-06T16:18:00-03:00	[33mWARN[0m	api/handlers.go:62	HTTP API Bad request error	{"err": "invalid Param: hez:hez:25641"}
[GIN] 2021/10/06 - 16:18:00 | 400 |         189µs |       127.0.0.1 | GET      "/v1/accounts?hez:hez:25641"
2021-10-06T16:18:00-03:00	[33mWARN[0m	api/handlers.go:62	HTTP API Bad request error	{"err": "invalid Param: hez:hez:0xb4A2333993a70fD103b7cC39883797Aa209bAa21"}
[GIN] 2021/10/06 - 16:18:00 | 400 |         280µs |       127.0.0.1 | GET      "/v1/accounts?hez:hez:0xb4A2333993a70fD103b7cC39883797Aa209bAa21"
--- PASS: TestGetAccounts (0.18s)
=== RUN   TestAccountCreationAuth
[GIN] 2021/10/06 - 16:18:00 | 200 |      4.7662ms |       127.0.0.1 | POST     "/v1/account-creation-authorization"
[GIN] 2021/10/06 - 16:18:00 | 200 |      4.4003ms |       127.0.0.1 | POST     "/v1/account-creation-authorization"
[GIN] 2021/10/06 - 16:18:00 | 200 |      4.4061ms |       127.0.0.1 | POST     "/v1/account-creation-authorization"
[GIN] 2021/10/06 - 16:18:00 | 200 |      3.9978ms |       127.0.0.1 | POST     "/v1/account-creation-authorization"
[GIN] 2021/10/06 - 16:18:00 | 200 |      4.7982ms |       127.0.0.1 | POST     "/v1/account-creation-authorization"
[GIN] 2021/10/06 - 16:18:00 | 200 |      2.6606ms |       127.0.0.1 | GET      "/v1/account-creation-authorization/hez:0x91CC2DacECD3258720941E5e1568B74Bcfc2133E"
[GIN] 2021/10/06 - 16:18:00 | 200 |      2.2969ms |       127.0.0.1 | GET      "/v1/account-creation-authorization/hez:0xBc04CC68636d7D5BB75fCdF5508c895Df37A3cfD"
[GIN] 2021/10/06 - 16:18:00 | 200 |       2.316ms |       127.0.0.1 | GET      "/v1/account-creation-authorization/hez:0x3F7DeA48ed0F5C3d0c00C5b40986664C2cA910c4"
[GIN] 2021/10/06 - 16:18:00 | 200 |      2.0438ms |       127.0.0.1 | GET      "/v1/account-creation-authorization/hez:0xf3B2c49449c2b26557D8cD6C892a6f1578E1d1E6"
[GIN] 2021/10/06 - 16:18:00 | 200 |      2.2371ms |       127.0.0.1 | GET      "/v1/account-creation-authorization/hez:0x56238Cd0390727062e79655E6E4637e9FF648536"
[GIN-debug] redirecting request 307: /v1/account-creation-authorization --> /v1/account-creation-authorization
2021-10-06T16:18:00-03:00	[33mWARN[0m	api/handlers.go:62	HTTP API Bad request error	{"err": "invalid signature: error: Ethereum address doesn't match with the one used in the signature. ChainId: 0. HermezContractAddress: 0xc344E203a046Da13b0B4467EB7B3629D0C99F6E6. EthereumAddress: 0x0000000000000000000000000000000000000001. Bjj: hez:2wTWhGtgxGBcc8qxOYCL-XQLI5hb0W5KHKxZBRVZhaiO. Signature: ec4d02bddcba0de90715ec0535c8b09f72f9328d59bf20a35a00d44b270162a7664b7c5be645079c549c01162530ec13a6d7145b15a35c97de64dec6a7115cf61b. Timestamp: 0001-01-01 00:00:00 +0000 UTC"}
[GIN] 2021/10/06 - 16:18:00 | 400 |         770µs |       127.0.0.1 | POST     "/v1/account-creation-authorization"
[GIN-debug] redirecting request 307: /v1/account-creation-authorization --> /v1/account-creation-authorization
2021-10-06T16:18:00-03:00	[33mWARN[0m	api/handlers.go:62	HTTP API Bad request error	{"err": "invalid signature: error getting public key from Signature: invalid signature recovery id. ChainId: 0. HermezContractAddress: 0xc344E203a046Da13b0B4467EB7B3629D0C99F6E6. EthereumAddress: 0x91CC2DacECD3258720941E5e1568B74Bcfc2133E. Bjj: hez:2wTWhGtgxGBcc8qxOYCL-XQLI5hb0W5KHKxZBRVZhaiO. Signature: ec4d02bddcba0de90715ec0535c8b09f72f9328d59bf20a35a00d44b270162a7664b7c5be645079c549c01162530ec13a6d7145b15a35c97de64dec6a7115cf61f. Timestamp: 0001-01-01 00:00:00 +0000 UTC"}
[GIN] 2021/10/06 - 16:18:00 | 400 |         611µs |       127.0.0.1 | POST     "/v1/account-creation-authorization"
2021-10-06T16:18:00-03:00	[33mWARN[0m	api/api_test.go:843	The request does not match the API spec
2021-10-06T16:18:00-03:00	[33mWARN[0m	api/handlers.go:62	HTTP API Bad request error	{"err": "Invalid hezEthereumAddress, must follow this regex: ^hez:0x[a-fA-F0-9]{40}$"}
[GIN] 2021/10/06 - 16:18:00 | 400 |       214.2µs |       127.0.0.1 | GET      "/v1/account-creation-authorization/hez:0xFooBar"
2021-10-06T16:18:00-03:00	[33mWARN[0m	api/handlers.go:20	HTTP API SQL request error: sql: no rows in result set
/mnt/d/github.com/hermeznetwork/hermez-node/db/l2db/apiqueries.go:42 github.com/hermeznetwork/hermez-node/db/l2db.(*L2DB).GetAccountCreationAuthAPI()
/mnt/d/github.com/hermeznetwork/hermez-node/api/accountcreationauths.go:63 github.com/hermeznetwork/hermez-node/api.(*API).getAccountCreationAuth()
/home/tclemos/go/pkg/mod/github.com/gin-gonic/gin@v1.7.2/context.go:165 github.com/gin-gonic/gin.(*Context).Next()
/mnt/d/github.com/hermeznetwork/hermez-node/metric/request.go:69 github.com/hermeznetwork/hermez-node/metric.(*Prometheus).Middleware.func1()
/home/tclemos/go/pkg/mod/github.com/gin-gonic/gin@v1.7.2/context.go:165 github.com/gin-gonic/gin.(*Context).Next()
/home/tclemos/go/pkg/mod/github.com/gin-gonic/gin@v1.7.2/recovery.go:99 github.com/gin-gonic/gin.CustomRecoveryWithWriter.func1()
/home/tclemos/go/pkg/mod/github.com/gin-gonic/gin@v1.7.2/context.go:165 github.com/gin-gonic/gin.(*Context).Next()
/home/tclemos/go/pkg/mod/github.com/gin-gonic/gin@v1.7.2/logger.go:241 github.com/gin-gonic/gin.LoggerWithConfig.func1()
/home/tclemos/go/pkg/mod/github.com/gin-gonic/gin@v1.7.2/context.go:165 github.com/gin-gonic/gin.(*Context).Next()
/home/tclemos/go/pkg/mod/github.com/gin-gonic/gin@v1.7.2/gin.go:489 github.com/gin-gonic/gin.(*Engine).handleHTTPRequest()
/home/tclemos/go/pkg/mod/github.com/gin-gonic/gin@v1.7.2/gin.go:445 github.com/gin-gonic/gin.(*Engine).ServeHTTP()
/usr/local/go/src/net/http/server.go:2867 net/http.serverHandler.ServeHTTP()
/usr/local/go/src/net/http/server.go:1932 net/http.(*conn).serve()

	{"err": "sql: no rows in result set"}
[GIN] 2021/10/06 - 16:18:00 | 404 |      2.4518ms |       127.0.0.1 | GET      "/v1/account-creation-authorization/hez:0x0000000000000000000000000000000000000001"
--- PASS: TestAccountCreationAuth (0.06s)
=== RUN   TestTimeout
2021-10-06T16:18:00-03:00	[34mINFO[0m	db/utils.go:61	successfully ran 0 migrations Up
[GIN-debug] [WARNING] Creating an Engine instance with the Logger and Recovery middleware already attached.

[GIN-debug] [WARNING] Running in "debug" mode. Switch to "release" mode in production.
 - using env:	export GIN_MODE=release
 - using code:	gin.SetMode(gin.ReleaseMode)

[GIN-debug] GET    /v1/wait                  --> github.com/hermeznetwork/hermez-node/api.TestTimeout.func1 (3 handlers)
[GIN-debug] GET    /v1/health                --> github.com/gin-gonic/gin.WrapH.func1 (4 handlers)
[GIN-debug] POST   /v1/account-creation-authorization --> github.com/hermeznetwork/hermez-node/api.(*API).postAccountCreationAuth-fm (4 handlers)
[GIN-debug] GET    /v1/account-creation-authorization/:hezEthereumAddress --> github.com/hermeznetwork/hermez-node/api.(*API).getAccountCreationAuth-fm (4 handlers)
[GIN-debug] POST   /v1/transactions-pool     --> github.com/hermeznetwork/hermez-node/api.(*API).postPoolTx-fm (4 handlers)
[GIN-debug] PUT    /v1/transactions-pool/:id --> github.com/hermeznetwork/hermez-node/api.(*API).putPoolTx-fm (4 handlers)
[GIN-debug] PUT    /v1/transactions-pool/accounts/:accountIndex/nonces/:nonce --> github.com/hermeznetwork/hermez-node/api.(*API).putPoolTxByIdxAndNonce-fm (4 handlers)
[GIN-debug] GET    /v1/transactions-pool/:id --> github.com/hermeznetwork/hermez-node/api.(*API).getPoolTx-fm (4 handlers)
[GIN-debug] GET    /v1/transactions-pool     --> github.com/hermeznetwork/hermez-node/api.(*API).getPoolTxs-fm (4 handlers)
[GIN-debug] POST   /v1/atomic-pool           --> github.com/hermeznetwork/hermez-node/api.(*API).postAtomicPool-fm (4 handlers)
[GIN-debug] GET    /v1/atomic-pool/:id       --> github.com/hermeznetwork/hermez-node/api.(*API).getAtomicGroup-fm (4 handlers)
[GIN-debug] GET    /v1/accounts              --> github.com/hermeznetwork/hermez-node/api.(*API).getAccounts-fm (4 handlers)
[GIN-debug] GET    /v1/accounts/:accountIndex --> github.com/hermeznetwork/hermez-node/api.(*API).getAccount-fm (4 handlers)
[GIN-debug] GET    /v1/exits                 --> github.com/hermeznetwork/hermez-node/api.(*API).getExits-fm (4 handlers)
[GIN-debug] GET    /v1/exits/:batchNum/:accountIndex --> github.com/hermeznetwork/hermez-node/api.(*API).getExit-fm (4 handlers)
[GIN-debug] GET    /v1/transactions-history  --> github.com/hermeznetwork/hermez-node/api.(*API).getHistoryTxs-fm (4 handlers)
[GIN-debug] GET    /v1/transactions-history/:id --> github.com/hermeznetwork/hermez-node/api.(*API).getHistoryTx-fm (4 handlers)
[GIN-debug] GET    /v1/batches               --> github.com/hermeznetwork/hermez-node/api.(*API).getBatches-fm (4 handlers)
[GIN-debug] GET    /v1/batches/:batchNum     --> github.com/hermeznetwork/hermez-node/api.(*API).getBatch-fm (4 handlers)
[GIN-debug] GET    /v1/full-batches/:batchNum --> github.com/hermeznetwork/hermez-node/api.(*API).getFullBatch-fm (4 handlers)
[GIN-debug] GET    /v1/slots                 --> github.com/hermeznetwork/hermez-node/api.(*API).getSlots-fm (4 handlers)
[GIN-debug] GET    /v1/slots/:slotNum        --> github.com/hermeznetwork/hermez-node/api.(*API).getSlot-fm (4 handlers)
[GIN-debug] GET    /v1/bids                  --> github.com/hermeznetwork/hermez-node/api.(*API).getBids-fm (4 handlers)
[GIN-debug] GET    /v1/state                 --> github.com/hermeznetwork/hermez-node/api.(*API).getState-fm (4 handlers)
[GIN-debug] GET    /v1/config                --> github.com/hermeznetwork/hermez-node/api.(*API).getConfig-fm (4 handlers)
[GIN-debug] GET    /v1/tokens                --> github.com/hermeznetwork/hermez-node/api.(*API).getTokens-fm (4 handlers)
[GIN-debug] GET    /v1/tokens/:id            --> github.com/hermeznetwork/hermez-node/api.(*API).getToken-fm (4 handlers)
[GIN-debug] GET    /v1/currencies            --> github.com/hermeznetwork/hermez-node/api.(*API).getFiatCurrencies-fm (4 handlers)
[GIN-debug] GET    /v1/currencies/:symbol    --> github.com/hermeznetwork/hermez-node/api.(*API).getFiatCurrency-fm (4 handlers)
[GIN-debug] GET    /v1/coordinators          --> github.com/hermeznetwork/hermez-node/api.(*API).getCoordinators-fm (4 handlers)
2021-10-06T16:18:01-03:00	[33mWARN[0m	api/handlers.go:20	HTTP API SQL request error: context deadline exceeded
/mnt/d/github.com/hermeznetwork/hermez-node/db/historydb/apiqueries.go:392 github.com/hermeznetwork/hermez-node/db/historydb.(*HistoryDB).GetTokensAPI()
/mnt/d/github.com/hermeznetwork/hermez-node/api/token.go:45 github.com/hermeznetwork/hermez-node/api.(*API).getTokens()
/home/tclemos/go/pkg/mod/github.com/gin-gonic/gin@v1.7.2/context.go:165 github.com/gin-gonic/gin.(*Context).Next()
/mnt/d/github.com/hermeznetwork/hermez-node/metric/request.go:69 github.com/hermeznetwork/hermez-node/metric.(*Prometheus).Middleware.func1()
/home/tclemos/go/pkg/mod/github.com/gin-gonic/gin@v1.7.2/context.go:165 github.com/gin-gonic/gin.(*Context).Next()
/home/tclemos/go/pkg/mod/github.com/gin-gonic/gin@v1.7.2/recovery.go:99 github.com/gin-gonic/gin.CustomRecoveryWithWriter.func1()
/home/tclemos/go/pkg/mod/github.com/gin-gonic/gin@v1.7.2/context.go:165 github.com/gin-gonic/gin.(*Context).Next()
/home/tclemos/go/pkg/mod/github.com/gin-gonic/gin@v1.7.2/logger.go:241 github.com/gin-gonic/gin.LoggerWithConfig.func1()
/home/tclemos/go/pkg/mod/github.com/gin-gonic/gin@v1.7.2/context.go:165 github.com/gin-gonic/gin.(*Context).Next()
/home/tclemos/go/pkg/mod/github.com/gin-gonic/gin@v1.7.2/gin.go:489 github.com/gin-gonic/gin.(*Engine).handleHTTPRequest()
/home/tclemos/go/pkg/mod/github.com/gin-gonic/gin@v1.7.2/gin.go:445 github.com/gin-gonic/gin.(*Engine).ServeHTTP()
/usr/local/go/src/net/http/server.go:2867 net/http.serverHandler.ServeHTTP()
/usr/local/go/src/net/http/server.go:1932 net/http.(*conn).serve()

	{"err": "context deadline exceeded"}
[GIN] 2021/10/06 - 16:18:01 | 503 |    100.7343ms |       127.0.0.1 | GET      "/v1/tokens"
[GIN] 2021/10/06 - 16:18:01 | 200 |    102.2766ms |       127.0.0.1 | GET      "/v1/wait"
--- PASS: TestTimeout (0.27s)
=== RUN   TestAtomicPool
[GIN] 2021/10/06 - 16:18:01 | 200 |       65.43ms |       127.0.0.1 | POST     "/v1/atomic-pool"
[GIN] 2021/10/06 - 16:18:01 | 200 |      4.5508ms |       127.0.0.1 | GET      "/v1/transactions-pool/0x02d4cbab2c32a7afb59c923cbf54a5f82d6ea1b1c553599a8a301c7109ea1eff17"
[GIN] 2021/10/06 - 16:18:01 | 200 |      3.1063ms |       127.0.0.1 | GET      "/v1/transactions-pool/0x0200d87a0e641fb84bb76a013cc3db1b423203f7dfc3f07afdbe3e7b78b6a527de"
[GIN] 2021/10/06 - 16:18:01 | 200 |       2.671ms |       127.0.0.1 | GET      "/v1/transactions-pool/0x0219ffcb5d99b25614ca81f94fd3947095b07aaf5bf4ba7d1078aa85d06c8a0fc2"
[GIN] 2021/10/06 - 16:18:01 | 200 |      3.3155ms |       127.0.0.1 | GET      "/v1/transactions-pool/0x02814c29cf2bbdaa024920fdd71c6d976a0bed2de6d91c61c38daee74bf6a08cba"
[GIN] 2021/10/06 - 16:18:01 | 200 |      4.4635ms |       127.0.0.1 | GET      "/v1/atomic-pool/0x0cd3d5c747145f70055156c565446441b60b8ca0dd7c8ddbb913529ed39773a7"
2021-10-06T16:18:01-03:00	[33mWARN[0m	api/handlers.go:62	HTTP API Bad request error	{"err": "wrong signature"}
[GIN] 2021/10/06 - 16:18:01 | 400 |     15.4368ms |       127.0.0.1 | PUT      "/v1/transactions-pool/0x0200d87a0e641fb84bb76a013cc3db1b423203f7dfc3f07afdbe3e7b78b6a527de"
[GIN] 2021/10/06 - 16:18:01 | 200 |     70.7212ms |       127.0.0.1 | POST     "/v1/atomic-pool"
[GIN] 2021/10/06 - 16:18:01 | 200 |      2.8329ms |       127.0.0.1 | GET      "/v1/transactions-pool/0x0253590a5d6700cb37a4748c59f3f38f0437efeccf981e5d5ec9bc8788c50616ed"
[GIN] 2021/10/06 - 16:18:01 | 200 |      3.0555ms |       127.0.0.1 | GET      "/v1/transactions-pool/0x026e9d3c5c82307ea1dbed3a64ad0214e4bcfef37ece9744f8c52b5d1a865745be"
[GIN] 2021/10/06 - 16:18:01 | 200 |      3.0406ms |       127.0.0.1 | GET      "/v1/transactions-pool/0x028fc2138b9ac73fef3430544b20db1d2f8013ca178e84d68afe5045f7953feccf"
[GIN] 2021/10/06 - 16:18:01 | 200 |       2.909ms |       127.0.0.1 | GET      "/v1/transactions-pool/0x02656fcb76d0a2c4281a424a3990b7214dd8bdbfb12fab6b6e3f045334ce0f18be"
[GIN] 2021/10/06 - 16:18:01 | 200 |      4.3582ms |       127.0.0.1 | GET      "/v1/atomic-pool/0x4b9a1e034e79c2699df548a9febc19b8861b2832a35b09f7a9c7090853c274d1"
2021-10-06T16:18:01-03:00	[33mWARN[0m	api/handlers.go:62	HTTP API Bad request error	{"err": "invalid atomicGroupId"}
[GIN] 2021/10/06 - 16:18:01 | 400 |       1.039ms |       127.0.0.1 | POST     "/v1/atomic-pool"
2021-10-06T16:18:01-03:00	[33mWARN[0m	api/handlers.go:62	HTTP API Bad request error	{"err": "there is at least one transaction in the payload that could be forged without the others"}
[GIN] 2021/10/06 - 16:18:01 | 400 |     16.3181ms |       127.0.0.1 | POST     "/v1/atomic-pool"
2021-10-06T16:18:01-03:00	[33mWARN[0m	api/handlers.go:62	HTTP API Bad request error	{"err": "there is at least one transaction in the payload that could be forged without the others"}
[GIN] 2021/10/06 - 16:18:01 | 400 |     58.7381ms |       127.0.0.1 | POST     "/v1/atomic-pool"
--- PASS: TestAtomicPool (0.54s)
=== RUN   TestIsAtomic
--- PASS: TestIsAtomic (0.00s)
=== RUN   TestGetBatches
[GIN] 2021/10/06 - 16:18:01 | 200 |      2.4396ms |       127.0.0.1 | GET      "/v1/batches?limit=3&order=ASC"
[GIN] 2021/10/06 - 16:18:01 | 200 |      3.0968ms |       127.0.0.1 | GET      "/v1/batches?limit=3&fromItem=4&order=ASC"
[GIN] 2021/10/06 - 16:18:01 | 200 |      3.3161ms |       127.0.0.1 | GET      "/v1/batches?limit=3&fromItem=7&order=ASC"
[GIN] 2021/10/06 - 16:18:01 | 200 |      2.8106ms |       127.0.0.1 | GET      "/v1/batches?limit=3&fromItem=10&order=ASC"
[GIN] 2021/10/06 - 16:18:01 | 200 |      2.9658ms |       127.0.0.1 | GET      "/v1/batches?minBatchNum=7&limit=2&order=ASC"
[GIN] 2021/10/06 - 16:18:01 | 200 |      2.8392ms |       127.0.0.1 | GET      "/v1/batches?minBatchNum=7&limit=2&fromItem=10&order=ASC"
[GIN] 2021/10/06 - 16:18:01 | 200 |      2.6599ms |       127.0.0.1 | GET      "/v1/batches?minBatchNum=7&limit=2&fromItem=12&order=ASC"
[GIN] 2021/10/06 - 16:18:01 | 200 |      2.4298ms |       127.0.0.1 | GET      "/v1/batches?maxBatchNum=7&limit=1&order=ASC"
[GIN] 2021/10/06 - 16:18:01 | 200 |       3.189ms |       127.0.0.1 | GET      "/v1/batches?maxBatchNum=7&limit=1&fromItem=2&order=ASC"
[GIN] 2021/10/06 - 16:18:01 | 200 |      2.7554ms |       127.0.0.1 | GET      "/v1/batches?maxBatchNum=7&limit=1&fromItem=3&order=ASC"
[GIN] 2021/10/06 - 16:18:01 | 200 |      2.8756ms |       127.0.0.1 | GET      "/v1/batches?maxBatchNum=7&limit=1&fromItem=4&order=ASC"
[GIN] 2021/10/06 - 16:18:01 | 200 |      3.0039ms |       127.0.0.1 | GET      "/v1/batches?maxBatchNum=7&limit=1&fromItem=5&order=ASC"
[GIN] 2021/10/06 - 16:18:01 | 200 |      2.6798ms |       127.0.0.1 | GET      "/v1/batches?maxBatchNum=7&limit=1&fromItem=6&order=ASC"
[GIN] 2021/10/06 - 16:18:01 | 200 |      3.1125ms |       127.0.0.1 | GET      "/v1/batches?slotNum=0&limit=5&order=ASC"
[GIN] 2021/10/06 - 16:18:01 | 200 |      3.7362ms |       127.0.0.1 | GET      "/v1/batches?slotNum=0&limit=5&fromItem=6&order=ASC"
[GIN] 2021/10/06 - 16:18:01 | 200 |      2.7068ms |       127.0.0.1 | GET      "/v1/batches?slotNum=0&limit=5&fromItem=11&order=ASC"
[GIN] 2021/10/06 - 16:18:01 | 200 |      4.2875ms |       127.0.0.1 | GET      "/v1/batches?forgerAddr=0xE39fEc6224708f0772D2A74fd3f9055A90E0A9f2&limit=10&order=ASC"
[GIN] 2021/10/06 - 16:18:01 | 200 |      3.2087ms |       127.0.0.1 | GET      "/v1/batches?forgerAddr=0xE39fEc6224708f0772D2A74fd3f9055A90E0A9f2&limit=10&fromItem=11&order=ASC"
[GIN] 2021/10/06 - 16:18:01 | 200 |      2.7902ms |       127.0.0.1 | GET      "/v1/batches?limit=6&order=DESC"
[GIN] 2021/10/06 - 16:18:01 | 200 |      3.7309ms |       127.0.0.1 | GET      "/v1/batches?limit=6&fromItem=6&order=DESC"
[GIN] 2021/10/06 - 16:18:01 | 200 |       2.636ms |       127.0.0.1 | GET      "/v1/batches?minBatchNum=4&maxBatchNum=10&limit=1&order=ASC"
[GIN] 2021/10/06 - 16:18:01 | 200 |      2.6028ms |       127.0.0.1 | GET      "/v1/batches?minBatchNum=4&maxBatchNum=10&limit=1&fromItem=6&order=ASC"
[GIN] 2021/10/06 - 16:18:01 | 200 |      2.7493ms |       127.0.0.1 | GET      "/v1/batches?minBatchNum=4&maxBatchNum=10&limit=1&fromItem=7&order=ASC"
[GIN] 2021/10/06 - 16:18:01 | 200 |      2.9116ms |       127.0.0.1 | GET      "/v1/batches?minBatchNum=4&maxBatchNum=10&limit=1&fromItem=8&order=ASC"
[GIN] 2021/10/06 - 16:18:01 | 200 |      2.6716ms |       127.0.0.1 | GET      "/v1/batches?minBatchNum=4&maxBatchNum=10&limit=1&fromItem=9&order=ASC"
[GIN] 2021/10/06 - 16:18:01 | 200 |      2.4492ms |       127.0.0.1 | GET      "/v1/batches?slotNum=1&minBatchNum=25&order=ASC"
2021-10-06T16:18:01-03:00	[33mWARN[0m	api/api_test.go:843	The request does not match the API spec
2021-10-06T16:18:01-03:00	[33mWARN[0m	api/handlers.go:62	HTTP API Bad request error	{"err": "strconv.ParseUint: parsing \"-2\": invalid syntax"}
[GIN] 2021/10/06 - 16:18:01 | 400 |       243.6µs |       127.0.0.1 | GET      "/v1/batches?minBatchNum=-2"
2021-10-06T16:18:01-03:00	[33mWARN[0m	api/api_test.go:843	The request does not match the API spec
2021-10-06T16:18:01-03:00	[33mWARN[0m	api/handlers.go:62	HTTP API Bad request error	{"err": "hex string has length 8, want 40 for Address"}
[GIN] 2021/10/06 - 16:18:01 | 400 |         350µs |       127.0.0.1 | GET      "/v1/batches?forgerAddr=0xG0000001"
--- PASS: TestGetBatches (0.14s)
=== RUN   TestGetBatch
[GIN] 2021/10/06 - 16:18:01 | 200 |      2.7487ms |       127.0.0.1 | GET      "/v1/batches/1"
[GIN] 2021/10/06 - 16:18:01 | 200 |      2.6549ms |       127.0.0.1 | GET      "/v1/batches/2"
[GIN] 2021/10/06 - 16:18:01 | 200 |      2.8715ms |       127.0.0.1 | GET      "/v1/batches/3"
[GIN] 2021/10/06 - 16:18:01 | 200 |       2.821ms |       127.0.0.1 | GET      "/v1/batches/4"
[GIN] 2021/10/06 - 16:18:01 | 200 |      2.6317ms |       127.0.0.1 | GET      "/v1/batches/5"
[GIN] 2021/10/06 - 16:18:01 | 200 |      2.3724ms |       127.0.0.1 | GET      "/v1/batches/6"
[GIN] 2021/10/06 - 16:18:01 | 200 |      2.6595ms |       127.0.0.1 | GET      "/v1/batches/7"
[GIN] 2021/10/06 - 16:18:01 | 200 |      2.4687ms |       127.0.0.1 | GET      "/v1/batches/8"
[GIN] 2021/10/06 - 16:18:01 | 200 |      2.7176ms |       127.0.0.1 | GET      "/v1/batches/9"
[GIN] 2021/10/06 - 16:18:01 | 200 |      2.6579ms |       127.0.0.1 | GET      "/v1/batches/10"
[GIN] 2021/10/06 - 16:18:01 | 200 |      2.3012ms |       127.0.0.1 | GET      "/v1/batches/11"
[GIN] 2021/10/06 - 16:18:01 | 200 |      2.4711ms |       127.0.0.1 | GET      "/v1/batches/12"
2021-10-06T16:18:01-03:00	[33mWARN[0m	api/api_test.go:843	The request does not match the API spec
2021-10-06T16:18:01-03:00	[33mWARN[0m	api/handlers.go:62	HTTP API Bad request error	{"err": "strconv.ParseUint: parsing \"foo\": invalid syntax"}
[GIN] 2021/10/06 - 16:18:01 | 400 |       282.5µs |       127.0.0.1 | GET      "/v1/batches/foo"
2021-10-06T16:18:01-03:00	[33mWARN[0m	api/handlers.go:20	HTTP API SQL request error: sql: no rows in result set
/mnt/d/github.com/hermeznetwork/hermez-node/db/historydb/apiqueries.go:60 github.com/hermeznetwork/hermez-node/db/historydb.(*HistoryDB).getBatchAPI()
/mnt/d/github.com/hermeznetwork/hermez-node/db/historydb/apiqueries.go:40 github.com/hermeznetwork/hermez-node/db/historydb.(*HistoryDB).GetBatchAPI()
/mnt/d/github.com/hermeznetwork/hermez-node/api/batch.go:56 github.com/hermeznetwork/hermez-node/api.(*API).getBatch()
/home/tclemos/go/pkg/mod/github.com/gin-gonic/gin@v1.7.2/context.go:165 github.com/gin-gonic/gin.(*Context).Next()
/mnt/d/github.com/hermeznetwork/hermez-node/metric/request.go:69 github.com/hermeznetwork/hermez-node/metric.(*Prometheus).Middleware.func1()
/home/tclemos/go/pkg/mod/github.com/gin-gonic/gin@v1.7.2/context.go:165 github.com/gin-gonic/gin.(*Context).Next()
/home/tclemos/go/pkg/mod/github.com/gin-gonic/gin@v1.7.2/recovery.go:99 github.com/gin-gonic/gin.CustomRecoveryWithWriter.func1()
/home/tclemos/go/pkg/mod/github.com/gin-gonic/gin@v1.7.2/context.go:165 github.com/gin-gonic/gin.(*Context).Next()
/home/tclemos/go/pkg/mod/github.com/gin-gonic/gin@v1.7.2/logger.go:241 github.com/gin-gonic/gin.LoggerWithConfig.func1()
/home/tclemos/go/pkg/mod/github.com/gin-gonic/gin@v1.7.2/context.go:165 github.com/gin-gonic/gin.(*Context).Next()
/home/tclemos/go/pkg/mod/github.com/gin-gonic/gin@v1.7.2/gin.go:489 github.com/gin-gonic/gin.(*Engine).handleHTTPRequest()
/home/tclemos/go/pkg/mod/github.com/gin-gonic/gin@v1.7.2/gin.go:445 github.com/gin-gonic/gin.(*Engine).ServeHTTP()
/usr/local/go/src/net/http/server.go:2867 net/http.serverHandler.ServeHTTP()
/usr/local/go/src/net/http/server.go:1932 net/http.(*conn).serve()

	{"err": "sql: no rows in result set"}
[GIN] 2021/10/06 - 16:18:01 | 404 |      2.5968ms |       127.0.0.1 | GET      "/v1/batches/99999"
--- PASS: TestGetBatch (0.05s)
=== RUN   TestGetFullBatch
[GIN] 2021/10/06 - 16:18:01 | 200 |       6.257ms |       127.0.0.1 | GET      "/v1/full-batches/1"
[GIN] 2021/10/06 - 16:18:01 | 200 |      5.9245ms |       127.0.0.1 | GET      "/v1/full-batches/2"
[GIN] 2021/10/06 - 16:18:01 | 200 |       5.903ms |       127.0.0.1 | GET      "/v1/full-batches/3"
[GIN] 2021/10/06 - 16:18:01 | 200 |      5.4465ms |       127.0.0.1 | GET      "/v1/full-batches/4"
[GIN] 2021/10/06 - 16:18:01 | 200 |      5.2701ms |       127.0.0.1 | GET      "/v1/full-batches/5"
[GIN] 2021/10/06 - 16:18:01 | 200 |       5.077ms |       127.0.0.1 | GET      "/v1/full-batches/6"
[GIN] 2021/10/06 - 16:18:01 | 200 |      6.8057ms |       127.0.0.1 | GET      "/v1/full-batches/7"
[GIN] 2021/10/06 - 16:18:01 | 200 |      6.9108ms |       127.0.0.1 | GET      "/v1/full-batches/8"
[GIN] 2021/10/06 - 16:18:01 | 200 |      8.0536ms |       127.0.0.1 | GET      "/v1/full-batches/9"
[GIN] 2021/10/06 - 16:18:01 | 200 |     15.7475ms |       127.0.0.1 | GET      "/v1/full-batches/10"
[GIN] 2021/10/06 - 16:18:01 | 200 |      4.1832ms |       127.0.0.1 | GET      "/v1/full-batches/11"
[GIN] 2021/10/06 - 16:18:01 | 200 |      4.5628ms |       127.0.0.1 | GET      "/v1/full-batches/12"
2021-10-06T16:18:01-03:00	[33mWARN[0m	api/api_test.go:843	The request does not match the API spec
2021-10-06T16:18:01-03:00	[33mWARN[0m	api/handlers.go:62	HTTP API Bad request error	{"err": "strconv.ParseUint: parsing \"foo\": invalid syntax"}
[GIN] 2021/10/06 - 16:18:01 | 400 |       269.3µs |       127.0.0.1 | GET      "/v1/full-batches/foo"
2021-10-06T16:18:01-03:00	[33mWARN[0m	api/handlers.go:20	HTTP API SQL request error: sql: no rows in result set
/mnt/d/github.com/hermeznetwork/hermez-node/db/historydb/apiqueries.go:60 github.com/hermeznetwork/hermez-node/db/historydb.(*HistoryDB).getBatchAPI()
/mnt/d/github.com/hermeznetwork/hermez-node/db/historydb/apiqueries.go:40 github.com/hermeznetwork/hermez-node/db/historydb.(*HistoryDB).GetBatchAPI()
/mnt/d/github.com/hermeznetwork/hermez-node/api/batch.go:82 github.com/hermeznetwork/hermez-node/api.(*API).getFullBatch()
/home/tclemos/go/pkg/mod/github.com/gin-gonic/gin@v1.7.2/context.go:165 github.com/gin-gonic/gin.(*Context).Next()
/mnt/d/github.com/hermeznetwork/hermez-node/metric/request.go:69 github.com/hermeznetwork/hermez-node/metric.(*Prometheus).Middleware.func1()
/home/tclemos/go/pkg/mod/github.com/gin-gonic/gin@v1.7.2/context.go:165 github.com/gin-gonic/gin.(*Context).Next()
/home/tclemos/go/pkg/mod/github.com/gin-gonic/gin@v1.7.2/recovery.go:99 github.com/gin-gonic/gin.CustomRecoveryWithWriter.func1()
/home/tclemos/go/pkg/mod/github.com/gin-gonic/gin@v1.7.2/context.go:165 github.com/gin-gonic/gin.(*Context).Next()
/home/tclemos/go/pkg/mod/github.com/gin-gonic/gin@v1.7.2/logger.go:241 github.com/gin-gonic/gin.LoggerWithConfig.func1()
/home/tclemos/go/pkg/mod/github.com/gin-gonic/gin@v1.7.2/context.go:165 github.com/gin-gonic/gin.(*Context).Next()
/home/tclemos/go/pkg/mod/github.com/gin-gonic/gin@v1.7.2/gin.go:489 github.com/gin-gonic/gin.(*Engine).handleHTTPRequest()
/home/tclemos/go/pkg/mod/github.com/gin-gonic/gin@v1.7.2/gin.go:445 github.com/gin-gonic/gin.(*Engine).ServeHTTP()
/usr/local/go/src/net/http/server.go:2867 net/http.serverHandler.ServeHTTP()
/usr/local/go/src/net/http/server.go:1932 net/http.(*conn).serve()

	{"err": "sql: no rows in result set"}
[GIN] 2021/10/06 - 16:18:01 | 404 |      2.8683ms |       127.0.0.1 | GET      "/v1/full-batches/99999"
--- PASS: TestGetFullBatch (0.14s)
=== RUN   TestGetBids
[GIN] 2021/10/06 - 16:18:01 | 200 |      3.4703ms |       127.0.0.1 | GET      "/v1/bids?bidderAddr=0x0000000000000000000000000000000000000000&limit=3&order=ASC"
[GIN] 2021/10/06 - 16:18:01 | 200 |      3.3353ms |       127.0.0.1 | GET      "/v1/bids?bidderAddr=0x0000000000000000000000000000000000000000&limit=3&fromItem=4&order=ASC"
[GIN] 2021/10/06 - 16:18:01 | 200 |      2.6646ms |       127.0.0.1 | GET      "/v1/bids?slotNum=7&limit=3&order=ASC"
[GIN] 2021/10/06 - 16:18:01 | 200 |      2.4821ms |       127.0.0.1 | GET      "/v1/bids?slotNum=7&limit=3&order=DESC"
[GIN] 2021/10/06 - 16:18:01 | 200 |      2.7376ms |       127.0.0.1 | GET      "/v1/bids?bidderAddr=0x0000000000000000000000000000000000000000&slotNum=4&limit=3&order=ASC"
[GIN] 2021/10/06 - 16:18:01 | 200 |       2.668ms |       127.0.0.1 | GET      "/v1/bids?slotNum=5&bidderAddr=0x0000000000000000000000000000000000000000&order=ASC"
2021-10-06T16:18:01-03:00	[33mWARN[0m	api/handlers.go:62	HTTP API Bad request error	{"err": "Key: 'BidsFilters.slotNum' Error:Field validation for 'slotNum' failed on the 'slotnumorbidderaddress' tag\nKey: 'BidsFilters.bidderAddr' Error:Field validation for 'bidderAddr' failed on the 'slotnumorbidderaddress' tag"}
[GIN] 2021/10/06 - 16:18:01 | 400 |       460.5µs |       127.0.0.1 | GET      "/v1/bids?limit=3"
2021-10-06T16:18:01-03:00	[33mWARN[0m	api/api_test.go:843	The request does not match the API spec
2021-10-06T16:18:01-03:00	[33mWARN[0m	api/handlers.go:62	HTTP API Bad request error	{"err": "Key: 'BidsFilters.SlotNum' Error:Field validation for 'SlotNum' failed on the 'min' tag"}
[GIN] 2021/10/06 - 16:18:01 | 400 |       351.5µs |       127.0.0.1 | GET      "/v1/bids?slotNum=-2"
2021-10-06T16:18:01-03:00	[33mWARN[0m	api/api_test.go:843	The request does not match the API spec
2021-10-06T16:18:01-03:00	[33mWARN[0m	api/handlers.go:62	HTTP API Bad request error	{"err": "hex string has length 8, want 40 for Address"}
[GIN] 2021/10/06 - 16:18:01 | 400 |       385.4µs |       127.0.0.1 | GET      "/v1/bids?bidderAddr=0xG0000001"
--- PASS: TestGetBids (0.03s)
=== RUN   TestGetConfig
[GIN] 2021/10/06 - 16:18:01 | 200 |       570.9µs |       127.0.0.1 | GET      "/v1/config"
--- PASS: TestGetConfig (0.00s)
=== RUN   TestGetCoordinators
[GIN] 2021/10/06 - 16:18:01 | 200 |      2.1029ms |       127.0.0.1 | GET      "/v1/coordinators?limit=5&order=ASC"
[GIN] 2021/10/06 - 16:18:01 | 200 |      2.7687ms |       127.0.0.1 | GET      "/v1/coordinators?limit=5&fromItem=7&order=ASC"
[GIN] 2021/10/06 - 16:18:01 | 200 |      1.6944ms |       127.0.0.1 | GET      "/v1/coordinators?limit=5&order=DESC"
[GIN] 2021/10/06 - 16:18:01 | 200 |      2.5874ms |       127.0.0.1 | GET      "/v1/coordinators?limit=5&fromItem=6&order=DESC"
[GIN] 2021/10/06 - 16:18:01 | 200 |      2.6709ms |       127.0.0.1 | GET      "/v1/coordinators?limit=5&bidderAddr=0x0000000000000000000000000000000000000001&order=ASC"
[GIN] 2021/10/06 - 16:18:01 | 200 |      2.3725ms |       127.0.0.1 | GET      "/v1/coordinators?limit=5&forgerAddr=0x0000000000000000000000000000000000000001&order=ASC"
[GIN] 2021/10/06 - 16:18:01 | 200 |      2.4873ms |       127.0.0.1 | GET      "/v1/coordinators?limit=5&bidderAddr=0x0000000000000000000000000000000000000002&order=ASC"
[GIN] 2021/10/06 - 16:18:01 | 200 |      2.3995ms |       127.0.0.1 | GET      "/v1/coordinators?limit=5&forgerAddr=0x0000000000000000000000000000000000000002&order=ASC"
[GIN] 2021/10/06 - 16:18:01 | 200 |      2.4039ms |       127.0.0.1 | GET      "/v1/coordinators?limit=5&bidderAddr=0x0000000000000000000000000000000000000003&order=ASC"
[GIN] 2021/10/06 - 16:18:01 | 200 |       2.371ms |       127.0.0.1 | GET      "/v1/coordinators?limit=5&forgerAddr=0x0000000000000000000000000000000000000003&order=ASC"
[GIN] 2021/10/06 - 16:18:01 | 200 |      2.5112ms |       127.0.0.1 | GET      "/v1/coordinators?limit=5&bidderAddr=0x0000000000000000000000000000000000000004&order=ASC"
[GIN] 2021/10/06 - 16:18:01 | 200 |      2.4418ms |       127.0.0.1 | GET      "/v1/coordinators?limit=5&forgerAddr=0x0000000000000000000000000000000000000004&order=ASC"
[GIN] 2021/10/06 - 16:18:01 | 200 |      2.4642ms |       127.0.0.1 | GET      "/v1/coordinators?limit=5&bidderAddr=0x0000000000000000000000000000000000000005&order=ASC"
[GIN] 2021/10/06 - 16:18:01 | 200 |      2.2377ms |       127.0.0.1 | GET      "/v1/coordinators?limit=5&forgerAddr=0x0000000000000000000000000000000000000005&order=ASC"
[GIN] 2021/10/06 - 16:18:01 | 200 |      2.5839ms |       127.0.0.1 | GET      "/v1/coordinators?limit=5&bidderAddr=0x0000000000000000000000000000000000000006&order=ASC"
[GIN] 2021/10/06 - 16:18:01 | 200 |      2.7981ms |       127.0.0.1 | GET      "/v1/coordinators?limit=5&forgerAddr=0x0000000000000000000000000000000000000006&order=ASC"
[GIN] 2021/10/06 - 16:18:01 | 200 |      2.4933ms |       127.0.0.1 | GET      "/v1/coordinators?limit=5&bidderAddr=0x0000000000000000000000000000000000000007&order=ASC"
[GIN] 2021/10/06 - 16:18:01 | 200 |      2.7015ms |       127.0.0.1 | GET      "/v1/coordinators?limit=5&forgerAddr=0x0000000000000000000000000000000000000007&order=ASC"
[GIN] 2021/10/06 - 16:18:01 | 200 |      2.3949ms |       127.0.0.1 | GET      "/v1/coordinators?limit=5&bidderAddr=0x0000000000000000000000000000000000000008&order=ASC"
[GIN] 2021/10/06 - 16:18:02 | 200 |      2.1767ms |       127.0.0.1 | GET      "/v1/coordinators?limit=5&forgerAddr=0x0000000000000000000000000000000000000008&order=ASC"
[GIN] 2021/10/06 - 16:18:02 | 200 |      2.4954ms |       127.0.0.1 | GET      "/v1/coordinators?limit=5&bidderAddr=0x0000000000000000000000000000000000000009&order=ASC"
[GIN] 2021/10/06 - 16:18:02 | 200 |      2.5882ms |       127.0.0.1 | GET      "/v1/coordinators?limit=5&forgerAddr=0x0000000000000000000000000000000000000009&order=ASC"
[GIN] 2021/10/06 - 16:18:02 | 200 |      2.5415ms |       127.0.0.1 | GET      "/v1/coordinators?limit=5&bidderAddr=0x0000000000000000000000000000000000000000&order=ASC"
[GIN] 2021/10/06 - 16:18:02 | 200 |      2.3474ms |       127.0.0.1 | GET      "/v1/coordinators?limit=5&forgerAddr=0x0000000000000000000000000000000000000000&order=ASC"
[GIN] 2021/10/06 - 16:18:02 | 200 |      2.6385ms |       127.0.0.1 | GET      "/v1/coordinators?bidderAddr=0xaa942cfcd25ad4d90a62358b0dd84f33b398262a&order=DESC"
2021-10-06T16:18:02-03:00	[33mWARN[0m	api/api_test.go:843	The request does not match the API spec
2021-10-06T16:18:02-03:00	[33mWARN[0m	api/handlers.go:62	HTTP API Bad request error	{"err": "hex string of odd length"}
[GIN] 2021/10/06 - 16:18:02 | 400 |       437.2µs |       127.0.0.1 | GET      "/v1/coordinators?bidderAddr=0x001"
--- PASS: TestGetCoordinators (0.10s)
=== RUN   TestGetExits
[GIN] 2021/10/06 - 16:18:02 | 200 |      3.1068ms |       127.0.0.1 | GET      "/v1/exits?limit=8&order=ASC"
[GIN] 2021/10/06 - 16:18:02 | 200 |      3.0985ms |       127.0.0.1 | GET      "/v1/exits?hezEthereumAddress=hez:0x7E5F4552091A69125d5DfCb7b8C2659029395Bdf&limit=7&order=ASC"
[GIN] 2021/10/06 - 16:18:02 | 200 |      3.4711ms |       127.0.0.1 | GET      "/v1/exits?BJJ=hez:gJwTT11P2C5KP-vnh6fBcGEh-LfKMVqd-4kYk4lKzB_6&limit=6&order=ASC"
[GIN] 2021/10/06 - 16:18:02 | 200 |      3.6219ms |       127.0.0.1 | GET      "/v1/exits?tokenId=0&limit=5&order=ASC"
[GIN] 2021/10/06 - 16:18:02 | 200 |      3.2294ms |       127.0.0.1 | GET      "/v1/exits?accountIndex=hez:ETH:259&limit=4&order=ASC"
[GIN] 2021/10/06 - 16:18:02 | 200 |       3.106ms |       127.0.0.1 | GET      "/v1/exits?batchNum=8&limit=3&order=ASC"
[GIN] 2021/10/06 - 16:18:02 | 200 |      2.5672ms |       127.0.0.1 | GET      "/v1/exits?&onlyPendingWithdraws=true&limit=7&order=ASC"
[GIN] 2021/10/06 - 16:18:02 | 200 |      2.8734ms |       127.0.0.1 | GET      "/v1/exits?batchNum=8&tokeId=0&limit=1&order=ASC"
[GIN] 2021/10/06 - 16:18:02 | 200 |      2.3588ms |       127.0.0.1 | GET      "/v1/exits?limit=5&order=DESC"
[GIN] 2021/10/06 - 16:18:02 | 200 |      2.5714ms |       127.0.0.1 | GET      "/v1/exits?batchNum=999999&order=DESC"
2021-10-06T16:18:02-03:00	[33mWARN[0m	api/handlers.go:62	HTTP API Bad request error	{"err": "Key: 'ExitsFilters.accountIndex' Error:Field validation for 'accountIndex' failed on the 'onlyaccountindex' tag\nKey: 'ExitsFilters.hezEthereumAddress' Error:Field validation for 'hezEthereumAddress' failed on the 'onlyaccountindex' tag\nKey: 'ExitsFilters.BJJ' Error:Field validation for 'BJJ' failed on the 'onlyaccountindex' tag\nKey: 'ExitsFilters.tokenId' Error:Field validation for 'tokenId' failed on the 'onlyaccountindex' tag"}
[GIN] 2021/10/06 - 16:18:02 | 400 |       577.9µs |       127.0.0.1 | GET      "/v1/exits?accountIndex=hez:ETH:259&hezEthereumAddress=hez:0x7E5F4552091A69125d5DfCb7b8C2659029395Bdf"
2021-10-06T16:18:02-03:00	[33mWARN[0m	api/api_test.go:843	The request does not match the API spec
2021-10-06T16:18:02-03:00	[33mWARN[0m	api/handlers.go:62	HTTP API Bad request error	{"err": "strconv.ParseUint: parsing \"X\": invalid syntax"}
[GIN] 2021/10/06 - 16:18:02 | 400 |       221.6µs |       127.0.0.1 | GET      "/v1/exits?tokenId=X"
--- PASS: TestGetExits (0.05s)
=== RUN   TestGetExit
[GIN] 2021/10/06 - 16:18:02 | 200 |      3.0212ms |       127.0.0.1 | GET      "/v1/exits/8/hez:ETH:259"
[GIN] 2021/10/06 - 16:18:02 | 200 |       2.776ms |       127.0.0.1 | GET      "/v1/exits/9/hez:ETH:262"
2021-10-06T16:18:02-03:00	[33mWARN[0m	api/handlers.go:62	HTTP API Bad request error	{"err": "invalid accountIndex, must follow this: hez:<tokenSymbol>:index"}
[GIN] 2021/10/06 - 16:18:02 | 400 |       364.9µs |       127.0.0.1 | GET      "/v1/exits/1/haz:BOOM:1"
2021-10-06T16:18:02-03:00	[33mWARN[0m	api/api_test.go:843	The request does not match the API spec
2021-10-06T16:18:02-03:00	[33mWARN[0m	api/handlers.go:62	HTTP API Bad request error	{"err": "strconv.ParseUint: parsing \"-1\": invalid syntax"}
[GIN] 2021/10/06 - 16:18:02 | 400 |       213.3µs |       127.0.0.1 | GET      "/v1/exits/-1/hez:BOOM:1"
2021-10-06T16:18:02-03:00	[33mWARN[0m	api/handlers.go:20	HTTP API SQL request error: sql: no rows in result set
/mnt/d/github.com/hermeznetwork/hermez-node/db/historydb/apiqueries.go:770 github.com/hermeznetwork/hermez-node/db/historydb.(*HistoryDB).GetExitAPI()
/mnt/d/github.com/hermeznetwork/hermez-node/api/exits.go:53 github.com/hermeznetwork/hermez-node/api.(*API).getExit()
/home/tclemos/go/pkg/mod/github.com/gin-gonic/gin@v1.7.2/context.go:165 github.com/gin-gonic/gin.(*Context).Next()
/mnt/d/github.com/hermeznetwork/hermez-node/metric/request.go:69 github.com/hermeznetwork/hermez-node/metric.(*Prometheus).Middleware.func1()
/home/tclemos/go/pkg/mod/github.com/gin-gonic/gin@v1.7.2/context.go:165 github.com/gin-gonic/gin.(*Context).Next()
/home/tclemos/go/pkg/mod/github.com/gin-gonic/gin@v1.7.2/recovery.go:99 github.com/gin-gonic/gin.CustomRecoveryWithWriter.func1()
/home/tclemos/go/pkg/mod/github.com/gin-gonic/gin@v1.7.2/context.go:165 github.com/gin-gonic/gin.(*Context).Next()
/home/tclemos/go/pkg/mod/github.com/gin-gonic/gin@v1.7.2/logger.go:241 github.com/gin-gonic/gin.LoggerWithConfig.func1()
/home/tclemos/go/pkg/mod/github.com/gin-gonic/gin@v1.7.2/context.go:165 github.com/gin-gonic/gin.(*Context).Next()
/home/tclemos/go/pkg/mod/github.com/gin-gonic/gin@v1.7.2/gin.go:489 github.com/gin-gonic/gin.(*Engine).handleHTTPRequest()
/home/tclemos/go/pkg/mod/github.com/gin-gonic/gin@v1.7.2/gin.go:445 github.com/gin-gonic/gin.(*Engine).ServeHTTP()
/usr/local/go/src/net/http/server.go:2867 net/http.serverHandler.ServeHTTP()
/usr/local/go/src/net/http/server.go:1932 net/http.(*conn).serve()

	{"err": "sql: no rows in result set"}
[GIN] 2021/10/06 - 16:18:02 | 404 |      2.6144ms |       127.0.0.1 | GET      "/v1/exits/494/hez:XXX:1"
--- PASS: TestGetExit (0.01s)
=== RUN   TestFiat
2021-10-06T16:18:02-03:00	[34mINFO[0m	db/utils.go:61	successfully ran 0 migrations Up
[GIN-debug] redirecting request 301: /v1/currencies --> /v1/currencies
[GIN] 2021/10/06 - 16:18:02 | 200 |      2.0019ms |       127.0.0.1 | GET      "/v1/currencies"
[GIN-debug] redirecting request 301: /v1/currencies --> /v1/currencies?symbols=EUR
[GIN] 2021/10/06 - 16:18:02 | 200 |      2.5606ms |       127.0.0.1 | GET      "/v1/currencies?symbols=EUR"
[GIN] 2021/10/06 - 16:18:02 | 200 |      2.1076ms |       127.0.0.1 | GET      "/v1/currencies/EUR"
--- PASS: TestFiat (0.17s)
=== RUN   TestHealth
[GIN] 2021/10/06 - 16:18:02 | 200 |      4.2114ms |       127.0.0.1 | GET      "/v1/health"
--- PASS: TestHealth (0.01s)
=== RUN   TestNoRouteVersionNotProvided
[GIN] 2021/10/06 - 16:18:02 | 404 |       177.4µs |       127.0.0.1 | GET      "/"
--- PASS: TestNoRouteVersionNotProvided (0.00s)
=== RUN   TestNoRoute
[GIN] 2021/10/06 - 16:18:02 | 404 |       137.9µs |       127.0.0.1 | GET      "/v1/"
--- PASS: TestNoRoute (0.00s)
=== RUN   TestGetSlot
[GIN] 2021/10/06 - 16:18:02 | 200 |       5.499ms |       127.0.0.1 | GET      "/v1/slots/0"
[GIN] 2021/10/06 - 16:18:02 | 200 |      5.2152ms |       127.0.0.1 | GET      "/v1/slots/1"
[GIN] 2021/10/06 - 16:18:02 | 200 |      4.8228ms |       127.0.0.1 | GET      "/v1/slots/2"
[GIN] 2021/10/06 - 16:18:02 | 200 |      4.7438ms |       127.0.0.1 | GET      "/v1/slots/3"
[GIN] 2021/10/06 - 16:18:02 | 200 |      5.7404ms |       127.0.0.1 | GET      "/v1/slots/4"
[GIN] 2021/10/06 - 16:18:02 | 200 |      4.8947ms |       127.0.0.1 | GET      "/v1/slots/5"
[GIN] 2021/10/06 - 16:18:02 | 200 |      4.8942ms |       127.0.0.1 | GET      "/v1/slots/6"
[GIN] 2021/10/06 - 16:18:02 | 200 |      4.7156ms |       127.0.0.1 | GET      "/v1/slots/7"
[GIN] 2021/10/06 - 16:18:02 | 200 |      4.6254ms |       127.0.0.1 | GET      "/v1/slots/8"
[GIN] 2021/10/06 - 16:18:02 | 200 |      4.3526ms |       127.0.0.1 | GET      "/v1/slots/9"
[GIN] 2021/10/06 - 16:18:02 | 200 |      4.5789ms |       127.0.0.1 | GET      "/v1/slots/10"
[GIN] 2021/10/06 - 16:18:02 | 200 |      4.2201ms |       127.0.0.1 | GET      "/v1/slots/11"
[GIN] 2021/10/06 - 16:18:02 | 200 |      4.8848ms |       127.0.0.1 | GET      "/v1/slots/12"
[GIN] 2021/10/06 - 16:18:02 | 200 |      4.2755ms |       127.0.0.1 | GET      "/v1/slots/13"
[GIN] 2021/10/06 - 16:18:02 | 200 |      4.6824ms |       127.0.0.1 | GET      "/v1/slots/14"
[GIN] 2021/10/06 - 16:18:02 | 200 |      4.6214ms |       127.0.0.1 | GET      "/v1/slots/15"
[GIN] 2021/10/06 - 16:18:02 | 200 |      3.8869ms |       127.0.0.1 | GET      "/v1/slots/16"
[GIN] 2021/10/06 - 16:18:02 | 200 |      4.2771ms |       127.0.0.1 | GET      "/v1/slots/17"
[GIN] 2021/10/06 - 16:18:02 | 200 |      4.4141ms |       127.0.0.1 | GET      "/v1/slots/18"
[GIN] 2021/10/06 - 16:18:02 | 200 |      4.6313ms |       127.0.0.1 | GET      "/v1/slots/19"
[GIN] 2021/10/06 - 16:18:02 | 200 |      4.6416ms |       127.0.0.1 | GET      "/v1/slots/15"
2021-10-06T16:18:02-03:00	[33mWARN[0m	api/api_test.go:843	The request does not match the API spec
2021-10-06T16:18:02-03:00	[33mWARN[0m	api/handlers.go:62	HTTP API Bad request error	{"err": "strconv.ParseUint: parsing \"-2\": invalid syntax"}
[GIN] 2021/10/06 - 16:18:02 | 400 |       318.8µs |       127.0.0.1 | GET      "/v1/slots/-2"
--- PASS: TestGetSlot (0.12s)
=== RUN   TestGetSlots
[GIN] 2021/10/06 - 16:18:02 | 200 |      5.4046ms |       127.0.0.1 | GET      "/v1/slots?maxSlotNum=24&limit=1&order=ASC"
[GIN] 2021/10/06 - 16:18:02 | 200 |      5.4886ms |       127.0.0.1 | GET      "/v1/slots?maxSlotNum=24&limit=1&fromItem=1&order=ASC"
[GIN] 2021/10/06 - 16:18:02 | 200 |      4.8523ms |       127.0.0.1 | GET      "/v1/slots?maxSlotNum=24&limit=1&fromItem=2&order=ASC"
[GIN] 2021/10/06 - 16:18:02 | 200 |      4.8858ms |       127.0.0.1 | GET      "/v1/slots?maxSlotNum=24&limit=1&fromItem=3&order=ASC"
[GIN] 2021/10/06 - 16:18:02 | 200 |      4.8123ms |       127.0.0.1 | GET      "/v1/slots?maxSlotNum=24&limit=1&fromItem=4&order=ASC"
[GIN] 2021/10/06 - 16:18:02 | 200 |      4.7469ms |       127.0.0.1 | GET      "/v1/slots?maxSlotNum=24&limit=1&fromItem=5&order=ASC"
[GIN] 2021/10/06 - 16:18:02 | 200 |      4.6936ms |       127.0.0.1 | GET      "/v1/slots?maxSlotNum=24&limit=1&fromItem=6&order=ASC"
[GIN] 2021/10/06 - 16:18:02 | 200 |      4.9442ms |       127.0.0.1 | GET      "/v1/slots?maxSlotNum=24&limit=1&fromItem=7&order=ASC"
[GIN] 2021/10/06 - 16:18:02 | 200 |      4.4914ms |       127.0.0.1 | GET      "/v1/slots?maxSlotNum=24&limit=1&fromItem=8&order=ASC"
[GIN] 2021/10/06 - 16:18:02 | 200 |      4.7654ms |       127.0.0.1 | GET      "/v1/slots?maxSlotNum=24&limit=1&fromItem=9&order=ASC"
[GIN] 2021/10/06 - 16:18:02 | 200 |      4.8614ms |       127.0.0.1 | GET      "/v1/slots?maxSlotNum=24&limit=1&fromItem=10&order=ASC"
[GIN] 2021/10/06 - 16:18:02 | 200 |      4.5819ms |       127.0.0.1 | GET      "/v1/slots?maxSlotNum=24&limit=1&fromItem=11&order=ASC"
[GIN] 2021/10/06 - 16:18:02 | 200 |      4.7027ms |       127.0.0.1 | GET      "/v1/slots?maxSlotNum=24&limit=1&fromItem=12&order=ASC"
[GIN] 2021/10/06 - 16:18:02 | 200 |      4.7741ms |       127.0.0.1 | GET      "/v1/slots?maxSlotNum=24&limit=1&fromItem=13&order=ASC"
[GIN] 2021/10/06 - 16:18:02 | 200 |      4.4498ms |       127.0.0.1 | GET      "/v1/slots?maxSlotNum=24&limit=1&fromItem=14&order=ASC"
[GIN] 2021/10/06 - 16:18:02 | 200 |      4.7011ms |       127.0.0.1 | GET      "/v1/slots?maxSlotNum=24&limit=1&fromItem=15&order=ASC"
[GIN] 2021/10/06 - 16:18:02 | 200 |       4.563ms |       127.0.0.1 | GET      "/v1/slots?maxSlotNum=24&limit=1&fromItem=16&order=ASC"
[GIN] 2021/10/06 - 16:18:02 | 200 |      4.7062ms |       127.0.0.1 | GET      "/v1/slots?maxSlotNum=24&limit=1&fromItem=17&order=ASC"
[GIN] 2021/10/06 - 16:18:02 | 200 |      4.7817ms |       127.0.0.1 | GET      "/v1/slots?maxSlotNum=24&limit=1&fromItem=18&order=ASC"
[GIN] 2021/10/06 - 16:18:02 | 200 |      5.2603ms |       127.0.0.1 | GET      "/v1/slots?maxSlotNum=24&limit=1&fromItem=19&order=ASC"
[GIN] 2021/10/06 - 16:18:02 | 200 |      5.0771ms |       127.0.0.1 | GET      "/v1/slots?maxSlotNum=24&limit=1&fromItem=20&order=ASC"
[GIN] 2021/10/06 - 16:18:02 | 200 |      4.8304ms |       127.0.0.1 | GET      "/v1/slots?maxSlotNum=24&limit=1&fromItem=21&order=ASC"
[GIN] 2021/10/06 - 16:18:02 | 200 |      4.8308ms |       127.0.0.1 | GET      "/v1/slots?maxSlotNum=24&limit=1&fromItem=22&order=ASC"
[GIN] 2021/10/06 - 16:18:02 | 200 |      4.7327ms |       127.0.0.1 | GET      "/v1/slots?maxSlotNum=24&limit=1&fromItem=23&order=ASC"
[GIN] 2021/10/06 - 16:18:02 | 200 |      4.6717ms |       127.0.0.1 | GET      "/v1/slots?maxSlotNum=24&limit=1&fromItem=24&order=ASC"
[GIN] 2021/10/06 - 16:18:02 | 200 |      5.2489ms |       127.0.0.1 | GET      "/v1/slots?maxSlotNum=24&limit=3&order=DESC"
[GIN] 2021/10/06 - 16:18:02 | 200 |      4.7363ms |       127.0.0.1 | GET      "/v1/slots?maxSlotNum=24&limit=3&fromItem=21&order=DESC"
[GIN] 2021/10/06 - 16:18:02 | 200 |      5.0143ms |       127.0.0.1 | GET      "/v1/slots?maxSlotNum=24&limit=3&fromItem=18&order=DESC"
[GIN] 2021/10/06 - 16:18:02 | 200 |       5.589ms |       127.0.0.1 | GET      "/v1/slots?maxSlotNum=24&limit=3&fromItem=15&order=DESC"
[GIN] 2021/10/06 - 16:18:02 | 200 |      5.1753ms |       127.0.0.1 | GET      "/v1/slots?maxSlotNum=24&limit=3&fromItem=12&order=DESC"
[GIN] 2021/10/06 - 16:18:02 | 200 |      4.7457ms |       127.0.0.1 | GET      "/v1/slots?maxSlotNum=24&limit=3&fromItem=9&order=DESC"
[GIN] 2021/10/06 - 16:18:02 | 200 |      5.1019ms |       127.0.0.1 | GET      "/v1/slots?maxSlotNum=24&limit=3&fromItem=6&order=DESC"
[GIN] 2021/10/06 - 16:18:02 | 200 |      4.6968ms |       127.0.0.1 | GET      "/v1/slots?maxSlotNum=24&limit=3&fromItem=3&order=DESC"
[GIN] 2021/10/06 - 16:18:02 | 200 |      4.8506ms |       127.0.0.1 | GET      "/v1/slots?maxSlotNum=24&limit=3&fromItem=0&order=DESC"
[GIN] 2021/10/06 - 16:18:02 | 200 |      5.0216ms |       127.0.0.1 | GET      "/v1/slots?maxSlotNum=24&wonByEthereumAddress=0x0000000000000000000000000000000000000000&limit=1&order=ASC"
[GIN] 2021/10/06 - 16:18:02 | 200 |      5.1624ms |       127.0.0.1 | GET      "/v1/slots?maxSlotNum=24&wonByEthereumAddress=0x0000000000000000000000000000000000000000&limit=1&fromItem=4&order=ASC"
[GIN] 2021/10/06 - 16:18:02 | 200 |      5.3937ms |       127.0.0.1 | GET      "/v1/slots?maxSlotNum=24&wonByEthereumAddress=0x0000000000000000000000000000000000000000&limit=1&fromItem=5&order=ASC"
[GIN] 2021/10/06 - 16:18:02 | 200 |      5.6541ms |       127.0.0.1 | GET      "/v1/slots?maxSlotNum=24&wonByEthereumAddress=0x0000000000000000000000000000000000000000&limit=1&fromItem=7&order=ASC"
[GIN] 2021/10/06 - 16:18:02 | 200 |      4.9809ms |       127.0.0.1 | GET      "/v1/slots?maxSlotNum=24&wonByEthereumAddress=0x0000000000000000000000000000000000000000&limit=1&order=DESC"
[GIN] 2021/10/06 - 16:18:02 | 200 |      5.4421ms |       127.0.0.1 | GET      "/v1/slots?maxSlotNum=24&wonByEthereumAddress=0x0000000000000000000000000000000000000000&limit=1&fromItem=6&order=DESC"
[GIN] 2021/10/06 - 16:18:02 | 200 |      4.8638ms |       127.0.0.1 | GET      "/v1/slots?maxSlotNum=24&wonByEthereumAddress=0x0000000000000000000000000000000000000000&limit=1&fromItem=5&order=DESC"
[GIN] 2021/10/06 - 16:18:02 | 200 |      5.2922ms |       127.0.0.1 | GET      "/v1/slots?maxSlotNum=24&wonByEthereumAddress=0x0000000000000000000000000000000000000000&limit=1&fromItem=3&order=DESC"
[GIN] 2021/10/06 - 16:18:02 | 200 |     11.0543ms |       127.0.0.1 | GET      "/v1/slots?finishedAuction=true&limit=15&order=ASC"
[GIN] 2021/10/06 - 16:18:02 | 200 |       5.403ms |       127.0.0.1 | GET      "/v1/slots?maxSlotNum=18&minSlotNum=3&limit=10&order=ASC"
[GIN] 2021/10/06 - 16:18:02 | 200 |       4.899ms |       127.0.0.1 | GET      "/v1/slots?maxSlotNum=18&minSlotNum=3&limit=10&fromItem=13&order=ASC"
[GIN] 2021/10/06 - 16:18:02 | 200 |      4.8783ms |       127.0.0.1 | GET      "/v1/slots?maxSlotNum=0&minSlotNum=0&limit=15&order=ASC"
[GIN] 2021/10/06 - 16:18:02 | 200 |      4.6258ms |       127.0.0.1 | GET      "/v1/slots?maxSlotNum=24&minSlotNum=20&limit=2&order=ASC"
[GIN] 2021/10/06 - 16:18:02 | 200 |      4.8754ms |       127.0.0.1 | GET      "/v1/slots?maxSlotNum=24&minSlotNum=20&limit=2&fromItem=22&order=ASC"
[GIN] 2021/10/06 - 16:18:02 | 200 |      5.1556ms |       127.0.0.1 | GET      "/v1/slots?maxSlotNum=24&minSlotNum=20&limit=2&fromItem=24&order=ASC"
[GIN] 2021/10/06 - 16:18:02 | 200 |       4.894ms |       127.0.0.1 | GET      "/v1/slots?maxSlotNum=24&minSlotNum=20&limit=4&order=DESC"
[GIN] 2021/10/06 - 16:18:02 | 200 |      4.8352ms |       127.0.0.1 | GET      "/v1/slots?maxSlotNum=24&minSlotNum=20&limit=4&fromItem=20&order=DESC"
2021-10-06T16:18:02-03:00	[33mWARN[0m	api/handlers.go:62	HTTP API Bad request error	{"err": "Key: 'SlotsFilters.maxSlotNum' Error:Field validation for 'maxSlotNum' failed on the 'maxslotnumrequired' tag\nKey: 'SlotsFilters.finishedAuction' Error:Field validation for 'finishedAuction' failed on the 'maxslotnumrequired' tag"}
[GIN] 2021/10/06 - 16:18:02 | 400 |         556µs |       127.0.0.1 | GET      "/v1/slots?limit=4"
2021-10-06T16:18:02-03:00	[33mWARN[0m	api/api_test.go:843	The request does not match the API spec
2021-10-06T16:18:02-03:00	[33mWARN[0m	api/handlers.go:62	HTTP API Bad request error	{"err": "Key: 'SlotsFilters.MaxSlotNum' Error:Field validation for 'MaxSlotNum' failed on the 'min' tag"}
[GIN] 2021/10/06 - 16:18:02 | 400 |       353.9µs |       127.0.0.1 | GET      "/v1/slots?maxSlotNum=-2"
2021-10-06T16:18:02-03:00	[33mWARN[0m	api/api_test.go:843	The request does not match the API spec
2021-10-06T16:18:02-03:00	[33mWARN[0m	api/handlers.go:62	HTTP API Bad request error	{"err": "hex string has length 8, want 40 for Address"}
[GIN] 2021/10/06 - 16:18:02 | 400 |       265.3µs |       127.0.0.1 | GET      "/v1/slots?maxSlotNum=24&wonByEthereumAddress=0xG0000001"
2021-10-06T16:18:02-03:00	[33mWARN[0m	api/handlers.go:62	HTTP API Bad request error	{"err": "Key: 'SlotsFilters.maxSlotNum' Error:Field validation for 'maxSlotNum' failed on the 'maxslotlessthanminslot' tag\nKey: 'SlotsFilters.minSlotNum' Error:Field validation for 'minSlotNum' failed on the 'maxslotlessthanminslot' tag"}
[GIN] 2021/10/06 - 16:18:02 | 400 |       397.1µs |       127.0.0.1 | GET      "/v1/slots?maxSlotNum=1&minSlotNum=4&limit=4"
2021-10-06T16:18:02-03:00	[33mWARN[0m	api/handlers.go:20	HTTP API SQL request error	{"err": "sql: no rows in result set"}
[GIN] 2021/10/06 - 16:18:02 | 404 |      5.2779ms |       127.0.0.1 | GET      "/v1/slots?maxSlotNum=1&wonByEthereumAddress=0x0000000000000000000000000000000000000004&limit=4"
--- PASS: TestGetSlots (0.34s)
=== RUN   TestSetRollupVariables
--- PASS: TestSetRollupVariables (0.01s)
=== RUN   TestSetWDelayerVariables
--- PASS: TestSetWDelayerVariables (0.01s)
=== RUN   TestSetAuctionVariables
--- PASS: TestSetAuctionVariables (0.01s)
=== RUN   TestUpdateNetworkInfo
--- PASS: TestUpdateNetworkInfo (0.03s)
=== RUN   TestUpdateMetrics
--- PASS: TestUpdateMetrics (0.03s)
=== RUN   TestUpdateRecommendedFee
--- PASS: TestUpdateRecommendedFee (0.01s)
=== RUN   TestGetState
[GIN] 2021/10/06 - 16:18:02 | 200 |      3.8037ms |       127.0.0.1 | GET      "/v1/state"
--- PASS: TestGetState (0.04s)
=== RUN   TestGetToken
[GIN] 2021/10/06 - 16:18:02 | 200 |      2.4428ms |       127.0.0.1 | GET      "/v1/tokens/0"
[GIN] 2021/10/06 - 16:18:02 | 200 |      2.2721ms |       127.0.0.1 | GET      "/v1/tokens/1"
[GIN] 2021/10/06 - 16:18:02 | 200 |      2.0801ms |       127.0.0.1 | GET      "/v1/tokens/2"
[GIN] 2021/10/06 - 16:18:02 | 200 |      2.1419ms |       127.0.0.1 | GET      "/v1/tokens/3"
[GIN] 2021/10/06 - 16:18:02 | 200 |      2.1703ms |       127.0.0.1 | GET      "/v1/tokens/4"
[GIN] 2021/10/06 - 16:18:02 | 200 |      2.1678ms |       127.0.0.1 | GET      "/v1/tokens/5"
[GIN] 2021/10/06 - 16:18:02 | 200 |      2.2526ms |       127.0.0.1 | GET      "/v1/tokens/6"
[GIN] 2021/10/06 - 16:18:02 | 200 |      2.1732ms |       127.0.0.1 | GET      "/v1/tokens/7"
[GIN] 2021/10/06 - 16:18:02 | 200 |      2.0956ms |       127.0.0.1 | GET      "/v1/tokens/8"
--- PASS: TestGetToken (0.03s)
=== RUN   TestGetTokens
[GIN] 2021/10/06 - 16:18:02 | 200 |      2.1889ms |       127.0.0.1 | GET      "/v1/tokens?limit=8&order=ASC"
[GIN] 2021/10/06 - 16:18:02 | 200 |      2.0751ms |       127.0.0.1 | GET      "/v1/tokens?limit=8&fromItem=9&order=ASC"
[GIN] 2021/10/06 - 16:18:02 | 200 |      2.7818ms |       127.0.0.1 | GET      "/v1/tokens?ids=2|5|6&limit=7&order=ASC"
[GIN] 2021/10/06 - 16:18:02 | 200 |      2.7847ms |       127.0.0.1 | GET      "/v1/tokens?symbols=TKN1|TKN3&limit=7&order=ASC"
[GIN] 2021/10/06 - 16:18:02 | 200 |      2.5029ms |       127.0.0.1 | GET      "/v1/tokens?name=8&limit=5&order=ASC"
[GIN] 2021/10/06 - 16:18:02 | 200 |      2.7714ms |       127.0.0.1 | GET      "/v1/tokens?addresses=0x0000000000000000000000000000000000000064|0x000000000000000000000000000000000000012c&limit=7&order=ASC"
[GIN] 2021/10/06 - 16:18:02 | 200 |      3.0042ms |       127.0.0.1 | GET      "/v1/tokens?symbols=TKN2|TKN6&ids=2|5|6&addresses=0x00000000000000000000000000000000000000C8|0x0000000000000000000000000000000000000258|0x0000000000000000000000000000000000000190&limit=5&order=ASC"
[GIN] 2021/10/06 - 16:18:02 | 200 |       1.659ms |       127.0.0.1 | GET      "/v1/tokens?limit=5&order=DESC"
[GIN] 2021/10/06 - 16:18:02 | 200 |      2.5045ms |       127.0.0.1 | GET      "/v1/tokens?limit=5&fromItem=4&order=DESC"
--- PASS: TestGetTokens (0.04s)
=== RUN   TestGetHistoryTxs
[GIN] 2021/10/06 - 16:18:02 | 200 |      10.214ms |       127.0.0.1 | GET      "/v1/transactions-history?limit=20&order=ASC"
[GIN] 2021/10/06 - 16:18:02 | 200 |      9.4796ms |       127.0.0.1 | GET      "/v1/transactions-history?limit=20&fromItem=30&order=ASC"
[GIN] 2021/10/06 - 16:18:03 | 200 |      6.3579ms |       127.0.0.1 | GET      "/v1/transactions-history?limit=20&fromItem=50&order=ASC"
[GIN] 2021/10/06 - 16:18:03 | 200 |      8.9035ms |       127.0.0.1 | GET      "/v1/transactions-history?limit=20&includePendingL1s=true&order=ASC"
[GIN] 2021/10/06 - 16:18:03 | 200 |      8.9876ms |       127.0.0.1 | GET      "/v1/transactions-history?limit=20&includePendingL1s=true&fromItem=30&order=ASC"
[GIN] 2021/10/06 - 16:18:03 | 200 |      6.9975ms |       127.0.0.1 | GET      "/v1/transactions-history?limit=20&includePendingL1s=true&fromItem=50&order=ASC"
[GIN] 2021/10/06 - 16:18:03 | 200 |      5.0115ms |       127.0.0.1 | GET      "/v1/transactions-history?hezEthereumAddress=hez:0x6813Eb9362372EEF6200f3b1dbC3f819671cBA69&limit=7&order=ASC"
[GIN] 2021/10/06 - 16:18:03 | 200 |      5.6722ms |       127.0.0.1 | GET      "/v1/transactions-history?BJJ=hez:3ete0dGHv5-8A0jq0o5HbE8VUvx9FEuJbXWvVVf8ZS2T&limit=6&order=ASC"
[GIN] 2021/10/06 - 16:18:03 | 200 |      3.4836ms |       127.0.0.1 | GET      "/v1/transactions-history?BJJ=hez:3ete0dGHv5-8A0jq0o5HbE8VUvx9FEuJbXWvVVf8ZS2T&limit=6&fromItem=26&order=ASC"
[GIN] 2021/10/06 - 16:18:03 | 200 |      4.5676ms |       127.0.0.1 | GET      "/v1/transactions-history?tokenId=0&limit=5&order=ASC"
[GIN] 2021/10/06 - 16:18:03 | 200 |       4.659ms |       127.0.0.1 | GET      "/v1/transactions-history?tokenId=0&limit=5&fromItem=14&order=ASC"
[GIN] 2021/10/06 - 16:18:03 | 200 |      5.2378ms |       127.0.0.1 | GET      "/v1/transactions-history?tokenId=0&limit=5&fromItem=26&order=ASC"
[GIN] 2021/10/06 - 16:18:03 | 200 |      4.5448ms |       127.0.0.1 | GET      "/v1/transactions-history?tokenId=0&limit=5&fromItem=31&order=ASC"
[GIN] 2021/10/06 - 16:18:03 | 200 |      5.2526ms |       127.0.0.1 | GET      "/v1/transactions-history?tokenId=0&limit=5&fromItem=36&order=ASC"
[GIN] 2021/10/06 - 16:18:03 | 200 |      2.8966ms |       127.0.0.1 | GET      "/v1/transactions-history?tokenId=0&limit=5&fromItem=41&order=ASC"
[GIN] 2021/10/06 - 16:18:03 | 200 |       4.716ms |       127.0.0.1 | GET      "/v1/transactions-history?accountIndex=hez:ETH:0&limit=4&order=ASC"
[GIN] 2021/10/06 - 16:18:03 | 200 |      4.7822ms |       127.0.0.1 | GET      "/v1/transactions-history?accountIndex=hez:ETH:0&limit=4&fromItem=7&order=ASC"
[GIN] 2021/10/06 - 16:18:03 | 200 |       4.609ms |       127.0.0.1 | GET      "/v1/transactions-history?accountIndex=hez:ETH:0&limit=4&fromItem=15&order=ASC"
[GIN] 2021/10/06 - 16:18:03 | 200 |      4.6973ms |       127.0.0.1 | GET      "/v1/transactions-history?accountIndex=hez:ETH:0&limit=4&fromItem=34&order=ASC"
[GIN] 2021/10/06 - 16:18:03 | 200 |      4.6251ms |       127.0.0.1 | GET      "/v1/transactions-history?accountIndex=hez:ETH:0&limit=4&fromItem=38&order=ASC"
[GIN] 2021/10/06 - 16:18:03 | 200 |      4.2206ms |       127.0.0.1 | GET      "/v1/transactions-history?accountIndex=hez:ETH:0&limit=4&fromItem=42&order=ASC"
[GIN] 2021/10/06 - 16:18:03 | 200 |      4.5663ms |       127.0.0.1 | GET      "/v1/transactions-history?accountIndex=hez:ETH:0&limit=4&fromItem=46&order=ASC"
[GIN] 2021/10/06 - 16:18:03 | 200 |      4.9146ms |       127.0.0.1 | GET      "/v1/transactions-history?accountIndex=hez:ETH:0&limit=4&fromItem=50&order=ASC"
[GIN] 2021/10/06 - 16:18:03 | 200 |      4.9223ms |       127.0.0.1 | GET      "/v1/transactions-history?accountIndex=hez:ETH:0&limit=4&fromItem=54&order=ASC"
[GIN] 2021/10/06 - 16:18:03 | 200 |      4.2702ms |       127.0.0.1 | GET      "/v1/transactions-history?accountIndex=hez:ETH:0&limit=4&fromItem=58&order=ASC"
[GIN] 2021/10/06 - 16:18:03 | 200 |      2.8282ms |       127.0.0.1 | GET      "/v1/transactions-history?fromAccountIndex=hez:ETH:0&limit=4&order=ASC"
[GIN] 2021/10/06 - 16:18:03 | 200 |      4.2901ms |       127.0.0.1 | GET      "/v1/transactions-history?toAccountIndex=hez:ETH:0&limit=4&order=ASC"
[GIN] 2021/10/06 - 16:18:03 | 200 |      4.4984ms |       127.0.0.1 | GET      "/v1/transactions-history?toAccountIndex=hez:ETH:0&limit=4&fromItem=7&order=ASC"
[GIN] 2021/10/06 - 16:18:03 | 200 |      4.7944ms |       127.0.0.1 | GET      "/v1/transactions-history?toAccountIndex=hez:ETH:0&limit=4&fromItem=15&order=ASC"
[GIN] 2021/10/06 - 16:18:03 | 200 |      4.4563ms |       127.0.0.1 | GET      "/v1/transactions-history?toAccountIndex=hez:ETH:0&limit=4&fromItem=34&order=ASC"
[GIN] 2021/10/06 - 16:18:03 | 200 |      4.5819ms |       127.0.0.1 | GET      "/v1/transactions-history?toAccountIndex=hez:ETH:0&limit=4&fromItem=38&order=ASC"
[GIN] 2021/10/06 - 16:18:03 | 200 |      4.4406ms |       127.0.0.1 | GET      "/v1/transactions-history?toAccountIndex=hez:ETH:0&limit=4&fromItem=42&order=ASC"
[GIN] 2021/10/06 - 16:18:03 | 200 |      4.2384ms |       127.0.0.1 | GET      "/v1/transactions-history?toAccountIndex=hez:ETH:0&limit=4&fromItem=46&order=ASC"
[GIN] 2021/10/06 - 16:18:03 | 200 |      4.3841ms |       127.0.0.1 | GET      "/v1/transactions-history?toAccountIndex=hez:ETH:0&limit=4&fromItem=50&order=ASC"
[GIN] 2021/10/06 - 16:18:03 | 200 |      4.4322ms |       127.0.0.1 | GET      "/v1/transactions-history?toAccountIndex=hez:ETH:0&limit=4&fromItem=54&order=ASC"
[GIN] 2021/10/06 - 16:18:03 | 200 |      4.6475ms |       127.0.0.1 | GET      "/v1/transactions-history?toAccountIndex=hez:ETH:0&limit=4&fromItem=58&order=ASC"
[GIN] 2021/10/06 - 16:18:03 | 200 |      3.6607ms |       127.0.0.1 | GET      "/v1/transactions-history?batchNum=1&limit=3&order=ASC"
[GIN] 2021/10/06 - 16:18:03 | 200 |      3.3309ms |       127.0.0.1 | GET      "/v1/transactions-history?type=Exit&limit=2&order=ASC"
[GIN] 2021/10/06 - 16:18:03 | 200 |      3.4273ms |       127.0.0.1 | GET      "/v1/transactions-history?type=Transfer&limit=2&order=ASC"
[GIN] 2021/10/06 - 16:18:03 | 200 |      3.7534ms |       127.0.0.1 | GET      "/v1/transactions-history?type=Transfer&limit=2&fromItem=17&order=ASC"
[GIN] 2021/10/06 - 16:18:03 | 200 |      3.6594ms |       127.0.0.1 | GET      "/v1/transactions-history?type=Transfer&limit=2&fromItem=19&order=ASC"
[GIN] 2021/10/06 - 16:18:03 | 200 |      3.1999ms |       127.0.0.1 | GET      "/v1/transactions-history?type=Transfer&limit=2&fromItem=30&order=ASC"
[GIN] 2021/10/06 - 16:18:03 | 200 |      3.2596ms |       127.0.0.1 | GET      "/v1/transactions-history?type=Deposit&limit=2&order=ASC"
[GIN] 2021/10/06 - 16:18:03 | 200 |      3.5806ms |       127.0.0.1 | GET      "/v1/transactions-history?type=CreateAccountDeposit&limit=2&order=ASC"
[GIN] 2021/10/06 - 16:18:03 | 200 |       4.328ms |       127.0.0.1 | GET      "/v1/transactions-history?type=CreateAccountDeposit&limit=2&fromItem=3&order=ASC"
[GIN] 2021/10/06 - 16:18:03 | 200 |      3.8561ms |       127.0.0.1 | GET      "/v1/transactions-history?type=CreateAccountDeposit&limit=2&fromItem=7&order=ASC"
[GIN] 2021/10/06 - 16:18:03 | 200 |      3.9311ms |       127.0.0.1 | GET      "/v1/transactions-history?type=CreateAccountDeposit&limit=2&fromItem=10&order=ASC"
[GIN] 2021/10/06 - 16:18:03 | 200 |      3.6776ms |       127.0.0.1 | GET      "/v1/transactions-history?type=CreateAccountDeposit&limit=2&fromItem=15&order=ASC"
[GIN] 2021/10/06 - 16:18:03 | 200 |      3.8359ms |       127.0.0.1 | GET      "/v1/transactions-history?type=CreateAccountDeposit&limit=2&fromItem=33&order=ASC"
[GIN] 2021/10/06 - 16:18:03 | 200 |      4.7761ms |       127.0.0.1 | GET      "/v1/transactions-history?type=CreateAccountDeposit&limit=2&fromItem=35&order=ASC"
[GIN] 2021/10/06 - 16:18:03 | 200 |      5.3436ms |       127.0.0.1 | GET      "/v1/transactions-history?type=CreateAccountDeposit&limit=2&fromItem=37&order=ASC"
[GIN] 2021/10/06 - 16:18:03 | 200 |      4.5071ms |       127.0.0.1 | GET      "/v1/transactions-history?type=CreateAccountDeposit&limit=2&fromItem=39&order=ASC"
[GIN] 2021/10/06 - 16:18:03 | 200 |      4.6684ms |       127.0.0.1 | GET      "/v1/transactions-history?type=CreateAccountDeposit&limit=2&fromItem=41&order=ASC"
[GIN] 2021/10/06 - 16:18:03 | 200 |      5.5248ms |       127.0.0.1 | GET      "/v1/transactions-history?type=CreateAccountDeposit&limit=2&fromItem=43&order=ASC"
[GIN] 2021/10/06 - 16:18:03 | 200 |      3.6283ms |       127.0.0.1 | GET      "/v1/transactions-history?type=CreateAccountDeposit&limit=2&fromItem=45&order=ASC"
[GIN] 2021/10/06 - 16:18:03 | 200 |       3.997ms |       127.0.0.1 | GET      "/v1/transactions-history?type=CreateAccountDeposit&limit=2&fromItem=47&order=ASC"
[GIN] 2021/10/06 - 16:18:03 | 200 |      3.4215ms |       127.0.0.1 | GET      "/v1/transactions-history?type=CreateAccountDeposit&limit=2&fromItem=49&order=ASC"
[GIN] 2021/10/06 - 16:18:03 | 200 |      3.6916ms |       127.0.0.1 | GET      "/v1/transactions-history?type=CreateAccountDeposit&limit=2&fromItem=51&order=ASC"
[GIN] 2021/10/06 - 16:18:03 | 200 |      3.4005ms |       127.0.0.1 | GET      "/v1/transactions-history?type=CreateAccountDeposit&limit=2&fromItem=53&order=ASC"
[GIN] 2021/10/06 - 16:18:03 | 200 |       3.997ms |       127.0.0.1 | GET      "/v1/transactions-history?type=CreateAccountDeposit&limit=2&fromItem=55&order=ASC"
[GIN] 2021/10/06 - 16:18:03 | 200 |      3.3548ms |       127.0.0.1 | GET      "/v1/transactions-history?type=CreateAccountDeposit&limit=2&fromItem=57&order=ASC"
[GIN] 2021/10/06 - 16:18:03 | 200 |      4.3254ms |       127.0.0.1 | GET      "/v1/transactions-history?type=CreateAccountDeposit&limit=2&fromItem=59&order=ASC"
[GIN] 2021/10/06 - 16:18:03 | 200 |      3.5473ms |       127.0.0.1 | GET      "/v1/transactions-history?type=CreateAccountDeposit&limit=2&fromItem=61&order=ASC"
[GIN] 2021/10/06 - 16:18:03 | 200 |      4.2463ms |       127.0.0.1 | GET      "/v1/transactions-history?type=CreateAccountDepositTransfer&limit=2&order=ASC"
[GIN] 2021/10/06 - 16:18:03 | 200 |      3.1584ms |       127.0.0.1 | GET      "/v1/transactions-history?type=DepositTransfer&limit=2&order=ASC"
[GIN] 2021/10/06 - 16:18:03 | 200 |      3.6051ms |       127.0.0.1 | GET      "/v1/transactions-history?type=ForceTransfer&limit=2&order=ASC"
[GIN] 2021/10/06 - 16:18:03 | 200 |      3.6695ms |       127.0.0.1 | GET      "/v1/transactions-history?type=ForceExit&limit=2&order=ASC"
[GIN] 2021/10/06 - 16:18:03 | 200 |      3.3905ms |       127.0.0.1 | GET      "/v1/transactions-history?batchNum=1&tokenId=0&limit=1&order=ASC"
[GIN] 2021/10/06 - 16:18:03 | 200 |       4.332ms |       127.0.0.1 | GET      "/v1/transactions-history?limit=5&order=DESC"
[GIN] 2021/10/06 - 16:18:03 | 200 |      5.3048ms |       127.0.0.1 | GET      "/v1/transactions-history?limit=5&fromItem=56&order=DESC"
[GIN] 2021/10/06 - 16:18:03 | 200 |      5.0351ms |       127.0.0.1 | GET      "/v1/transactions-history?limit=5&fromItem=51&order=DESC"
[GIN] 2021/10/06 - 16:18:03 | 200 |      5.6572ms |       127.0.0.1 | GET      "/v1/transactions-history?limit=5&fromItem=46&order=DESC"
[GIN] 2021/10/06 - 16:18:03 | 200 |      5.3058ms |       127.0.0.1 | GET      "/v1/transactions-history?limit=5&fromItem=41&order=DESC"
[GIN] 2021/10/06 - 16:18:03 | 200 |      5.0915ms |       127.0.0.1 | GET      "/v1/transactions-history?limit=5&fromItem=36&order=DESC"
[GIN] 2021/10/06 - 16:18:03 | 200 |      5.0725ms |       127.0.0.1 | GET      "/v1/transactions-history?limit=5&fromItem=31&order=DESC"
[GIN] 2021/10/06 - 16:18:03 | 200 |      5.0054ms |       127.0.0.1 | GET      "/v1/transactions-history?limit=5&fromItem=26&order=DESC"
[GIN] 2021/10/06 - 16:18:03 | 200 |      4.7643ms |       127.0.0.1 | GET      "/v1/transactions-history?limit=5&fromItem=17&order=DESC"
[GIN] 2021/10/06 - 16:18:03 | 200 |      4.9725ms |       127.0.0.1 | GET      "/v1/transactions-history?limit=5&fromItem=12&order=DESC"
[GIN] 2021/10/06 - 16:18:03 | 200 |      4.3787ms |       127.0.0.1 | GET      "/v1/transactions-history?limit=5&fromItem=2&order=DESC"
[GIN] 2021/10/06 - 16:18:03 | 200 |      2.6483ms |       127.0.0.1 | GET      "/v1/transactions-history?batchNum=999999&order=DESC"
2021-10-06T16:18:03-03:00	[33mWARN[0m	api/handlers.go:62	HTTP API Bad request error	{"err": "Key: 'HistoryTxsFilters.hezEthereumAddress' Error:Field validation for 'hezEthereumAddress' failed on the 'onlyaccountindex' tag\nKey: 'HistoryTxsFilters.fromHezEthereumAddress' Error:Field validation for 'fromHezEthereumAddress' failed on the 'onlyaccountindex' tag\nKey: 'HistoryTxsFilters.toHezEthereumAddress' Error:Field validation for 'toHezEthereumAddress' failed on the 'onlyaccountindex' tag\nKey: 'HistoryTxsFilters.BJJ' Error:Field validation for 'BJJ' failed on the 'onlyaccountindex' tag\nKey: 'HistoryTxsFilters.toBJJ' Error:Field validation for 'toBJJ' failed on the 'onlyaccountindex' tag\nKey: 'HistoryTxsFilters.fromBJJ' Error:Field validation for 'fromBJJ' failed on the 'onlyaccountindex' tag\nKey: 'HistoryTxsFilters.accountIndex' Error:Field validation for 'accountIndex' failed on the 'onlyaccountindex' tag\nKey: 'HistoryTxsFilters.fromAccountIndex' Error:Field validation for 'fromAccountIndex' failed on the 'onlyaccountindex' tag\nKey: 'HistoryTxsFilters.toAccountIndex' Error:Field validation for 'toAccountIndex' failed on the 'onlyaccountindex' tag"}
[GIN] 2021/10/06 - 16:18:03 | 400 |       783.9µs |       127.0.0.1 | GET      "/v1/transactions-history?accountIndex=0&hezEthereumAddress=hez:0x6813Eb9362372EEF6200f3b1dbC3f819671cBA69"
2021-10-06T16:18:03-03:00	[33mWARN[0m	api/api_test.go:843	The request does not match the API spec
2021-10-06T16:18:03-03:00	[33mWARN[0m	api/handlers.go:62	HTTP API Bad request error	{"err": "strconv.ParseUint: parsing \"X\": invalid syntax"}
[GIN] 2021/10/06 - 16:18:03 | 400 |       319.7µs |       127.0.0.1 | GET      "/v1/transactions-history?tokenId=X"
--- PASS: TestGetHistoryTxs (0.79s)
=== RUN   TestGetHistoryTx
[GIN] 2021/10/06 - 16:18:03 | 200 |      3.0012ms |       127.0.0.1 | GET      "/v1/transactions-history/0x01e979da4b80d60a17ce56fa19278c6f3a7e1b43359fb8a8ea46d0264de7d653ab"
[GIN] 2021/10/06 - 16:18:03 | 200 |      3.0454ms |       127.0.0.1 | GET      "/v1/transactions-history/0x01af9bf96eb60f2d618519402a2f6b07057a034fa2baefd379fe8e1c969f1c5cf4"
[GIN] 2021/10/06 - 16:18:03 | 200 |      3.0118ms |       127.0.0.1 | GET      "/v1/transactions-history/0x01057b74a773eb9a6eac8deb118ff743b8add8f7fd8843f46f934ddc9868bd3b90"
[GIN] 2021/10/06 - 16:18:03 | 200 |      2.9634ms |       127.0.0.1 | GET      "/v1/transactions-history/0x00e979da4b80d60a17ce56fa19278c6f3a7e1b43359fb8a8ea46d0264de7d653ab"
[GIN] 2021/10/06 - 16:18:03 | 200 |      3.0649ms |       127.0.0.1 | GET      "/v1/transactions-history/0x00af9bf96eb60f2d618519402a2f6b07057a034fa2baefd379fe8e1c969f1c5cf4"
[GIN] 2021/10/06 - 16:18:03 | 200 |      3.0197ms |       127.0.0.1 | GET      "/v1/transactions-history/0x00057b74a773eb9a6eac8deb118ff743b8add8f7fd8843f46f934ddc9868bd3b90"
[GIN] 2021/10/06 - 16:18:03 | 200 |      3.1333ms |       127.0.0.1 | GET      "/v1/transactions-history/0x005d7ee63390a6c95f23a97607f0b66edd44b7999f9a14a16d92107c02baee0700"
[GIN] 2021/10/06 - 16:18:03 | 200 |      3.3128ms |       127.0.0.1 | GET      "/v1/transactions-history/0x00930696d03ae0a1e6150b6ccb88043cb539a4e06a7f8baf213029ce9a0600197e"
[GIN] 2021/10/06 - 16:18:03 | 200 |       3.027ms |       127.0.0.1 | GET      "/v1/transactions-history/0x01caef6d804c6bbd96191b2dd33a08b44ad719d39db1c6e08adcc837e3d439e4e7"
[GIN] 2021/10/06 - 16:18:03 | 200 |      3.0853ms |       127.0.0.1 | GET      "/v1/transactions-history/0x02c219e5fff926070a2e4f94200927493ee7868f2d0ed3b0f07811b52f14108d84"
[GIN] 2021/10/06 - 16:18:03 | 200 |      2.9863ms |       127.0.0.1 | GET      "/v1/transactions-history/0x02d4a4b56fd18b08e53a328e298dd6b1758352f494449218c4c71194d000f5d4cb"
[GIN] 2021/10/06 - 16:18:03 | 200 |       3.033ms |       127.0.0.1 | GET      "/v1/transactions-history/0x0263aebcc574165ad429dc5eea2d5c4c2b87b67f1aac7d016cb1d7889046980755"
[GIN] 2021/10/06 - 16:18:03 | 200 |       3.524ms |       127.0.0.1 | GET      "/v1/transactions-history/0x02e30135e0768cbfd18d3756991875907db7a4f9976d4512ad668491336cf3b44d"
[GIN] 2021/10/06 - 16:18:03 | 200 |      3.0365ms |       127.0.0.1 | GET      "/v1/transactions-history/0x02e3a4b59b6f1a36cbaa03ffd58ee4619753ff0617c3fd981ff703b7179fd6a4e7"
[GIN] 2021/10/06 - 16:18:03 | 200 |       2.866ms |       127.0.0.1 | GET      "/v1/transactions-history/0x02d54f7464710ca90fd39f252049447be9c7b073cf704819869676a06fb680596d"
[GIN] 2021/10/06 - 16:18:03 | 200 |       3.072ms |       127.0.0.1 | GET      "/v1/transactions-history/0x00446bdc27a508f491c1c4c0f1f2026ca3958639bc3111f6d5355a358fd6c83c2b"
[GIN] 2021/10/06 - 16:18:03 | 200 |      3.3273ms |       127.0.0.1 | GET      "/v1/transactions-history/0x00caef6d804c6bbd96191b2dd33a08b44ad719d39db1c6e08adcc837e3d439e4e7"
[GIN] 2021/10/06 - 16:18:03 | 200 |       2.982ms |       127.0.0.1 | GET      "/v1/transactions-history/0x00911df78bc06fc9e0ca68d63f20c86a0fc6374d6a9de35e7b1757dd9c47ef6c55"
[GIN] 2021/10/06 - 16:18:03 | 200 |       3.082ms |       127.0.0.1 | GET      "/v1/transactions-history/0x0030926e7bcb8ddfdc2a9ed6a2de3f51e0fd09c2ae6e62fad9e781c495047c5f57"
[GIN] 2021/10/06 - 16:18:03 | 200 |      2.9832ms |       127.0.0.1 | GET      "/v1/transactions-history/0x02f79d81ac03ae6f26219f3846709ed082b8fd1c8215b80cb72d8bf810ce101efe"
[GIN] 2021/10/06 - 16:18:03 | 200 |      2.9182ms |       127.0.0.1 | GET      "/v1/transactions-history/0x02cbf0549f13c47102eb53191587886268f1da19caca0a5c96ee332341724c1a37"
[GIN] 2021/10/06 - 16:18:03 | 200 |      3.0068ms |       127.0.0.1 | GET      "/v1/transactions-history/0x01ce78b53b9d2e521d1d346fc444bb10cf6cacf822f578213d2a2d35d7f3ecd928"
[GIN] 2021/10/06 - 16:18:03 | 200 |      2.9799ms |       127.0.0.1 | GET      "/v1/transactions-history/0x010d0aca806d82d1ef865633413068eb3cdf2495b0e2750247fb593b7e639e0b10"
[GIN] 2021/10/06 - 16:18:03 | 200 |      2.9346ms |       127.0.0.1 | GET      "/v1/transactions-history/0x01e99a1b1c1c67053c9d93bdb26b66009770e19b6f0a232123c063715fe86aec20"
[GIN] 2021/10/06 - 16:18:03 | 200 |      3.0456ms |       127.0.0.1 | GET      "/v1/transactions-history/0x01558e5a380daf35f418f6f5d01f451f91cd07c4ff15a064383d7eb5e76c92ef1d"
[GIN] 2021/10/06 - 16:18:03 | 200 |      3.1022ms |       127.0.0.1 | GET      "/v1/transactions-history/0x0112111da542d0f9105cdc07a0b7c345da5fe61bd6674907ca0819fc612b3cab02"
[GIN] 2021/10/06 - 16:18:03 | 200 |      3.0747ms |       127.0.0.1 | GET      "/v1/transactions-history/0x016d72ef19535e2af65981b0cc6af7922b7bf1b963c3e8dc9598b04f2cdce736a1"
[GIN] 2021/10/06 - 16:18:03 | 200 |      3.1741ms |       127.0.0.1 | GET      "/v1/transactions-history/0x01c9688f0962e06da205d6dc23e3a9d7a462ccd4744dd2fe22f9cab77689d921f1"
[GIN] 2021/10/06 - 16:18:03 | 200 |      3.1916ms |       127.0.0.1 | GET      "/v1/transactions-history/0x0104e75156e9ff6a2341b08a8cf53e497d013c21a6ae2bb60a63881d499dbce4e8"
[GIN] 2021/10/06 - 16:18:03 | 200 |      3.0142ms |       127.0.0.1 | GET      "/v1/transactions-history/0x017ddd18d3091bf3dfbc584761ac594d4b9ce037401f01613b051f33b43004d97b"
[GIN] 2021/10/06 - 16:18:03 | 200 |      3.0385ms |       127.0.0.1 | GET      "/v1/transactions-history/0x0131e55da9bb63eb6aa73edc42462538e4fa191ec77f4043af713c4b47542dccb7"
[GIN] 2021/10/06 - 16:18:03 | 200 |      2.8679ms |       127.0.0.1 | GET      "/v1/transactions-history/0x0159d5da789193801996fc938c9a4ec4c71e723e2e3e5e5cbc2ccc167177430d1e"
[GIN] 2021/10/06 - 16:18:03 | 200 |      3.1496ms |       127.0.0.1 | GET      "/v1/transactions-history/0x0108202f7c30fd34fddb60e815378361902e83018b591a2a33b4daf87054951442"
[GIN] 2021/10/06 - 16:18:03 | 200 |      3.1501ms |       127.0.0.1 | GET      "/v1/transactions-history/0x013ac24042ecbdffa777ec3d1b2659120a9b5c8f6795c40e564e2214f3640e3cb1"
[GIN] 2021/10/06 - 16:18:03 | 200 |      2.9896ms |       127.0.0.1 | GET      "/v1/transactions-history/0x01985c3ff9552fc99514946033470ec74aa993e4c0799bd7853d6cd253180ecd94"
[GIN] 2021/10/06 - 16:18:03 | 200 |      3.1196ms |       127.0.0.1 | GET      "/v1/transactions-history/0x01be2648ff49d4af19b7a5e53e481c50a077ce3317db98ba439920ab8fbc387204"
[GIN] 2021/10/06 - 16:18:03 | 200 |      3.0809ms |       127.0.0.1 | GET      "/v1/transactions-history/0x010f57624416c4e35e159b2f5a4bfad8a805a09cf5b0d5fe43dfaaf8efa5635fca"
[GIN] 2021/10/06 - 16:18:03 | 200 |      2.8948ms |       127.0.0.1 | GET      "/v1/transactions-history/0x0179fe528f336d1746010dee63ab9e6811aa9d11075eb23587c3c45f07f235569f"
[GIN] 2021/10/06 - 16:18:03 | 200 |      3.0468ms |       127.0.0.1 | GET      "/v1/transactions-history/0x01d30ebda3a3c32fd39042941fcb0c8bbcfbf184403a5254f483abd373c2a4fbb7"
[GIN] 2021/10/06 - 16:18:03 | 200 |      3.1459ms |       127.0.0.1 | GET      "/v1/transactions-history/0x011c19a1fb3bfe65551590b29ec248abe7bd78982aceafefe2ee20972497bc9d40"
[GIN] 2021/10/06 - 16:18:03 | 200 |      2.8272ms |       127.0.0.1 | GET      "/v1/transactions-history/0x01663e01a91c18104473d5a2e28dc9439e17d2cfa4c504effcbb7027836ff1200a"
[GIN] 2021/10/06 - 16:18:03 | 200 |       3.104ms |       127.0.0.1 | GET      "/v1/transactions-history/0x01ae5abf2cc5b4b9bfe6594ed20fcfcb8243b331015eff4164a4a66525f076bc5b"
[GIN] 2021/10/06 - 16:18:03 | 200 |      3.0558ms |       127.0.0.1 | GET      "/v1/transactions-history/0x01d103185f07f785b09ef7ee6c7553c91e9fab2d6db6f1f180827090935b0a9e56"
[GIN] 2021/10/06 - 16:18:03 | 200 |      3.2251ms |       127.0.0.1 | GET      "/v1/transactions-history/0x0162a5092988bb0f35df5c7440d5973cca19812850903ae3db8493ace663044a0c"
[GIN] 2021/10/06 - 16:18:03 | 200 |      2.9917ms |       127.0.0.1 | GET      "/v1/transactions-history/0x015b71db14c3ffde844a47983072b3b41cdddadba211dc7af354dccd0cc6d2ab40"
[GIN] 2021/10/06 - 16:18:03 | 200 |      2.9015ms |       127.0.0.1 | GET      "/v1/transactions-history/0x01607a4d0ec764ff391b1cd21f43a92ec0cc8888fe8ef13e9d9577e99feda41dec"
[GIN] 2021/10/06 - 16:18:03 | 200 |      2.9222ms |       127.0.0.1 | GET      "/v1/transactions-history/0x01b8828f9468fa696e208b776ebacacda786ed7127c370ff0c99d53d8e7f349247"
[GIN] 2021/10/06 - 16:18:03 | 200 |      3.0527ms |       127.0.0.1 | GET      "/v1/transactions-history/0x0155409258e6bbdb8574ad0ab82a97875f252b95c92b6b0819f11d34874a8d3365"
[GIN] 2021/10/06 - 16:18:03 | 200 |      2.7557ms |       127.0.0.1 | GET      "/v1/transactions-history/0x010f1ac8c7d3a71aa4041f5ca1a145835ea5a43ebc92b0c050d21cf73deb365eb4"
[GIN] 2021/10/06 - 16:18:03 | 200 |      3.0247ms |       127.0.0.1 | GET      "/v1/transactions-history/0x017e875889b5fb1d12d2c7fa7e499602c7688b486cf41011bd39f8949161f5aa0c"
[GIN] 2021/10/06 - 16:18:03 | 200 |      3.0863ms |       127.0.0.1 | GET      "/v1/transactions-history/0x018824a8027b1e1ff78635d77a4295f09e5211c1577ff4be1169bde4322f884144"
[GIN] 2021/10/06 - 16:18:03 | 200 |      2.9125ms |       127.0.0.1 | GET      "/v1/transactions-history/0x012af9ab96e8697596ac0d90028ff64ccee6cde303a8b56c8d3ff5133f889f570c"
[GIN] 2021/10/06 - 16:18:03 | 200 |      3.2435ms |       127.0.0.1 | GET      "/v1/transactions-history/0x00f5e8ab141ac16d673e654ba7747c2f12e93ea2c50ba6c05563752ca531968c62"
2021-10-06T16:18:03-03:00	[33mWARN[0m	api/handlers.go:62	HTTP API Bad request error	{"err": "invalid txID"}
[GIN] 2021/10/06 - 16:18:03 | 400 |       354.2µs |       127.0.0.1 | GET      "/v1/transactions-history/0x001"
2021-10-06T16:18:03-03:00	[33mWARN[0m	api/handlers.go:20	HTTP API SQL request error: sql: no rows in result set
/mnt/d/github.com/hermeznetwork/hermez-node/db/historydb/apiqueries.go:541 github.com/hermeznetwork/hermez-node/db/historydb.(*HistoryDB).GetTxAPI()
/mnt/d/github.com/hermeznetwork/hermez-node/api/txshistory.go:51 github.com/hermeznetwork/hermez-node/api.(*API).getHistoryTx()
/home/tclemos/go/pkg/mod/github.com/gin-gonic/gin@v1.7.2/context.go:165 github.com/gin-gonic/gin.(*Context).Next()
/mnt/d/github.com/hermeznetwork/hermez-node/metric/request.go:69 github.com/hermeznetwork/hermez-node/metric.(*Prometheus).Middleware.func1()
/home/tclemos/go/pkg/mod/github.com/gin-gonic/gin@v1.7.2/context.go:165 github.com/gin-gonic/gin.(*Context).Next()
/home/tclemos/go/pkg/mod/github.com/gin-gonic/gin@v1.7.2/recovery.go:99 github.com/gin-gonic/gin.CustomRecoveryWithWriter.func1()
/home/tclemos/go/pkg/mod/github.com/gin-gonic/gin@v1.7.2/context.go:165 github.com/gin-gonic/gin.(*Context).Next()
/home/tclemos/go/pkg/mod/github.com/gin-gonic/gin@v1.7.2/logger.go:241 github.com/gin-gonic/gin.LoggerWithConfig.func1()
/home/tclemos/go/pkg/mod/github.com/gin-gonic/gin@v1.7.2/context.go:165 github.com/gin-gonic/gin.(*Context).Next()
/home/tclemos/go/pkg/mod/github.com/gin-gonic/gin@v1.7.2/gin.go:489 github.com/gin-gonic/gin.(*Engine).handleHTTPRequest()
/home/tclemos/go/pkg/mod/github.com/gin-gonic/gin@v1.7.2/gin.go:445 github.com/gin-gonic/gin.(*Engine).ServeHTTP()
/usr/local/go/src/net/http/server.go:2867 net/http.serverHandler.ServeHTTP()
/usr/local/go/src/net/http/server.go:1932 net/http.(*conn).serve()

	{"err": "sql: no rows in result set"}
[GIN] 2021/10/06 - 16:18:03 | 404 |      2.9949ms |       127.0.0.1 | GET      "/v1/transactions-history/0x00eb5e95e1ce5e9f6c4ed402d415e8d0bdd7664769cfd2064d28da04a2c76be432"
--- PASS: TestGetHistoryTx (0.26s)
=== RUN   TestPoolTxs
[GIN] 2021/10/06 - 16:18:04 | 200 |     23.3794ms |       127.0.0.1 | POST     "/v1/transactions-pool"
[GIN] 2021/10/06 - 16:18:04 | 200 |     21.8624ms |       127.0.0.1 | POST     "/v1/transactions-pool"
[GIN] 2021/10/06 - 16:18:04 | 200 |     20.3549ms |       127.0.0.1 | POST     "/v1/transactions-pool"
[GIN] 2021/10/06 - 16:18:04 | 200 |     20.8434ms |       127.0.0.1 | POST     "/v1/transactions-pool"
2021-10-06T16:18:04-03:00	[33mWARN[0m	api/handlers.go:62	HTTP API Bad request error	{"err": "PoolL2Tx.TxID: 0x0290a380119b5e85d40eab76f00ece7b097ba8cd2b67691f0ad539e4dfc7773df7, should be: 0x02000c63808d03a578340a021a37f8ed1d61e37c83efc0be0b6c6213b27d6405c6"}
[GIN] 2021/10/06 - 16:18:04 | 400 |       658.2µs |       127.0.0.1 | POST     "/v1/transactions-pool"
2021-10-06T16:18:04-03:00	[33mWARN[0m	api/handlers.go:62	HTTP API Bad request error	{"err": "PoolL2Tx.TxID: 0x0290a380119b5e85d40eab76f00ece7b097ba8cd2b67691f0ad539e4dfc7773df7, should be: 0x026d83848c2df8e86b385995c918a8abc067c28994ec893b8cab265cd5524d0b52"}
[GIN] 2021/10/06 - 16:18:04 | 400 |       583.7µs |       127.0.0.1 | POST     "/v1/transactions-pool"
2021-10-06T16:18:04-03:00	[33mWARN[0m	api/handlers.go:62	HTTP API Bad request error	{"err": "malformed transaction"}
[GIN] 2021/10/06 - 16:18:04 | 400 |       611.3µs |       127.0.0.1 | POST     "/v1/transactions-pool"
2021-10-06T16:18:04-03:00	[33mWARN[0m	api/handlers.go:62	HTTP API Bad request error	{"err": "wrong signature"}
[GIN] 2021/10/06 - 16:18:04 | 400 |     16.3684ms |       127.0.0.1 | POST     "/v1/transactions-pool"
[GIN] 2021/10/06 - 16:18:04 | 200 |      3.6158ms |       127.0.0.1 | GET      "/v1/transactions-pool?limit=20&order=ASC"
[GIN] 2021/10/06 - 16:18:04 | 200 |      2.3066ms |       127.0.0.1 | GET      "/v1/transactions-pool?limit=1&order=ASC"
[GIN] 2021/10/06 - 16:18:04 | 200 |      3.0479ms |       127.0.0.1 | GET      "/v1/transactions-pool?limit=1&fromItem=10&order=ASC"
[GIN] 2021/10/06 - 16:18:04 | 200 |      3.2713ms |       127.0.0.1 | GET      "/v1/transactions-pool?limit=1&fromItem=11&order=ASC"
[GIN] 2021/10/06 - 16:18:04 | 200 |      3.3108ms |       127.0.0.1 | GET      "/v1/transactions-pool?limit=1&fromItem=12&order=ASC"
[GIN] 2021/10/06 - 16:18:04 | 200 |      2.6596ms |       127.0.0.1 | GET      "/v1/transactions-pool?hezEthereumAddress=hez:0x6813Eb9362372EEF6200f3b1dbC3f819671cBA69&limit=5&order=ASC"
[GIN] 2021/10/06 - 16:18:04 | 200 |       2.595ms |       127.0.0.1 | GET      "/v1/transactions-pool?fromHezEthereumAddress=hez:0x6813Eb9362372EEF6200f3b1dbC3f819671cBA69&limit=5&order=ASC"
[GIN] 2021/10/06 - 16:18:04 | 200 |      2.8424ms |       127.0.0.1 | GET      "/v1/transactions-pool?toHezEthereumAddress=hez:0x6813Eb9362372EEF6200f3b1dbC3f819671cBA69&limit=5&order=ASC"
[GIN] 2021/10/06 - 16:18:04 | 200 |      4.2853ms |       127.0.0.1 | GET      "/v1/transactions-pool?tokenId=0&limit=5&order=ASC"
[GIN] 2021/10/06 - 16:18:04 | 200 |      2.7623ms |       127.0.0.1 | GET      "/v1/transactions-pool?BJJ=hez:3ete0dGHv5-8A0jq0o5HbE8VUvx9FEuJbXWvVVf8ZS2T&limit=5&order=ASC"
[GIN] 2021/10/06 - 16:18:04 | 200 |      2.4314ms |       127.0.0.1 | GET      "/v1/transactions-pool?fromBJJ=hez:3ete0dGHv5-8A0jq0o5HbE8VUvx9FEuJbXWvVVf8ZS2T&limit=5&order=ASC"
[GIN] 2021/10/06 - 16:18:04 | 200 |      2.6032ms |       127.0.0.1 | GET      "/v1/transactions-pool?toBJJ=hez:3ete0dGHv5-8A0jq0o5HbE8VUvx9FEuJbXWvVVf8ZS2T&limit=5&order=ASC"
[GIN] 2021/10/06 - 16:18:04 | 200 |      3.1301ms |       127.0.0.1 | GET      "/v1/transactions-pool?fromAccountIndex=hez:ETH:263&limit=10&order=ASC"
[GIN] 2021/10/06 - 16:18:04 | 200 |      3.0625ms |       127.0.0.1 | GET      "/v1/transactions-pool?toAccountIndex=hez:ETH:262&limit=10&order=ASC"
[GIN] 2021/10/06 - 16:18:04 | 200 |      3.5978ms |       127.0.0.1 | GET      "/v1/transactions-pool?accountIndex=hez:ETH:259&limit=5&order=ASC"
[GIN] 2021/10/06 - 16:18:04 | 200 |      3.0846ms |       127.0.0.1 | GET      "/v1/transactions-pool?type=Exit&limit=2&order=ASC"
[GIN] 2021/10/06 - 16:18:04 | 200 |      3.3079ms |       127.0.0.1 | GET      "/v1/transactions-pool?type=Transfer&limit=2&order=ASC"
[GIN] 2021/10/06 - 16:18:04 | 200 |      2.9198ms |       127.0.0.1 | GET      "/v1/transactions-pool?type=Deposit&limit=2&order=ASC"
[GIN] 2021/10/06 - 16:18:04 | 200 |      2.6325ms |       127.0.0.1 | GET      "/v1/transactions-pool?type=CreateAccountDeposit&limit=2&order=ASC"
[GIN] 2021/10/06 - 16:18:04 | 200 |      2.3826ms |       127.0.0.1 | GET      "/v1/transactions-pool?type=CreateAccountDepositTransfer&limit=2&order=ASC"
[GIN] 2021/10/06 - 16:18:04 | 200 |      2.5282ms |       127.0.0.1 | GET      "/v1/transactions-pool?type=DepositTransfer&limit=2&order=ASC"
[GIN] 2021/10/06 - 16:18:04 | 200 |      2.5465ms |       127.0.0.1 | GET      "/v1/transactions-pool?type=ForceTransfer&limit=2&order=ASC"
[GIN] 2021/10/06 - 16:18:04 | 200 |      2.3119ms |       127.0.0.1 | GET      "/v1/transactions-pool?type=ForceExit&limit=2&order=ASC"
[GIN] 2021/10/06 - 16:18:04 | 200 |      4.4715ms |       127.0.0.1 | GET      "/v1/transactions-pool?state=pend&limit=10&order=ASC"
[GIN] 2021/10/06 - 16:18:04 | 200 |      3.1895ms |       127.0.0.1 | GET      "/v1/transactions-pool/0x0290a380119b5e85d40eab76f00ece7b097ba8cd2b67691f0ad539e4dfc7773df7"
[GIN] 2021/10/06 - 16:18:04 | 200 |      2.9665ms |       127.0.0.1 | GET      "/v1/transactions-pool/0x021ad3dda8115a336dcfbefa83bbbfa8445a58af7e5e8fc34b236b33ff02dc2782"
[GIN] 2021/10/06 - 16:18:04 | 200 |      2.6974ms |       127.0.0.1 | GET      "/v1/transactions-pool/0x02d81ba4c86465dc6a7dae4d76ce38bab6728da40474696b6aafefddf75788279d"
[GIN] 2021/10/06 - 16:18:04 | 200 |      2.9166ms |       127.0.0.1 | GET      "/v1/transactions-pool/0x02e5d4ec3921c3a7f5ebbd743e5c3918ce70c7dccba31b5eab82d69c337b50af5a"
[GIN] 2021/10/06 - 16:18:04 | 200 |      3.0551ms |       127.0.0.1 | GET      "/v1/transactions-pool/0x021ad3dda8115a336dcfbefa83bbbfa8445a58af7e5e8fc34b236b33ff02dc2782"
[GIN] 2021/10/06 - 16:18:04 | 200 |     18.2562ms |       127.0.0.1 | PUT      "/v1/transactions-pool/0x021ad3dda8115a336dcfbefa83bbbfa8445a58af7e5e8fc34b236b33ff02dc2782"
[GIN] 2021/10/06 - 16:18:04 | 200 |      2.9663ms |       127.0.0.1 | GET      "/v1/transactions-pool/0x021ad3dda8115a336dcfbefa83bbbfa8445a58af7e5e8fc34b236b33ff02dc2782"
[GIN] 2021/10/06 - 16:18:04 | 200 |      3.1814ms |       127.0.0.1 | GET      "/v1/transactions-pool/0x0290a380119b5e85d40eab76f00ece7b097ba8cd2b67691f0ad539e4dfc7773df7"
[GIN] 2021/10/06 - 16:18:04 | 200 |     19.0808ms |       127.0.0.1 | PUT      "/v1/transactions-pool/0x0290a380119b5e85d40eab76f00ece7b097ba8cd2b67691f0ad539e4dfc7773df7"
[GIN] 2021/10/06 - 16:18:04 | 200 |       2.833ms |       127.0.0.1 | GET      "/v1/transactions-pool/0x0290a380119b5e85d40eab76f00ece7b097ba8cd2b67691f0ad539e4dfc7773df7"
[GIN] 2021/10/06 - 16:18:04 | 200 |      2.8743ms |       127.0.0.1 | GET      "/v1/transactions-pool/0x0290a380119b5e85d40eab76f00ece7b097ba8cd2b67691f0ad539e4dfc7773df7"
[GIN] 2021/10/06 - 16:18:04 | 200 |     20.5501ms |       127.0.0.1 | PUT      "/v1/transactions-pool/0x0290a380119b5e85d40eab76f00ece7b097ba8cd2b67691f0ad539e4dfc7773df7"
[GIN] 2021/10/06 - 16:18:04 | 200 |      2.9272ms |       127.0.0.1 | GET      "/v1/transactions-pool/0x0290a380119b5e85d40eab76f00ece7b097ba8cd2b67691f0ad539e4dfc7773df7"
[GIN] 2021/10/06 - 16:18:04 | 200 |      2.9523ms |       127.0.0.1 | GET      "/v1/transactions-pool/0x0290a380119b5e85d40eab76f00ece7b097ba8cd2b67691f0ad539e4dfc7773df7"
[GIN] 2021/10/06 - 16:18:04 | 200 |     26.5119ms |       127.0.0.1 | PUT      "/v1/transactions-pool/accounts/hez:ETH:259/nonces/2"
[GIN] 2021/10/06 - 16:18:04 | 200 |      2.8552ms |       127.0.0.1 | GET      "/v1/transactions-pool/0x0270c069af9f5ae54b837ee12a404d026b583bcfa4b2380d48c7156c3bb5a8b30a"
2021-10-06T16:18:04-03:00	[33mWARN[0m	api/handlers.go:20	HTTP API SQL request error: sql: no rows in result set
/mnt/d/github.com/hermeznetwork/hermez-node/db/l2db/apiqueries.go:216 github.com/hermeznetwork/hermez-node/db/l2db.(*L2DB).GetTxAPI()
/mnt/d/github.com/hermeznetwork/hermez-node/api/txspool.go:242 github.com/hermeznetwork/hermez-node/api.(*API).getPoolTx()
/home/tclemos/go/pkg/mod/github.com/gin-gonic/gin@v1.7.2/context.go:165 github.com/gin-gonic/gin.(*Context).Next()
/mnt/d/github.com/hermeznetwork/hermez-node/metric/request.go:69 github.com/hermeznetwork/hermez-node/metric.(*Prometheus).Middleware.func1()
/home/tclemos/go/pkg/mod/github.com/gin-gonic/gin@v1.7.2/context.go:165 github.com/gin-gonic/gin.(*Context).Next()
/home/tclemos/go/pkg/mod/github.com/gin-gonic/gin@v1.7.2/recovery.go:99 github.com/gin-gonic/gin.CustomRecoveryWithWriter.func1()
/home/tclemos/go/pkg/mod/github.com/gin-gonic/gin@v1.7.2/context.go:165 github.com/gin-gonic/gin.(*Context).Next()
/home/tclemos/go/pkg/mod/github.com/gin-gonic/gin@v1.7.2/logger.go:241 github.com/gin-gonic/gin.LoggerWithConfig.func1()
/home/tclemos/go/pkg/mod/github.com/gin-gonic/gin@v1.7.2/context.go:165 github.com/gin-gonic/gin.(*Context).Next()
/home/tclemos/go/pkg/mod/github.com/gin-gonic/gin@v1.7.2/gin.go:489 github.com/gin-gonic/gin.(*Engine).handleHTTPRequest()
/home/tclemos/go/pkg/mod/github.com/gin-gonic/gin@v1.7.2/gin.go:445 github.com/gin-gonic/gin.(*Engine).ServeHTTP()
/usr/local/go/src/net/http/server.go:2867 net/http.serverHandler.ServeHTTP()
/usr/local/go/src/net/http/server.go:1932 net/http.(*conn).serve()

	{"err": "sql: no rows in result set"}
[GIN] 2021/10/06 - 16:18:04 | 404 |      2.5076ms |       127.0.0.1 | GET      "/v1/transactions-pool/0x0290a380119b5e85d40eab76f00ece7b097ba8cd2b67691f0ad539e4dfc7773df7"
2021-10-06T16:18:04-03:00	[33mWARN[0m	api/handlers.go:20	HTTP API SQL request error: sql: no rows in result set
/mnt/d/github.com/hermeznetwork/hermez-node/db/l2db/l2db.go:337 github.com/hermeznetwork/hermez-node/db/l2db.(*L2DB).updateTxByIdxAndNonce()
/mnt/d/github.com/hermeznetwork/hermez-node/db/l2db/apiqueries.go:99 github.com/hermeznetwork/hermez-node/db/l2db.(*L2DB).UpdateTxByIdxAndNonceAPI()
/mnt/d/github.com/hermeznetwork/hermez-node/api/txspool.go:141 github.com/hermeznetwork/hermez-node/api.(*API).putPoolTxByIdxAndNonce()
/home/tclemos/go/pkg/mod/github.com/gin-gonic/gin@v1.7.2/context.go:165 github.com/gin-gonic/gin.(*Context).Next()
/mnt/d/github.com/hermeznetwork/hermez-node/metric/request.go:69 github.com/hermeznetwork/hermez-node/metric.(*Prometheus).Middleware.func1()
/home/tclemos/go/pkg/mod/github.com/gin-gonic/gin@v1.7.2/context.go:165 github.com/gin-gonic/gin.(*Context).Next()
/home/tclemos/go/pkg/mod/github.com/gin-gonic/gin@v1.7.2/recovery.go:99 github.com/gin-gonic/gin.CustomRecoveryWithWriter.func1()
/home/tclemos/go/pkg/mod/github.com/gin-gonic/gin@v1.7.2/context.go:165 github.com/gin-gonic/gin.(*Context).Next()
/home/tclemos/go/pkg/mod/github.com/gin-gonic/gin@v1.7.2/logger.go:241 github.com/gin-gonic/gin.LoggerWithConfig.func1()
/home/tclemos/go/pkg/mod/github.com/gin-gonic/gin@v1.7.2/context.go:165 github.com/gin-gonic/gin.(*Context).Next()
/home/tclemos/go/pkg/mod/github.com/gin-gonic/gin@v1.7.2/gin.go:489 github.com/gin-gonic/gin.(*Engine).handleHTTPRequest()
/home/tclemos/go/pkg/mod/github.com/gin-gonic/gin@v1.7.2/gin.go:445 github.com/gin-gonic/gin.(*Engine).ServeHTTP()
/usr/local/go/src/net/http/server.go:2867 net/http.serverHandler.ServeHTTP()
/usr/local/go/src/net/http/server.go:1932 net/http.(*conn).serve()

	{"err": "sql: no rows in result set"}
[GIN] 2021/10/06 - 16:18:04 | 404 |     23.6929ms |       127.0.0.1 | PUT      "/v1/transactions-pool/accounts/hez:ETH:265/nonces/0"
2021-10-06T16:18:04-03:00	[33mWARN[0m	api/handlers.go:62	HTTP API Bad request error	{"err": "tx state is not pend or invl or fromIdx or nonce in request body not equal request uri params"}
[GIN] 2021/10/06 - 16:18:04 | 400 |       512.6µs |       127.0.0.1 | PUT      "/v1/transactions-pool/accounts/hez:ETH:259/nonces/2"
2021-10-06T16:18:04-03:00	[33mWARN[0m	api/handlers.go:62	HTTP API Bad request error	{"err": "tx state is not pend or invl or fromIdx or nonce in request body not equal request uri params"}
[GIN] 2021/10/06 - 16:18:04 | 400 |       649.6µs |       127.0.0.1 | PUT      "/v1/transactions-pool/accounts/hez:ETH:259/nonces/2"
2021-10-06T16:18:04-03:00	[33mWARN[0m	api/handlers.go:62	HTTP API Bad request error	{"err": "invalid txID"}
[GIN] 2021/10/06 - 16:18:04 | 400 |       341.8µs |       127.0.0.1 | GET      "/v1/transactions-pool/0xG2241b6f2b1dd772dba391f4a1a3407c7c21f598d86e2585a14e616fb4a255f823"
2021-10-06T16:18:04-03:00	[33mWARN[0m	api/handlers.go:20	HTTP API SQL request error: sql: no rows in result set
/mnt/d/github.com/hermeznetwork/hermez-node/db/l2db/apiqueries.go:216 github.com/hermeznetwork/hermez-node/db/l2db.(*L2DB).GetTxAPI()
/mnt/d/github.com/hermeznetwork/hermez-node/api/txspool.go:242 github.com/hermeznetwork/hermez-node/api.(*API).getPoolTx()
/home/tclemos/go/pkg/mod/github.com/gin-gonic/gin@v1.7.2/context.go:165 github.com/gin-gonic/gin.(*Context).Next()
/mnt/d/github.com/hermeznetwork/hermez-node/metric/request.go:69 github.com/hermeznetwork/hermez-node/metric.(*Prometheus).Middleware.func1()
/home/tclemos/go/pkg/mod/github.com/gin-gonic/gin@v1.7.2/context.go:165 github.com/gin-gonic/gin.(*Context).Next()
/home/tclemos/go/pkg/mod/github.com/gin-gonic/gin@v1.7.2/recovery.go:99 github.com/gin-gonic/gin.CustomRecoveryWithWriter.func1()
/home/tclemos/go/pkg/mod/github.com/gin-gonic/gin@v1.7.2/context.go:165 github.com/gin-gonic/gin.(*Context).Next()
/home/tclemos/go/pkg/mod/github.com/gin-gonic/gin@v1.7.2/logger.go:241 github.com/gin-gonic/gin.LoggerWithConfig.func1()
/home/tclemos/go/pkg/mod/github.com/gin-gonic/gin@v1.7.2/context.go:165 github.com/gin-gonic/gin.(*Context).Next()
/home/tclemos/go/pkg/mod/github.com/gin-gonic/gin@v1.7.2/gin.go:489 github.com/gin-gonic/gin.(*Engine).handleHTTPRequest()
/home/tclemos/go/pkg/mod/github.com/gin-gonic/gin@v1.7.2/gin.go:445 github.com/gin-gonic/gin.(*Engine).ServeHTTP()
/usr/local/go/src/net/http/server.go:2867 net/http.serverHandler.ServeHTTP()
/usr/local/go/src/net/http/server.go:1932 net/http.(*conn).serve()

	{"err": "sql: no rows in result set"}
[GIN] 2021/10/06 - 16:18:04 | 404 |      2.6328ms |       127.0.0.1 | GET      "/v1/transactions-pool/0x02241b6f2b1dd772dba391f4a1a3407c7c21f598d86e2585a14e616fb4a255f823"
--- PASS: TestPoolTxs (0.42s)
=== RUN   TestAllTosNull
2021-10-06T16:18:04-03:00	[33mWARN[0m	api/handlers.go:62	HTTP API Bad request error	{"err": "malformed transaction"}
[GIN] 2021/10/06 - 16:18:04 | 400 |       529.3µs |       127.0.0.1 | POST     "/v1/transactions-pool"
--- PASS: TestAllTosNull (0.02s)
PASS
ok  	github.com/hermeznetwork/hermez-node/api	7.094s
?   	github.com/hermeznetwork/hermez-node/api/coordinatornetwork	[no test files]
?   	github.com/hermeznetwork/hermez-node/api/parsers	[no test files]
?   	github.com/hermeznetwork/hermez-node/api/stateapiupdater	[no test files]
=== RUN   TestBatchBuilder
2021-10-06T16:18:05-03:00	[35mDEBUG[0m	statedb/statedb.go:523	Making StateDB ResetFromSynchronizer	{"batch": 0, "type": "batchbuilder"}
--- PASS: TestBatchBuilder (0.15s)
PASS
ok  	github.com/hermeznetwork/hermez-node/batchbuilder	0.296s
?   	github.com/hermeznetwork/hermez-node/cmd/heznode	[no test files]
=== RUN   TestIdxParser
--- PASS: TestIdxParser (0.00s)
=== RUN   TestNonceParser
--- PASS: TestNonceParser (0.00s)
=== RUN   TestAccount
--- PASS: TestAccount (0.00s)
=== RUN   TestAccountLoop
--- PASS: TestAccountLoop (0.58s)
=== RUN   TestAccountLoopRandom
--- PASS: TestAccountLoopRandom (0.57s)
=== RUN   TestAccountHashValue
--- PASS: TestAccountHashValue (0.00s)
=== RUN   TestAccountHashValueTestVectors
--- PASS: TestAccountHashValueTestVectors (0.01s)
=== RUN   TestAccountErrNotInFF
--- PASS: TestAccountErrNotInFF (0.00s)
=== RUN   TestAccountErrNumOverflowNonce
--- PASS: TestAccountErrNumOverflowNonce (0.00s)
=== RUN   TestAccountErrNumOverflowBalance
--- PASS: TestAccountErrNumOverflowBalance (0.00s)
=== RUN   TestAccountCreationAuthSignVerify
--- PASS: TestAccountCreationAuthSignVerify (0.00s)
=== RUN   TestKeccak256JSComp
--- PASS: TestKeccak256JSComp (0.00s)
=== RUN   TestAccountCreationAuthJSComp
--- PASS: TestAccountCreationAuthJSComp (0.00s)
=== RUN   TestStrBigInt
--- PASS: TestStrBigInt (0.00s)
=== RUN   TestStrHezEthAddr
--- PASS: TestStrHezEthAddr (0.00s)
=== RUN   TestStrHezIdx
--- PASS: TestStrHezIdx (0.00s)
=== RUN   TestFeePercentage
--- PASS: TestFeePercentage (0.00s)
=== RUN   TestCalcFeeAmount
--- PASS: TestCalcFeeAmount (0.00s)
=== RUN   TestFeePrintSQLSwitch
--- PASS: TestFeePrintSQLSwitch (0.00s)
=== RUN   TestConversionsFloat40
--- PASS: TestConversionsFloat40 (0.00s)
=== RUN   TestExpectError
--- PASS: TestExpectError (0.00s)
=== RUN   TestNewFloat40Floor
--- PASS: TestNewFloat40Floor (0.00s)
=== RUN   TestNewL1UserTx
--- PASS: TestNewL1UserTx (0.00s)
=== RUN   TestNewL1CoordinatorTx
--- PASS: TestNewL1CoordinatorTx (0.00s)
=== RUN   TestL1TxCompressedData
--- PASS: TestL1TxCompressedData (0.00s)
=== RUN   TestBytesDataAvailability
--- PASS: TestBytesDataAvailability (0.00s)
=== RUN   TestL1userTxByteParsers
--- PASS: TestL1userTxByteParsers (0.00s)
=== RUN   TestL1TxByteParsersCompatibility
--- PASS: TestL1TxByteParsersCompatibility (0.00s)
=== RUN   TestL1CoordinatorTxByteParsers
--- PASS: TestL1CoordinatorTxByteParsers (0.00s)
=== RUN   TestL1CoordinatorTxByteParsersCompatibility
--- PASS: TestL1CoordinatorTxByteParsersCompatibility (0.00s)
=== RUN   TestL1TxID
--- PASS: TestL1TxID (0.00s)
=== RUN   TestNewL2Tx
--- PASS: TestNewL2Tx (0.00s)
=== RUN   TestL2TxByteParsers
--- PASS: TestL2TxByteParsers (0.00s)
=== RUN   TestNewPoolL2Tx
--- PASS: TestNewPoolL2Tx (0.00s)
=== RUN   TestTxCompressedDataAndTxCompressedDataV2JSVectors
--- PASS: TestTxCompressedDataAndTxCompressedDataV2JSVectors (0.01s)
=== RUN   TestRqTxCompressedDataV2
--- PASS: TestRqTxCompressedDataV2 (0.00s)
=== RUN   TestHashToSign
--- PASS: TestHashToSign (0.00s)
=== RUN   TestVerifyTxSignature
--- PASS: TestVerifyTxSignature (0.03s)
=== RUN   TestVerifyTxSignatureEthAddrWith0
--- PASS: TestVerifyTxSignatureEthAddrWith0 (0.02s)
=== RUN   TestDecompressEmptyBJJComp
--- PASS: TestDecompressEmptyBJJComp (0.00s)
=== RUN   TestPoolL2TxID
--- PASS: TestPoolL2TxID (0.00s)
=== RUN   TestPoolL2Tx_SetType
=== RUN   TestPoolL2Tx_SetType/Send_to_bjj_address
=== RUN   TestPoolL2Tx_SetType/Send_to_eth_address
=== RUN   TestPoolL2Tx_SetType/Send_to_eth_FFAddr_address
=== RUN   TestPoolL2Tx_SetType/Send_to_idx
=== RUN   TestPoolL2Tx_SetType/Empty_transfer
=== RUN   TestPoolL2Tx_SetType/Empty_transfer_and_FFAddr
=== RUN   TestPoolL2Tx_SetType/Send_to_eth_and_bjj_addresses_and_idx
=== RUN   TestPoolL2Tx_SetType/Send_to_FFAddr_eth_and_bjj_addresses_and_idx
=== RUN   TestPoolL2Tx_SetType/Send_to_FFAddr_eth_and_bjj_addresses
=== RUN   TestPoolL2Tx_SetType/Send_to_eth_and_bjj_addresses
--- PASS: TestPoolL2Tx_SetType (0.00s)
    --- PASS: TestPoolL2Tx_SetType/Send_to_bjj_address (0.00s)
    --- PASS: TestPoolL2Tx_SetType/Send_to_eth_address (0.00s)
    --- PASS: TestPoolL2Tx_SetType/Send_to_eth_FFAddr_address (0.00s)
    --- PASS: TestPoolL2Tx_SetType/Send_to_idx (0.00s)
    --- PASS: TestPoolL2Tx_SetType/Empty_transfer (0.00s)
    --- PASS: TestPoolL2Tx_SetType/Empty_transfer_and_FFAddr (0.00s)
    --- PASS: TestPoolL2Tx_SetType/Send_to_eth_and_bjj_addresses_and_idx (0.00s)
    --- PASS: TestPoolL2Tx_SetType/Send_to_FFAddr_eth_and_bjj_addresses_and_idx (0.00s)
    --- PASS: TestPoolL2Tx_SetType/Send_to_FFAddr_eth_and_bjj_addresses (0.00s)
    --- PASS: TestPoolL2Tx_SetType/Send_to_eth_and_bjj_addresses (0.00s)
=== RUN   TestHashMaxNumBatch
--- PASS: TestHashMaxNumBatch (0.00s)
=== RUN   TestSignatureConstant
--- PASS: TestSignatureConstant (0.00s)
=== RUN   TestTxIDScannerValue
--- PASS: TestTxIDScannerValue (0.00s)
=== RUN   TestTxIDMarshalers
--- PASS: TestTxIDMarshalers (0.00s)
=== RUN   TestBJJFromStringWithChecksum
--- PASS: TestBJJFromStringWithChecksum (0.00s)
=== RUN   TestRmEndingZeroes
--- PASS: TestRmEndingZeroes (0.00s)
=== RUN   TestZKInputs
--- PASS: TestZKInputs (0.23s)
PASS
ok  	github.com/hermeznetwork/hermez-node/common	2.207s
=== RUN   TestBigIntStrScannerValuer
--- PASS: TestBigIntStrScannerValuer (0.05s)
=== RUN   TestStrBigInt
--- PASS: TestStrBigInt (0.00s)
=== RUN   TestStrHezEthAddr
--- PASS: TestStrHezEthAddr (0.00s)
=== RUN   TestStrHezBJJ
--- PASS: TestStrHezBJJ (0.00s)
=== RUN   TestStrHezIdx
--- PASS: TestStrHezIdx (0.00s)
=== RUN   TestHezEthAddr
--- PASS: TestHezEthAddr (0.04s)
=== RUN   TestHezBJJ
--- PASS: TestHezBJJ (0.05s)
=== RUN   TestEthSignature
--- PASS: TestEthSignature (0.05s)
=== RUN   TestMarshalUnmarshal
--- PASS: TestMarshalUnmarshal (0.00s)
PASS
ok  	github.com/hermeznetwork/hermez-node/common/apitypes	0.580s
?   	github.com/hermeznetwork/hermez-node/common/nonce	[no test files]
?   	github.com/hermeznetwork/hermez-node/config	[no test files]
=== RUN   TestCoordinatorFlow
--- PASS: TestCoordinatorFlow (0.00s)
=== RUN   TestCoordinatorStartStop
2021-10-06T16:18:13-03:00	[35mDEBUG[0m	test/ethclient.go:512	TestClient mined block	{"blockNum": 1}
2021-10-06T16:18:13-03:00	[34mINFO[0m	db/utils.go:61	successfully ran 0 migrations Up
2021-10-06T16:18:14-03:00	[34mINFO[0m	db/utils.go:77	successfully ran 11 migrations Down
2021-10-06T16:18:14-03:00	[34mINFO[0m	db/utils.go:61	successfully ran 11 migrations Up
2021-10-06T16:18:14-03:00	[35mDEBUG[0m	statedb/statedb.go:523	Making StateDB ResetFromSynchronizer	{"batch": 0, "type": "batchbuilder"}
2021-10-06T16:18:14-03:00	[34mINFO[0m	coordinator/txmanager.go:75	TxManager started	{"nonce": 0}
2021-10-06T16:18:14-03:00	[34mINFO[0m	coordinator/coordinator.go:669	Stopping Coordinator...
2021-10-06T16:18:14-03:00	[34mINFO[0m	coordinator/coordinator.go:609	Coordinator done
2021-10-06T16:18:14-03:00	[34mINFO[0m	coordinator/txmanager.go:497	TxManager: received initial statsVars	{"block": 0, "batch": 0}
2021-10-06T16:18:14-03:00	[34mINFO[0m	coordinator/txmanager.go:504	TxManager done
2021-10-06T16:18:14-03:00	[34mINFO[0m	coordinator/coordinator.go:647	Coordinator L2DB.PurgeByExternalDelete loop done
--- PASS: TestCoordinatorStartStop (1.24s)
=== RUN   TestCoordCanForge
2021-10-06T16:18:14-03:00	[35mDEBUG[0m	test/ethclient.go:512	TestClient mined block	{"blockNum": 1}
2021-10-06T16:18:14-03:00	[34mINFO[0m	db/utils.go:61	successfully ran 0 migrations Up
2021-10-06T16:18:15-03:00	[34mINFO[0m	db/utils.go:77	successfully ran 11 migrations Down
2021-10-06T16:18:15-03:00	[34mINFO[0m	db/utils.go:61	successfully ran 11 migrations Up
2021-10-06T16:18:15-03:00	[35mDEBUG[0m	statedb/statedb.go:523	Making StateDB ResetFromSynchronizer	{"batch": 0, "type": "batchbuilder"}
2021-10-06T16:18:15-03:00	[34mINFO[0m	coordinator/txmanager.go:75	TxManager started	{"nonce": 0}
2021-10-06T16:18:15-03:00	[34mINFO[0m	db/utils.go:61	successfully ran 0 migrations Up
2021-10-06T16:18:16-03:00	[34mINFO[0m	db/utils.go:77	successfully ran 11 migrations Down
2021-10-06T16:18:16-03:00	[34mINFO[0m	db/utils.go:61	successfully ran 11 migrations Up
2021-10-06T16:18:16-03:00	[35mDEBUG[0m	statedb/statedb.go:523	Making StateDB ResetFromSynchronizer	{"batch": 0, "type": "batchbuilder"}
2021-10-06T16:18:16-03:00	[34mINFO[0m	coordinator/txmanager.go:75	TxManager started	{"nonce": 0}
2021-10-06T16:18:16-03:00	[35mDEBUG[0m	coordinator/coordinator.go:397	canForge: can't forge because you didn't win the auction. Current slot auction winner: 	{"slot.Forger": "0xE39fEc6224708f0772D2A74fd3f9055A90E0A9f2"}
2021-10-06T16:18:16-03:00	[35mDEBUG[0m	coordinator/coordinator.go:390	canForge: anyone can forge in the current slot (slotDeadline passed)	{"block": 22}
2021-10-06T16:18:16-03:00	[35mDEBUG[0m	coordinator/coordinator.go:390	canForge: anyone can forge in the current slot (slotDeadline passed)	{"block": 22}
2021-10-06T16:18:16-03:00	[35mDEBUG[0m	coordinator/coordinator.go:390	canForge: anyone can forge in the current slot (slotDeadline passed)	{"block": 22}
2021-10-06T16:18:16-03:00	[35mDEBUG[0m	coordinator/coordinator.go:397	canForge: can't forge because you didn't win the auction. Current slot auction winner: 	{"slot.Forger": "0xE39fEc6224708f0772D2A74fd3f9055A90E0A9f2"}
2021-10-06T16:18:16-03:00	[35mDEBUG[0m	coordinator/coordinator.go:397	canForge: can't forge because you didn't win the auction. Current slot auction winner: 	{"slot.Forger": "0xc344E203a046Da13b0B4467EB7B3629D0C99F6E6"}
--- PASS: TestCoordCanForge (2.03s)
=== RUN   TestCoordHandleMsgSyncBlock
2021-10-06T16:18:16-03:00	[35mDEBUG[0m	test/ethclient.go:512	TestClient mined block	{"blockNum": 1}
2021-10-06T16:18:16-03:00	[34mINFO[0m	db/utils.go:61	successfully ran 0 migrations Up
2021-10-06T16:18:17-03:00	[34mINFO[0m	db/utils.go:77	successfully ran 11 migrations Down
2021-10-06T16:18:17-03:00	[34mINFO[0m	db/utils.go:61	successfully ran 11 migrations Up
2021-10-06T16:18:17-03:00	[35mDEBUG[0m	statedb/statedb.go:523	Making StateDB ResetFromSynchronizer	{"batch": 0, "type": "batchbuilder"}
2021-10-06T16:18:17-03:00	[34mINFO[0m	coordinator/txmanager.go:75	TxManager started	{"nonce": 0}
2021-10-06T16:18:17-03:00	[35mDEBUG[0m	coordinator/coordinator.go:397	canForge: can't forge because you didn't win the auction. Current slot auction winner: 	{"slot.Forger": "0xE39fEc6224708f0772D2A74fd3f9055A90E0A9f2"}
2021-10-06T16:18:17-03:00	[35mDEBUG[0m	coordinator/coordinator.go:397	canForge: can't forge because you didn't win the auction. Current slot auction winner: 	{"slot.Forger": "0xE39fEc6224708f0772D2A74fd3f9055A90E0A9f2"}
2021-10-06T16:18:17-03:00	[35mDEBUG[0m	coordinator/coordinator.go:390	canForge: anyone can forge in the current slot (slotDeadline passed)	{"block": 22}
2021-10-06T16:18:17-03:00	[35mDEBUG[0m	coordinator/coordinator.go:390	canForge: anyone can forge in the current slot (slotDeadline passed)	{"block": 22}
2021-10-06T16:18:17-03:00	[34mINFO[0m	coordinator/coordinator.go:427	Coordinator: forging state begin	{"block": 22, "batch": 0}
2021-10-06T16:18:18-03:00	[35mDEBUG[0m	statedb/statedb.go:523	Making StateDB ResetFromSynchronizer	{"batch": 0, "type": "txselector"}
2021-10-06T16:18:18-03:00	[35mDEBUG[0m	statedb/statedb.go:523	Making StateDB ResetFromSynchronizer	{"batch": 0, "type": "batchbuilder"}
2021-10-06T16:18:18-03:00	[35mDEBUG[0m	coordinator/coordinator.go:390	canForge: anyone can forge in the current slot (slotDeadline passed)	{"block": 23}
2021-10-06T16:18:18-03:00	[35mDEBUG[0m	coordinator/coordinator.go:390	canForge: anyone can forge in the current slot (slotDeadline passed)	{"block": 23}
2021-10-06T16:18:18-03:00	[35mDEBUG[0m	coordinator/coordinator.go:397	canForge: can't forge because you didn't win the auction. Current slot auction winner: 	{"slot.Forger": "0xE39fEc6224708f0772D2A74fd3f9055A90E0A9f2"}
2021-10-06T16:18:18-03:00	[35mDEBUG[0m	coordinator/purger.go:90	Purger: invalidating l2txs in pool	{"block": 21, "batch": 1}
2021-10-06T16:18:18-03:00	[35mDEBUG[0m	coordinator/coordinator.go:397	canForge: can't forge because you didn't win the auction. Current slot auction winner: 	{"slot.Forger": "0xE39fEc6224708f0772D2A74fd3f9055A90E0A9f2"}
2021-10-06T16:18:18-03:00	[34mINFO[0m	coordinator/coordinator.go:463	Coordinator: forging state end	{"block": 42}
2021-10-06T16:18:18-03:00	[34mINFO[0m	coordinator/pipeline.go:389	Stopping Pipeline...
2021-10-06T16:18:18-03:00	[34mINFO[0m	coordinator/pipeline.go:338	Pipeline waitServerProofSendEth loop done
2021-10-06T16:18:18-03:00	[35mDEBUG[0m	coordinator/purger.go:77	Purger: purging l2txs in pool	{"block": 21, "batch": 1}
2021-10-06T16:18:18-03:00	[35mDEBUG[0m	statedb/statedb.go:225	Making StateDB checkpoint	{"batch": 1, "type": "txselector"}
2021-10-06T16:18:18-03:00	[35mDEBUG[0m	statedb/statedb.go:225	Making StateDB checkpoint	{"batch": 1, "type": "batchbuilder"}
2021-10-06T16:18:18-03:00	[34mINFO[0m	coordinator/pipeline.go:632	Pipeline: batch forged internally	{"batch": 1}
2021-10-06T16:18:18-03:00	[34mINFO[0m	coordinator/pipeline.go:285	Pipeline forgeBatch loop done
2021-10-06T16:18:19-03:00	[35mDEBUG[0m	coordinator/purger.go:90	Purger: invalidating l2txs in pool	{"block": 41, "batch": 0}
2021-10-06T16:18:19-03:00	[35mDEBUG[0m	coordinator/purger.go:77	Purger: purging l2txs in pool	{"block": 41, "batch": 0}
--- PASS: TestCoordHandleMsgSyncBlock (2.38s)
=== RUN   TestCoordinatorStress
2021-10-06T16:18:19-03:00	[35mDEBUG[0m	test/ethclient.go:512	TestClient mined block	{"blockNum": 1}
2021-10-06T16:18:19-03:00	[34mINFO[0m	db/utils.go:61	successfully ran 0 migrations Up
2021-10-06T16:18:19-03:00	[34mINFO[0m	db/utils.go:77	successfully ran 11 migrations Down
2021-10-06T16:18:19-03:00	[34mINFO[0m	db/utils.go:61	successfully ran 11 migrations Up
2021-10-06T16:18:20-03:00	[35mDEBUG[0m	statedb/statedb.go:523	Making StateDB ResetFromSynchronizer	{"batch": 0, "type": "batchbuilder"}
2021-10-06T16:18:20-03:00	[34mINFO[0m	coordinator/txmanager.go:75	TxManager started	{"nonce": 0}
--- PASS: TestPipelineShouldL1L2Batch (1.45s)
=== RUN   TestPipelineForgeBatchWithTxs
2021-10-06T16:18:20-03:00	[35mDEBUG[0m	test/ethclient.go:512	TestClient mined block	{"blockNum": 1}
2021-10-06T16:18:20-03:00	[34mINFO[0m	db/utils.go:61	successfully ran 0 migrations Up
2021-10-06T16:18:21-03:00	[34mINFO[0m	db/utils.go:77	successfully ran 11 migrations Down
2021-10-06T16:18:21-03:00	[34mINFO[0m	db/utils.go:61	successfully ran 11 migrations Up
2021-10-06T16:18:21-03:00	[35mDEBUG[0m	statedb/statedb.go:523	Making StateDB ResetFromSynchronizer	{"batch": 0, "type": "batchbuilder"}
2021-10-06T16:18:21-03:00	[34mINFO[0m	coordinator/txmanager.go:75	TxManager started	{"nonce": 0}
2021-10-06T16:18:21-03:00	[34mINFO[0m	synchronizer/synchronizer.go:256	Synchronizer syncing from smart contract blocks	{"rollup": 1, "auction": 1, "wdelayer": 1}
2021-10-06T16:18:21-03:00	[35mDEBUG[0m	statedb/statedb.go:266	Making StateDB Reset	{"batch": 0, "type": "synchronizer"}
2021-10-06T16:18:21-03:00	[34mINFO[0m	synchronizer/synchronizer.go:759	Setting initial SCVars in HistoryDB
2021-10-06T16:18:21-03:00	[35mDEBUG[0m	statedb/statedb.go:266	Making StateDB Reset	{"batch": 0, "type": "synchronizer"}
2021-10-06T16:18:21-03:00	[34mINFO[0m	synchronizer/synchronizer.go:471	Sync init block	{"syncLastBlock": {"Num":0,"Timestamp":"0001-01-01T00:00:00Z","Hash":"0x0000000000000000000000000000000000000000000000000000000000000000"}, "syncBlocksPerc": 0, "ethFirstBlockNum": 1, "ethLastBlock": {"Num":1,"Timestamp":"1969-12-31T21:00:01-03:00","Hash":"0x0100000000000000000000000000000000000000000000000000000000000000"}}
2021-10-06T16:18:21-03:00	[34mINFO[0m	synchronizer/synchronizer.go:477	Sync init batch	{"syncLastBatch": 0, "syncBatchesPerc": "NaN", "ethLastBatch": 0}
2021-10-06T16:18:21-03:00	[35mDEBUG[0m	test/ethclient.go:512	TestClient mined block	{"blockNum": 2}
2021-10-06T16:18:21-03:00	[35mDEBUG[0m	synchronizer/synchronizer.go:542	ethBlock: num: 1, parent: 0x0000000000000000000000000000000000000000000000000000000000000000, hash: 0x0100000000000000000000000000000000000000000000000000000000000000
2021-10-06T16:18:21-03:00	[35mDEBUG[0m	synchronizer/synchronizer.go:554	Syncing...	{"block": 1, "ethLastBlock": {"Num":2,"Timestamp":"1969-12-31T21:00:02-03:00","Hash":"0x0200000000000000000000000000000000000000000000000000000000000000"}}
2021-10-06T16:18:21-03:00	[35mDEBUG[0m	synchronizer/synchronizer.go:674	Synced block	{"syncLastBlockNum": 1, "syncBlocksPerc": 50, "ethLastBlockNum": 2}
2021-10-06T16:18:21-03:00	[35mDEBUG[0m	synchronizer/synchronizer.go:542	ethBlock: num: 2, parent: 0x0100000000000000000000000000000000000000000000000000000000000000, hash: 0x0200000000000000000000000000000000000000000000000000000000000000
2021-10-06T16:18:21-03:00	[35mDEBUG[0m	synchronizer/synchronizer.go:554	Syncing...	{"block": 2, "ethLastBlock": {"Num":2,"Timestamp":"1969-12-31T21:00:02-03:00","Hash":"0x0200000000000000000000000000000000000000000000000000000000000000"}}
2021-10-06T16:18:21-03:00	[35mDEBUG[0m	statedb/statedb.go:225	Making StateDB checkpoint	{"batch": 1, "type": "synchronizer"}
2021-10-06T16:18:22-03:00	[35mDEBUG[0m	statedb/statedb.go:225	Making StateDB checkpoint	{"batch": 2, "type": "synchronizer"}
2021-10-06T16:18:22-03:00	[35mDEBUG[0m	synchronizer/synchronizer.go:666	Synced batch	{"syncLastBatch": 1, "syncBatchesPerc": 50, "ethLastBatch": 2}
2021-10-06T16:18:22-03:00	[35mDEBUG[0m	synchronizer/synchronizer.go:666	Synced batch	{"syncLastBatch": 2, "syncBatchesPerc": 100, "ethLastBatch": 2}
2021-10-06T16:18:22-03:00	[35mDEBUG[0m	synchronizer/synchronizer.go:674	Synced block	{"syncLastBlockNum": 2, "syncBlocksPerc": 100, "ethLastBlockNum": 2}
2021-10-06T16:18:22-03:00	[35mDEBUG[0m	statedb/statedb.go:523	Making StateDB ResetFromSynchronizer	{"batch": 2, "type": "txselector"}
2021-10-06T16:18:22-03:00	[35mDEBUG[0m	statedb/statedb.go:523	Making StateDB ResetFromSynchronizer	{"batch": 2, "type": "batchbuilder"}
2021-10-06T16:18:23-03:00	[35mDEBUG[0m	statedb/statedb.go:225	Making StateDB checkpoint	{"batch": 3, "type": "txselector"}
2021-10-06T16:18:23-03:00	[35mDEBUG[0m	statedb/statedb.go:225	Making StateDB checkpoint	{"batch": 3, "type": "batchbuilder"}
2021-10-06T16:18:23-03:00	[34mINFO[0m	coordinator/pipeline.go:632	Pipeline: batch forged internally	{"batch": 3}
2021-10-06T16:18:23-03:00	[35mDEBUG[0m	coordinator/purger.go:90	Purger: invalidating l2txs in pool	{"block": 2, "batch": 4}
2021-10-06T16:18:23-03:00	[35mDEBUG[0m	statedb/statedb.go:225	Making StateDB checkpoint	{"batch": 4, "type": "txselector"}
2021-10-06T16:18:23-03:00	[35mDEBUG[0m	statedb/statedb.go:225	Making StateDB checkpoint	{"batch": 4, "type": "batchbuilder"}
2021-10-06T16:18:24-03:00	[34mINFO[0m	coordinator/pipeline.go:632	Pipeline: batch forged internally	{"batch": 4}
--- PASS: TestPipelineForgeBatchWithTxs (4.06s)
=== RUN   TestEthRollupForgeBatch
--- PASS: TestEthRollupForgeBatch (0.00s)
=== RUN   TestCanPurgeCanInvalidate
--- PASS: TestCanPurgeCanInvalidate (0.00s)
=== RUN   TestPurgeMaybeInvalidateMaybe
2021-10-06T16:18:24-03:00	[34mINFO[0m	db/utils.go:61	successfully ran 0 migrations Up
2021-10-06T16:18:25-03:00	[34mINFO[0m	db/utils.go:77	successfully ran 11 migrations Down
2021-10-06T16:18:25-03:00	[34mINFO[0m	db/utils.go:61	successfully ran 11 migrations Up
2021-10-06T16:18:25-03:00	[35mDEBUG[0m	coordinator/purger.go:77	Purger: purging l2txs in pool	{"block": 1005, "batch": 12}
2021-10-06T16:18:25-03:00	[35mDEBUG[0m	coordinator/purger.go:90	Purger: invalidating l2txs in pool	{"block": 1007, "batch": 14}
--- PASS: TestPurgeMaybeInvalidateMaybe (0.96s)
=== RUN   TestIdxsNonce
--- PASS: TestIdxsNonce (0.00s)
=== RUN   TestPoolMarkInvalidOldNonces
2021-10-06T16:18:25-03:00	[34mINFO[0m	db/utils.go:61	successfully ran 0 migrations Up
2021-10-06T16:18:25-03:00	[34mINFO[0m	db/utils.go:77	successfully ran 11 migrations Down
2021-10-06T16:18:26-03:00	[34mINFO[0m	db/utils.go:61	successfully ran 11 migrations Up
--- PASS: TestPoolMarkInvalidOldNonces (1.15s)
=== RUN   TestAddPerc
--- PASS: TestAddPerc (0.00s)
PASS
ok  	github.com/hermeznetwork/hermez-node/coordinator	13.864s
ok  	github.com/hermeznetwork/hermez-node/coordinator/prover	0.127s
=== RUN   TestSliceToSlicePtrs
--- PASS: TestSliceToSlicePtrs (0.00s)
=== RUN   TestSlicePtrsToSlice
--- PASS: TestSlicePtrsToSlice (0.00s)
=== RUN   TestBigInt
2021-10-06T16:18:28-03:00	[34mINFO[0m	db/utils.go:61	successfully ran 0 migrations Up
--- PASS: TestBigInt (0.17s)
PASS
ok  	github.com/hermeznetwork/hermez-node/db	0.632s
2021-10-06T16:18:30-03:00	[34mINFO[0m	db/utils.go:61	successfully ran 0 migrations Up
=== RUN   TestBlocks
2021-10-06T16:18:30-03:00	[34mINFO[0m	db/utils.go:77	successfully ran 11 migrations Down
2021-10-06T16:18:31-03:00	[34mINFO[0m	db/utils.go:61	successfully ran 11 migrations Up
--- PASS: TestBlocks (0.69s)
=== RUN   TestBatches
2021-10-06T16:18:31-03:00	[34mINFO[0m	db/utils.go:77	successfully ran 11 migrations Down
2021-10-06T16:18:31-03:00	[34mINFO[0m	db/utils.go:61	successfully ran 11 migrations Up
--- PASS: TestBatches (0.76s)
=== RUN   TestBids
2021-10-06T16:18:32-03:00	[34mINFO[0m	db/utils.go:77	successfully ran 11 migrations Down
2021-10-06T16:18:32-03:00	[34mINFO[0m	db/utils.go:61	successfully ran 11 migrations Up
--- PASS: TestBids (0.62s)
=== RUN   TestTokens
2021-10-06T16:18:32-03:00	[34mINFO[0m	db/utils.go:77	successfully ran 11 migrations Down
2021-10-06T16:18:33-03:00	[34mINFO[0m	db/utils.go:61	successfully ran 11 migrations Up
--- PASS: TestTokens (0.65s)
=== RUN   TestTokensUTF8
2021-10-06T16:18:33-03:00	[34mINFO[0m	db/utils.go:77	successfully ran 11 migrations Down
2021-10-06T16:18:33-03:00	[34mINFO[0m	db/utils.go:61	successfully ran 11 migrations Up
2021-10-06T16:18:34-03:00	[34mINFO[0m	db/utils.go:77	successfully ran 11 migrations Down
2021-10-06T16:18:34-03:00	[34mINFO[0m	db/utils.go:61	successfully ran 11 migrations Up
--- PASS: TestTokensUTF8 (1.33s)
=== RUN   TestAccounts
2021-10-06T16:18:34-03:00	[34mINFO[0m	db/utils.go:77	successfully ran 11 migrations Down
2021-10-06T16:18:35-03:00	[34mINFO[0m	db/utils.go:61	successfully ran 11 migrations Up
--- PASS: TestAccounts (0.75s)
=== RUN   TestTxs
2021-10-06T16:18:35-03:00	[34mINFO[0m	db/utils.go:77	successfully ran 11 migrations Down
2021-10-06T16:18:36-03:00	[34mINFO[0m	db/utils.go:61	successfully ran 11 migrations Up
--- PASS: TestTxs (0.79s)
=== RUN   TestExitTree
2021-10-06T16:18:36-03:00	[34mINFO[0m	db/utils.go:77	successfully ran 11 migrations Down
2021-10-06T16:18:36-03:00	[34mINFO[0m	db/utils.go:61	successfully ran 11 migrations Up
--- PASS: TestExitTree (0.76s)
=== RUN   TestGetUnforgedL1UserTxs
2021-10-06T16:18:37-03:00	[34mINFO[0m	db/utils.go:77	successfully ran 11 migrations Down
2021-10-06T16:18:37-03:00	[34mINFO[0m	db/utils.go:61	successfully ran 11 migrations Up
--- PASS: TestGetUnforgedL1UserTxs (0.69s)
=== RUN   TestSetInitialSCVars
2021-10-06T16:18:37-03:00	[34mINFO[0m	db/utils.go:77	successfully ran 11 migrations Down
2021-10-06T16:18:38-03:00	[34mINFO[0m	db/utils.go:61	successfully ran 11 migrations Up
--- PASS: TestSetInitialSCVars (0.63s)
=== RUN   TestSetExtraInfoForgedL1UserTxs
2021-10-06T16:18:38-03:00	[34mINFO[0m	db/utils.go:77	successfully ran 11 migrations Down
2021-10-06T16:18:38-03:00	[34mINFO[0m	db/utils.go:61	successfully ran 11 migrations Up
2021-10-06T16:18:38-03:00	[34mINFO[0m	historydb/historydb_test.go:856	0 0 2000
2021-10-06T16:18:38-03:00	[34mINFO[0m	historydb/historydb_test.go:856	1 0 500
2021-10-06T16:18:38-03:00	[34mINFO[0m	historydb/historydb_test.go:856	2 0 0
--- PASS: TestSetExtraInfoForgedL1UserTxs (0.68s)
=== RUN   TestUpdateExitTree
2021-10-06T16:18:39-03:00	[34mINFO[0m	db/utils.go:77	successfully ran 11 migrations Down
2021-10-06T16:18:39-03:00	[34mINFO[0m	db/utils.go:61	successfully ran 11 migrations Up
--- PASS: TestUpdateExitTree (0.71s)
=== RUN   TestGetBestBidCoordinator
2021-10-06T16:18:39-03:00	[34mINFO[0m	db/utils.go:77	successfully ran 11 migrations Down
2021-10-06T16:18:40-03:00	[34mINFO[0m	db/utils.go:61	successfully ran 11 migrations Up
--- PASS: TestGetBestBidCoordinator (0.64s)
=== RUN   TestAddBucketUpdates
2021-10-06T16:18:40-03:00	[34mINFO[0m	db/utils.go:77	successfully ran 11 migrations Down
2021-10-06T16:18:40-03:00	[34mINFO[0m	db/utils.go:61	successfully ran 11 migrations Up
2021-10-06T16:18:41-03:00	[34mINFO[0m	db/utils.go:77	successfully ran 11 migrations Down
2021-10-06T16:18:41-03:00	[34mINFO[0m	db/utils.go:61	successfully ran 11 migrations Up
--- PASS: TestAddBucketUpdates (1.23s)
=== RUN   TestAddTokenExchanges
2021-10-06T16:18:41-03:00	[34mINFO[0m	db/utils.go:77	successfully ran 11 migrations Down
2021-10-06T16:18:42-03:00	[34mINFO[0m	db/utils.go:61	successfully ran 11 migrations Up
2021-10-06T16:18:42-03:00	[34mINFO[0m	db/utils.go:77	successfully ran 11 migrations Down
2021-10-06T16:18:42-03:00	[34mINFO[0m	db/utils.go:61	successfully ran 11 migrations Up
--- PASS: TestAddTokenExchanges (1.24s)
=== RUN   TestAddEscapeHatchWithdrawals
2021-10-06T16:18:43-03:00	[34mINFO[0m	db/utils.go:77	successfully ran 11 migrations Down
2021-10-06T16:18:43-03:00	[34mINFO[0m	db/utils.go:61	successfully ran 11 migrations Up
2021-10-06T16:18:43-03:00	[34mINFO[0m	db/utils.go:77	successfully ran 11 migrations Down
2021-10-06T16:18:43-03:00	[34mINFO[0m	db/utils.go:61	successfully ran 11 migrations Up
--- PASS: TestAddEscapeHatchWithdrawals (1.23s)
=== RUN   TestGetMetricsAPI
2021-10-06T16:18:44-03:00	[34mINFO[0m	db/utils.go:77	successfully ran 11 migrations Down
2021-10-06T16:18:44-03:00	[34mINFO[0m	db/utils.go:61	successfully ran 11 migrations Up
--- PASS: TestGetMetricsAPI (0.69s)
=== RUN   TestGetMetricsAPIMoreThan24Hours
2021-10-06T16:18:44-03:00	[34mINFO[0m	db/utils.go:77	successfully ran 11 migrations Down
2021-10-06T16:18:45-03:00	[34mINFO[0m	db/utils.go:61	successfully ran 11 migrations Up
--- PASS: TestGetMetricsAPIMoreThan24Hours (0.94s)
=== RUN   TestGetMetricsAPIEmpty
2021-10-06T16:18:45-03:00	[34mINFO[0m	db/utils.go:77	successfully ran 11 migrations Down
2021-10-06T16:18:46-03:00	[34mINFO[0m	db/utils.go:61	successfully ran 11 migrations Up
--- PASS: TestGetMetricsAPIEmpty (0.63s)
=== RUN   TestGetLastL1TxsNum
2021-10-06T16:18:46-03:00	[34mINFO[0m	db/utils.go:77	successfully ran 11 migrations Down
2021-10-06T16:18:46-03:00	[34mINFO[0m	db/utils.go:61	successfully ran 11 migrations Up
--- PASS: TestGetLastL1TxsNum (0.65s)
=== RUN   TestGetLastTxsPosition
2021-10-06T16:18:47-03:00	[34mINFO[0m	db/utils.go:77	successfully ran 11 migrations Down
2021-10-06T16:18:47-03:00	[34mINFO[0m	db/utils.go:61	successfully ran 11 migrations Up
--- PASS: TestGetLastTxsPosition (0.63s)
=== RUN   TestGetFirstBatchBlockNumBySlot
2021-10-06T16:18:47-03:00	[34mINFO[0m	db/utils.go:77	successfully ran 11 migrations Down
2021-10-06T16:18:48-03:00	[34mINFO[0m	db/utils.go:61	successfully ran 11 migrations Up
--- PASS: TestGetFirstBatchBlockNumBySlot (0.73s)
=== RUN   TestTxItemID
2021-10-06T16:18:48-03:00	[34mINFO[0m	db/utils.go:77	successfully ran 11 migrations Down
2021-10-06T16:18:48-03:00	[34mINFO[0m	db/utils.go:61	successfully ran 11 migrations Up
--- PASS: TestTxItemID (1.15s)
=== RUN   TestNodeInfo
2021-10-06T16:18:49-03:00	[34mINFO[0m	db/utils.go:77	successfully ran 11 migrations Down
2021-10-06T16:18:50-03:00	[34mINFO[0m	db/utils.go:61	successfully ran 11 migrations Up
--- PASS: TestNodeInfo (0.65s)
PASS
ok  	github.com/hermeznetwork/hermez-node/db/historydb	20.017s
=== RUN   TestCheckpoints
/tmp/sdb621303786
	BatchNum1
	BatchNum2
	BatchNum3
	current
	last
--- PASS: TestCheckpoints (1.56s)
=== RUN   TestListCheckpoints
--- PASS: TestListCheckpoints (1.28s)
=== RUN   TestDeleteOldCheckpoints
--- PASS: TestDeleteOldCheckpoints (2.19s)
=== RUN   TestConcurrentDeleteOldCheckpoints
--- PASS: TestConcurrentDeleteOldCheckpoints (4.47s)
=== RUN   TestGetCurrentIdx
--- PASS: TestGetCurrentIdx (0.33s)
PASS
ok  	github.com/hermeznetwork/hermez-node/db/kvdb	9.991s
2021-10-06T16:19:02-03:00	[34mINFO[0m	db/utils.go:61	successfully ran 0 migrations Up
2021-10-06T16:19:03-03:00	[34mINFO[0m	db/utils.go:77	successfully ran 11 migrations Down
2021-10-06T16:19:03-03:00	[34mINFO[0m	db/utils.go:61	successfully ran 11 migrations Up
=== RUN   TestAddTxTest
2021-10-06T16:19:03-03:00	[34mINFO[0m	db/utils.go:77	successfully ran 11 migrations Down
2021-10-06T16:19:04-03:00	[34mINFO[0m	db/utils.go:61	successfully ran 11 migrations Up
--- PASS: TestAddTxTest (0.86s)
=== RUN   TestAddTxAPI
2021-10-06T16:19:04-03:00	[34mINFO[0m	db/utils.go:77	successfully ran 11 migrations Down
2021-10-06T16:19:04-03:00	[34mINFO[0m	db/utils.go:61	successfully ran 11 migrations Up
--- PASS: TestAddTxAPI (0.86s)
=== RUN   TestUpdateTxsInfo
2021-10-06T16:19:05-03:00	[34mINFO[0m	db/utils.go:77	successfully ran 11 migrations Down
2021-10-06T16:19:05-03:00	[34mINFO[0m	db/utils.go:61	successfully ran 11 migrations Up
--- PASS: TestUpdateTxsInfo (0.98s)
=== RUN   TestGetPending
2021-10-06T16:19:06-03:00	[34mINFO[0m	db/utils.go:77	successfully ran 11 migrations Down
2021-10-06T16:19:06-03:00	[34mINFO[0m	db/utils.go:61	successfully ran 11 migrations Up
--- PASS: TestGetPending (0.91s)
=== RUN   TestL2DB_GetPoolTxs
2021-10-06T16:19:07-03:00	[34mINFO[0m	db/utils.go:77	successfully ran 11 migrations Down
2021-10-06T16:19:07-03:00	[34mINFO[0m	db/utils.go:61	successfully ran 11 migrations Up
--- PASS: TestL2DB_GetPoolTxs (0.83s)
=== RUN   TestStartForging
2021-10-06T16:19:08-03:00	[34mINFO[0m	db/utils.go:77	successfully ran 11 migrations Down
2021-10-06T16:19:08-03:00	[34mINFO[0m	db/utils.go:61	successfully ran 11 migrations Up
--- PASS: TestStartForging (0.86s)
=== RUN   TestDoneForging
2021-10-06T16:19:08-03:00	[34mINFO[0m	db/utils.go:77	successfully ran 11 migrations Down
2021-10-06T16:19:09-03:00	[34mINFO[0m	db/utils.go:61	successfully ran 11 migrations Up
--- PASS: TestDoneForging (0.82s)
=== RUN   TestInvalidate
2021-10-06T16:19:09-03:00	[34mINFO[0m	db/utils.go:77	successfully ran 11 migrations Down
2021-10-06T16:19:10-03:00	[34mINFO[0m	db/utils.go:61	successfully ran 11 migrations Up
--- PASS: TestInvalidate (0.84s)
=== RUN   TestInvalidateOldNonces
2021-10-06T16:19:10-03:00	[34mINFO[0m	db/utils.go:77	successfully ran 11 migrations Down
2021-10-06T16:19:11-03:00	[34mINFO[0m	db/utils.go:61	successfully ran 11 migrations Up
--- PASS: TestInvalidateOldNonces (0.83s)
=== RUN   TestReorg
2021-10-06T16:19:11-03:00	[34mINFO[0m	db/utils.go:77	successfully ran 11 migrations Down
2021-10-06T16:19:11-03:00	[34mINFO[0m	db/utils.go:61	successfully ran 11 migrations Up
--- PASS: TestReorg (0.91s)
=== RUN   TestReorg2
2021-10-06T16:19:12-03:00	[34mINFO[0m	db/utils.go:77	successfully ran 11 migrations Down
2021-10-06T16:19:12-03:00	[34mINFO[0m	db/utils.go:61	successfully ran 11 migrations Up
--- PASS: TestReorg2 (0.98s)
=== RUN   TestPurge
2021-10-06T16:19:13-03:00	[34mINFO[0m	db/utils.go:77	successfully ran 11 migrations Down
2021-10-06T16:19:13-03:00	[34mINFO[0m	db/utils.go:61	successfully ran 11 migrations Up
--- PASS: TestPurge (25.21s)
=== RUN   TestAuth
2021-10-06T16:19:38-03:00	[34mINFO[0m	db/utils.go:77	successfully ran 11 migrations Down
2021-10-06T16:19:38-03:00	[34mINFO[0m	db/utils.go:61	successfully ran 11 migrations Up
--- PASS: TestAuth (0.70s)
=== RUN   TestManyAuth
2021-10-06T16:19:39-03:00	[34mINFO[0m	db/utils.go:77	successfully ran 11 migrations Down
2021-10-06T16:19:39-03:00	[34mINFO[0m	db/utils.go:61	successfully ran 11 migrations Up
--- PASS: TestManyAuth (0.65s)
=== RUN   TestAddGet
2021-10-06T16:19:39-03:00	[34mINFO[0m	db/utils.go:77	successfully ran 11 migrations Down
2021-10-06T16:19:40-03:00	[34mINFO[0m	db/utils.go:61	successfully ran 11 migrations Up
--- PASS: TestAddGet (0.81s)
=== RUN   TestPurgeByExternalDelete
2021-10-06T16:19:40-03:00	[34mINFO[0m	db/utils.go:77	successfully ran 11 migrations Down
2021-10-06T16:19:41-03:00	[34mINFO[0m	db/utils.go:61	successfully ran 11 migrations Up
--- PASS: TestPurgeByExternalDelete (0.86s)
PASS
ok  	github.com/hermeznetwork/hermez-node/db/l2db	39.029s
=== RUN   TestMigration0002
2021-10-06T16:19:42-03:00	[34mINFO[0m	db/utils.go:77	successfully ran 11 migrations Down
2021-10-06T16:19:42-03:00	[34mINFO[0m	db/utils.go:77	successfully ran 1 migrations Down
--- PASS: TestMigration0002 (0.67s)
=== RUN   TestMigration0003
2021-10-06T16:19:42-03:00	[34mINFO[0m	db/utils.go:77	successfully ran 1 migrations Down
2021-10-06T16:19:43-03:00	[34mINFO[0m	db/utils.go:77	successfully ran 1 migrations Down
--- PASS: TestMigration0003 (0.60s)
=== RUN   TestMigration0004
2021-10-06T16:19:43-03:00	[34mINFO[0m	db/utils.go:77	successfully ran 2 migrations Down
2021-10-06T16:19:43-03:00	[34mINFO[0m	db/utils.go:77	successfully ran 1 migrations Down
--- PASS: TestMigration0004 (0.60s)
=== RUN   TestMigration0005
2021-10-06T16:19:43-03:00	[34mINFO[0m	db/utils.go:77	successfully ran 3 migrations Down
2021-10-06T16:19:44-03:00	[34mINFO[0m	db/utils.go:77	successfully ran 1 migrations Down
2021-10-06T16:19:44-03:00	[34mINFO[0m	db/utils.go:77	successfully ran 4 migrations Down
2021-10-06T16:19:45-03:00	[34mINFO[0m	db/utils.go:77	successfully ran 1 migrations Down
--- PASS: TestMigration0005 (1.31s)
=== RUN   TestMigration0006
2021-10-06T16:19:45-03:00	[34mINFO[0m	db/utils.go:77	successfully ran 4 migrations Down
2021-10-06T16:19:45-03:00	[34mINFO[0m	db/utils.go:77	successfully ran 1 migrations Down
--- PASS: TestMigration0006 (0.65s)
=== RUN   TestMigration0007
2021-10-06T16:19:45-03:00	[34mINFO[0m	db/utils.go:77	successfully ran 5 migrations Down
2021-10-06T16:19:46-03:00	[34mINFO[0m	db/utils.go:77	successfully ran 1 migrations Down
--- PASS: TestMigration0007 (0.72s)
=== RUN   TestMigration0008
2021-10-06T16:19:46-03:00	[34mINFO[0m	db/utils.go:77	successfully ran 6 migrations Down
2021-10-06T16:19:47-03:00	[34mINFO[0m	db/utils.go:77	successfully ran 1 migrations Down
--- PASS: TestMigration0008 (0.73s)
=== RUN   TestMigration0009
2021-10-06T16:19:47-03:00	[34mINFO[0m	db/utils.go:77	successfully ran 7 migrations Down
2021-10-06T16:19:47-03:00	[34mINFO[0m	db/utils.go:77	successfully ran 1 migrations Down
--- PASS: TestMigration0009 (0.74s)
=== RUN   TestMigration0010
2021-10-06T16:19:48-03:00	[34mINFO[0m	db/utils.go:77	successfully ran 8 migrations Down
2021-10-06T16:19:48-03:00	[34mINFO[0m	db/utils.go:77	successfully ran 1 migrations Down
--- PASS: TestMigration0010 (0.71s)
=== RUN   TestMigration0011
2021-10-06T16:19:48-03:00	[34mINFO[0m	db/utils.go:77	successfully ran 9 migrations Down
2021-10-06T16:19:49-03:00	[34mINFO[0m	db/utils.go:77	successfully ran 1 migrations Down
--- PASS: TestMigration0011 (0.71s)
PASS
ok  	github.com/hermeznetwork/hermez-node/db/migrations	7.594s
=== RUN   TestNewStateDBIntermediateState
2021-10-06T16:19:50-03:00	[35mDEBUG[0m	statedb/statedb.go:225	Making StateDB checkpoint	{"batch": 1, "type": "txselector"}
--- PASS: TestNewStateDBIntermediateState (0.38s)
=== RUN   TestStateDBWithoutMT
--- PASS: TestStateDBWithoutMT (0.13s)
=== RUN   TestStateDBWithMT
--- PASS: TestStateDBWithMT (0.59s)
=== RUN   TestCheckpoints
2021-10-06T16:19:51-03:00	[35mDEBUG[0m	statedb/statedb.go:266	Making StateDB Reset	{"batch": 0, "type": "synchronizer"}
2021-10-06T16:19:51-03:00	[35mDEBUG[0m	statedb/statedb.go:225	Making StateDB checkpoint	{"batch": 1, "type": "synchronizer"}
2021-10-06T16:19:51-03:00	[35mDEBUG[0m	statedb/statedb.go:225	Making StateDB checkpoint	{"batch": 2, "type": "synchronizer"}
2021-10-06T16:19:52-03:00	[35mDEBUG[0m	statedb/statedb.go:225	Making StateDB checkpoint	{"batch": 3, "type": "synchronizer"}
2021-10-06T16:19:52-03:00	[35mDEBUG[0m	statedb/statedb.go:225	Making StateDB checkpoint	{"batch": 4, "type": "synchronizer"}
2021-10-06T16:19:52-03:00	[35mDEBUG[0m	statedb/statedb.go:225	Making StateDB checkpoint	{"batch": 5, "type": "synchronizer"}
2021-10-06T16:19:52-03:00	[35mDEBUG[0m	statedb/statedb.go:225	Making StateDB checkpoint	{"batch": 6, "type": "synchronizer"}
2021-10-06T16:19:52-03:00	[35mDEBUG[0m	statedb/statedb.go:225	Making StateDB checkpoint	{"batch": 7, "type": "synchronizer"}
2021-10-06T16:19:52-03:00	[35mDEBUG[0m	statedb/statedb.go:225	Making StateDB checkpoint	{"batch": 8, "type": "synchronizer"}
2021-10-06T16:19:52-03:00	[35mDEBUG[0m	statedb/statedb.go:225	Making StateDB checkpoint	{"batch": 9, "type": "synchronizer"}
2021-10-06T16:19:52-03:00	[35mDEBUG[0m	statedb/statedb.go:225	Making StateDB checkpoint	{"batch": 10, "type": "synchronizer"}
2021-10-06T16:19:52-03:00	[35mDEBUG[0m	statedb/statedb.go:266	Making StateDB Reset	{"batch": 3, "type": "synchronizer"}
2021-10-06T16:19:52-03:00	[35mDEBUG[0m	statedb/statedb.go:266	Making StateDB Reset	{"batch": 3, "type": "synchronizer"}
2021-10-06T16:19:52-03:00	[35mDEBUG[0m	statedb/statedb.go:225	Making StateDB checkpoint	{"batch": 4, "type": "synchronizer"}
2021-10-06T16:19:53-03:00	[35mDEBUG[0m	statedb/statedb.go:523	Making StateDB ResetFromSynchronizer	{"batch": 4, "type": "batchbuilder"}
2021-10-06T16:19:53-03:00	[35mDEBUG[0m	statedb/statedb.go:225	Making StateDB checkpoint	{"batch": 5, "type": "batchbuilder"}
2021-10-06T16:19:53-03:00	[35mDEBUG[0m	statedb/statedb.go:523	Making StateDB ResetFromSynchronizer	{"batch": 4, "type": "batchbuilder"}
2021-10-06T16:19:53-03:00	[35mDEBUG[0m	statedb/statedb.go:225	Making StateDB checkpoint	{"batch": 5, "type": "batchbuilder"}
--- PASS: TestCheckpoints (1.73s)
=== RUN   TestStateDBGetAccounts
--- PASS: TestStateDBGetAccounts (0.20s)
=== RUN   TestCheckAccountsTreeTestVectors
--- PASS: TestCheckAccountsTreeTestVectors (0.12s)
=== RUN   TestListCheckpoints
2021-10-06T16:19:53-03:00	[35mDEBUG[0m	statedb/statedb.go:225	Making StateDB checkpoint	{"batch": 1, "type": "synchronizer"}
2021-10-06T16:19:53-03:00	[35mDEBUG[0m	statedb/statedb.go:225	Making StateDB checkpoint	{"batch": 2, "type": "synchronizer"}
2021-10-06T16:19:53-03:00	[35mDEBUG[0m	statedb/statedb.go:225	Making StateDB checkpoint	{"batch": 3, "type": "synchronizer"}
2021-10-06T16:19:53-03:00	[35mDEBUG[0m	statedb/statedb.go:225	Making StateDB checkpoint	{"batch": 4, "type": "synchronizer"}
2021-10-06T16:19:53-03:00	[35mDEBUG[0m	statedb/statedb.go:225	Making StateDB checkpoint	{"batch": 5, "type": "synchronizer"}
2021-10-06T16:19:54-03:00	[35mDEBUG[0m	statedb/statedb.go:225	Making StateDB checkpoint	{"batch": 6, "type": "synchronizer"}
2021-10-06T16:19:54-03:00	[35mDEBUG[0m	statedb/statedb.go:225	Making StateDB checkpoint	{"batch": 7, "type": "synchronizer"}
2021-10-06T16:19:54-03:00	[35mDEBUG[0m	statedb/statedb.go:225	Making StateDB checkpoint	{"batch": 8, "type": "synchronizer"}
2021-10-06T16:19:54-03:00	[35mDEBUG[0m	statedb/statedb.go:225	Making StateDB checkpoint	{"batch": 9, "type": "synchronizer"}
2021-10-06T16:19:54-03:00	[35mDEBUG[0m	statedb/statedb.go:225	Making StateDB checkpoint	{"batch": 10, "type": "synchronizer"}
2021-10-06T16:19:54-03:00	[35mDEBUG[0m	statedb/statedb.go:225	Making StateDB checkpoint	{"batch": 11, "type": "synchronizer"}
2021-10-06T16:19:54-03:00	[35mDEBUG[0m	statedb/statedb.go:225	Making StateDB checkpoint	{"batch": 12, "type": "synchronizer"}
2021-10-06T16:19:54-03:00	[35mDEBUG[0m	statedb/statedb.go:225	Making StateDB checkpoint	{"batch": 13, "type": "synchronizer"}
2021-10-06T16:19:54-03:00	[35mDEBUG[0m	statedb/statedb.go:225	Making StateDB checkpoint	{"batch": 14, "type": "synchronizer"}
2021-10-06T16:19:54-03:00	[35mDEBUG[0m	statedb/statedb.go:225	Making StateDB checkpoint	{"batch": 15, "type": "synchronizer"}
2021-10-06T16:19:54-03:00	[35mDEBUG[0m	statedb/statedb.go:225	Making StateDB checkpoint	{"batch": 16, "type": "synchronizer"}
2021-10-06T16:19:54-03:00	[35mDEBUG[0m	statedb/statedb.go:266	Making StateDB Reset	{"batch": 10, "type": "synchronizer"}
--- PASS: TestListCheckpoints (1.26s)
=== RUN   TestDeleteOldCheckpoints
2021-10-06T16:19:54-03:00	[35mDEBUG[0m	statedb/statedb.go:225	Making StateDB checkpoint	{"batch": 1, "type": "synchronizer"}
2021-10-06T16:19:55-03:00	[35mDEBUG[0m	statedb/statedb.go:225	Making StateDB checkpoint	{"batch": 2, "type": "synchronizer"}
2021-10-06T16:19:55-03:00	[35mDEBUG[0m	statedb/statedb.go:225	Making StateDB checkpoint	{"batch": 3, "type": "synchronizer"}
2021-10-06T16:19:55-03:00	[35mDEBUG[0m	statedb/statedb.go:225	Making StateDB checkpoint	{"batch": 4, "type": "synchronizer"}
2021-10-06T16:19:55-03:00	[35mDEBUG[0m	statedb/statedb.go:225	Making StateDB checkpoint	{"batch": 5, "type": "synchronizer"}
2021-10-06T16:19:55-03:00	[35mDEBUG[0m	statedb/statedb.go:225	Making StateDB checkpoint	{"batch": 6, "type": "synchronizer"}
2021-10-06T16:19:55-03:00	[35mDEBUG[0m	statedb/statedb.go:225	Making StateDB checkpoint	{"batch": 7, "type": "synchronizer"}
2021-10-06T16:19:55-03:00	[35mDEBUG[0m	statedb/statedb.go:225	Making StateDB checkpoint	{"batch": 8, "type": "synchronizer"}
2021-10-06T16:19:55-03:00	[35mDEBUG[0m	statedb/statedb.go:225	Making StateDB checkpoint	{"batch": 9, "type": "synchronizer"}
2021-10-06T16:19:55-03:00	[35mDEBUG[0m	statedb/statedb.go:225	Making StateDB checkpoint	{"batch": 10, "type": "synchronizer"}
2021-10-06T16:19:55-03:00	[35mDEBUG[0m	statedb/statedb.go:225	Making StateDB checkpoint	{"batch": 11, "type": "synchronizer"}
2021-10-06T16:19:55-03:00	[35mDEBUG[0m	statedb/statedb.go:225	Making StateDB checkpoint	{"batch": 12, "type": "synchronizer"}
2021-10-06T16:19:55-03:00	[35mDEBUG[0m	statedb/statedb.go:225	Making StateDB checkpoint	{"batch": 13, "type": "synchronizer"}
2021-10-06T16:19:55-03:00	[35mDEBUG[0m	statedb/statedb.go:225	Making StateDB checkpoint	{"batch": 14, "type": "synchronizer"}
2021-10-06T16:19:55-03:00	[35mDEBUG[0m	statedb/statedb.go:225	Making StateDB checkpoint	{"batch": 15, "type": "synchronizer"}
2021-10-06T16:19:55-03:00	[35mDEBUG[0m	statedb/statedb.go:225	Making StateDB checkpoint	{"batch": 16, "type": "synchronizer"}
2021-10-06T16:19:56-03:00	[35mDEBUG[0m	statedb/statedb.go:225	Making StateDB checkpoint	{"batch": 17, "type": "synchronizer"}
2021-10-06T16:19:56-03:00	[35mDEBUG[0m	statedb/statedb.go:225	Making StateDB checkpoint	{"batch": 18, "type": "synchronizer"}
2021-10-06T16:19:56-03:00	[35mDEBUG[0m	statedb/statedb.go:225	Making StateDB checkpoint	{"batch": 19, "type": "synchronizer"}
2021-10-06T16:19:56-03:00	[35mDEBUG[0m	statedb/statedb.go:225	Making StateDB checkpoint	{"batch": 20, "type": "synchronizer"}
2021-10-06T16:19:56-03:00	[35mDEBUG[0m	statedb/statedb.go:225	Making StateDB checkpoint	{"batch": 21, "type": "synchronizer"}
2021-10-06T16:19:56-03:00	[35mDEBUG[0m	statedb/statedb.go:225	Making StateDB checkpoint	{"batch": 22, "type": "synchronizer"}
2021-10-06T16:19:56-03:00	[35mDEBUG[0m	statedb/statedb.go:225	Making StateDB checkpoint	{"batch": 23, "type": "synchronizer"}
2021-10-06T16:19:56-03:00	[35mDEBUG[0m	statedb/statedb.go:225	Making StateDB checkpoint	{"batch": 24, "type": "synchronizer"}
2021-10-06T16:19:56-03:00	[35mDEBUG[0m	statedb/statedb.go:225	Making StateDB checkpoint	{"batch": 25, "type": "synchronizer"}
2021-10-06T16:19:56-03:00	[35mDEBUG[0m	statedb/statedb.go:225	Making StateDB checkpoint	{"batch": 26, "type": "synchronizer"}
2021-10-06T16:19:56-03:00	[35mDEBUG[0m	statedb/statedb.go:225	Making StateDB checkpoint	{"batch": 27, "type": "synchronizer"}
2021-10-06T16:19:56-03:00	[35mDEBUG[0m	statedb/statedb.go:225	Making StateDB checkpoint	{"batch": 28, "type": "synchronizer"}
2021-10-06T16:19:56-03:00	[35mDEBUG[0m	statedb/statedb.go:225	Making StateDB checkpoint	{"batch": 29, "type": "synchronizer"}
2021-10-06T16:19:57-03:00	[35mDEBUG[0m	statedb/statedb.go:225	Making StateDB checkpoint	{"batch": 30, "type": "synchronizer"}
2021-10-06T16:19:57-03:00	[35mDEBUG[0m	statedb/statedb.go:225	Making StateDB checkpoint	{"batch": 31, "type": "synchronizer"}
2021-10-06T16:19:57-03:00	[35mDEBUG[0m	statedb/statedb.go:225	Making StateDB checkpoint	{"batch": 32, "type": "synchronizer"}
--- PASS: TestDeleteOldCheckpoints (2.42s)
=== RUN   TestConcurrentDeleteOldCheckpoints
2021-10-06T16:19:57-03:00	[35mDEBUG[0m	statedb/statedb.go:225	Making StateDB checkpoint	{"batch": 1, "type": "synchronizer"}
2021-10-06T16:19:57-03:00	[35mDEBUG[0m	statedb/statedb.go:225	Making StateDB checkpoint	{"batch": 2, "type": "synchronizer"}
2021-10-06T16:19:57-03:00	[35mDEBUG[0m	statedb/statedb.go:225	Making StateDB checkpoint	{"batch": 3, "type": "synchronizer"}
2021-10-06T16:19:57-03:00	[35mDEBUG[0m	statedb/statedb.go:225	Making StateDB checkpoint	{"batch": 4, "type": "synchronizer"}
2021-10-06T16:19:57-03:00	[35mDEBUG[0m	statedb/statedb.go:225	Making StateDB checkpoint	{"batch": 5, "type": "synchronizer"}
2021-10-06T16:19:57-03:00	[35mDEBUG[0m	statedb/statedb.go:225	Making StateDB checkpoint	{"batch": 6, "type": "synchronizer"}
2021-10-06T16:19:57-03:00	[35mDEBUG[0m	statedb/statedb.go:225	Making StateDB checkpoint	{"batch": 7, "type": "synchronizer"}
2021-10-06T16:19:57-03:00	[35mDEBUG[0m	statedb/statedb.go:225	Making StateDB checkpoint	{"batch": 8, "type": "synchronizer"}
2021-10-06T16:19:57-03:00	[35mDEBUG[0m	statedb/statedb.go:225	Making StateDB checkpoint	{"batch": 9, "type": "synchronizer"}
2021-10-06T16:19:58-03:00	[35mDEBUG[0m	statedb/statedb.go:225	Making StateDB checkpoint	{"batch": 10, "type": "synchronizer"}
2021-10-06T16:19:58-03:00	[35mDEBUG[0m	statedb/statedb.go:225	Making StateDB checkpoint	{"batch": 11, "type": "synchronizer"}
2021-10-06T16:19:58-03:00	[35mDEBUG[0m	statedb/statedb.go:225	Making StateDB checkpoint	{"batch": 12, "type": "synchronizer"}
2021-10-06T16:19:58-03:00	[35mDEBUG[0m	statedb/statedb.go:225	Making StateDB checkpoint	{"batch": 13, "type": "synchronizer"}
2021-10-06T16:19:58-03:00	[35mDEBUG[0m	statedb/statedb.go:225	Making StateDB checkpoint	{"batch": 14, "type": "synchronizer"}
2021-10-06T16:19:58-03:00	[35mDEBUG[0m	statedb/statedb.go:225	Making StateDB checkpoint	{"batch": 15, "type": "synchronizer"}
2021-10-06T16:19:58-03:00	[35mDEBUG[0m	statedb/statedb.go:225	Making StateDB checkpoint	{"batch": 16, "type": "synchronizer"}
2021-10-06T16:19:58-03:00	[35mDEBUG[0m	statedb/statedb.go:225	Making StateDB checkpoint	{"batch": 17, "type": "synchronizer"}
2021-10-06T16:19:58-03:00	[35mDEBUG[0m	statedb/statedb.go:225	Making StateDB checkpoint	{"batch": 18, "type": "synchronizer"}
2021-10-06T16:19:58-03:00	[35mDEBUG[0m	statedb/statedb.go:225	Making StateDB checkpoint	{"batch": 19, "type": "synchronizer"}
2021-10-06T16:19:58-03:00	[35mDEBUG[0m	statedb/statedb.go:225	Making StateDB checkpoint	{"batch": 20, "type": "synchronizer"}
2021-10-06T16:19:58-03:00	[35mDEBUG[0m	statedb/statedb.go:225	Making StateDB checkpoint	{"batch": 21, "type": "synchronizer"}
2021-10-06T16:19:59-03:00	[35mDEBUG[0m	statedb/statedb.go:225	Making StateDB checkpoint	{"batch": 22, "type": "synchronizer"}
2021-10-06T16:19:59-03:00	[35mDEBUG[0m	statedb/statedb.go:225	Making StateDB checkpoint	{"batch": 23, "type": "synchronizer"}
2021-10-06T16:19:59-03:00	[35mDEBUG[0m	statedb/statedb.go:225	Making StateDB checkpoint	{"batch": 24, "type": "synchronizer"}
2021-10-06T16:19:59-03:00	[35mDEBUG[0m	statedb/statedb.go:225	Making StateDB checkpoint	{"batch": 25, "type": "synchronizer"}
2021-10-06T16:19:59-03:00	[35mDEBUG[0m	statedb/statedb.go:225	Making StateDB checkpoint	{"batch": 26, "type": "synchronizer"}
2021-10-06T16:19:59-03:00	[35mDEBUG[0m	statedb/statedb.go:225	Making StateDB checkpoint	{"batch": 27, "type": "synchronizer"}
2021-10-06T16:19:59-03:00	[35mDEBUG[0m	statedb/statedb.go:225	Making StateDB checkpoint	{"batch": 28, "type": "synchronizer"}
2021-10-06T16:19:59-03:00	[35mDEBUG[0m	statedb/statedb.go:225	Making StateDB checkpoint	{"batch": 29, "type": "synchronizer"}
2021-10-06T16:19:59-03:00	[35mDEBUG[0m	statedb/statedb.go:225	Making StateDB checkpoint	{"batch": 30, "type": "synchronizer"}
2021-10-06T16:19:59-03:00	[35mDEBUG[0m	statedb/statedb.go:225	Making StateDB checkpoint	{"batch": 31, "type": "synchronizer"}
2021-10-06T16:19:59-03:00	[35mDEBUG[0m	statedb/statedb.go:225	Making StateDB checkpoint	{"batch": 32, "type": "synchronizer"}
--- PASS: TestConcurrentDeleteOldCheckpoints (2.67s)
=== RUN   TestCurrentIdx
2021-10-06T16:20:00-03:00	[35mDEBUG[0m	statedb/statedb.go:225	Making StateDB checkpoint	{"batch": 1, "type": "synchronizer"}
--- PASS: TestCurrentIdx (0.33s)
=== RUN   TestResetFromBadCheckpoint
2021-10-06T16:20:00-03:00	[35mDEBUG[0m	statedb/statedb.go:225	Making StateDB checkpoint	{"batch": 1, "type": "synchronizer"}
2021-10-06T16:20:00-03:00	[35mDEBUG[0m	statedb/statedb.go:225	Making StateDB checkpoint	{"batch": 2, "type": "synchronizer"}
2021-10-06T16:20:00-03:00	[35mDEBUG[0m	statedb/statedb.go:225	Making StateDB checkpoint	{"batch": 3, "type": "synchronizer"}
2021-10-06T16:20:00-03:00	[35mDEBUG[0m	statedb/statedb.go:266	Making StateDB Reset	{"batch": 10, "type": "synchronizer"}
--- PASS: TestResetFromBadCheckpoint (0.28s)
=== RUN   TestGetIdx
2021-10-06T16:20:00-03:00	[35mDEBUG[0m	statedb/utils.go:45	StateDB.setIdxByEthAddrBJJ: Idx not stored because there already exist a smaller Idx for the given EthAddr & BJJ
--- PASS: TestGetIdx (0.07s)
PASS
ok  	github.com/hermeznetwork/hermez-node/db/statedb	10.338s
ok  	github.com/hermeznetwork/hermez-node/eth	0.145s
?   	github.com/hermeznetwork/hermez-node/eth/contracts/auction	[no test files]
?   	github.com/hermeznetwork/hermez-node/eth/contracts/hermez	[no test files]
?   	github.com/hermeznetwork/hermez-node/eth/contracts/tokenhez	[no test files]
?   	github.com/hermeznetwork/hermez-node/eth/contracts/withdrawaldelayer	[no test files]
=== RUN   TestEtherscanApiServer
=== RUN   TestEtherscanApiServer/testGetGasPrice
--- PASS: TestEtherscanApiServer (0.00s)
    --- PASS: TestEtherscanApiServer/testGetGasPrice (0.00s)
PASS
ok  	github.com/hermeznetwork/hermez-node/etherscan	0.024s
?   	github.com/hermeznetwork/hermez-node/health/checkers	[no test files]
=== RUN   TestLog
2021-10-06T16:20:02-03:00	[34mINFO[0m	log/log_test.go:10	Test log.Info value is 10
2021-10-06T16:20:02-03:00	[34mINFO[0m	log/log_test.go:11	Test log.Infof 10
2021-10-06T16:20:02-03:00	[34mINFO[0m	log/log_test.go:12	Test log.Infow	{"value": 10}
2021-10-06T16:20:02-03:00	[35mDEBUG[0m	log/log_test.go:13	Test log.Debugf 10
2021-10-06T16:20:02-03:00	[31mERROR[0m	log/log_test.go:14	Test log.Error value is 10
2021-10-06T16:20:02-03:00	[31mERROR[0m	log/log_test.go:15	Test log.Errorf 10
2021-10-06T16:20:02-03:00	[31mERROR[0m	log/log_test.go:16	Test log.Errorw	{"value": 10}
2021-10-06T16:20:02-03:00	[33mWARN[0m	log/log_test.go:17	Test log.Warnf 10
2021-10-06T16:20:02-03:00	[33mWARN[0m	log/log_test.go:18	Test log.Warnw	{"value": 10}
--- PASS: TestLog (0.00s)
PASS
ok  	github.com/hermeznetwork/hermez-node/log	0.023s
?   	github.com/hermeznetwork/hermez-node/metric	[no test files]
?   	github.com/hermeznetwork/hermez-node/node	[no test files]
=== RUN   TestSyncGeneral
2021-10-06T16:20:05-03:00	[34mINFO[0m	db/utils.go:61	successfully ran 1 migrations Up
2021-10-06T16:20:05-03:00	[34mINFO[0m	db/utils.go:77	successfully ran 11 migrations Down
2021-10-06T16:20:05-03:00	[34mINFO[0m	db/utils.go:61	successfully ran 11 migrations Up
2021-10-06T16:20:05-03:00	[35mDEBUG[0m	test/ethclient.go:512	TestClient mined block	{"blockNum": 1}
2021-10-06T16:20:05-03:00	[34mINFO[0m	synchronizer/synchronizer.go:256	Synchronizer syncing from smart contract blocks	{"rollup": 1, "auction": 1, "wdelayer": 1}
2021-10-06T16:20:05-03:00	[35mDEBUG[0m	statedb/statedb.go:266	Making StateDB Reset	{"batch": 0, "type": "synchronizer"}
2021-10-06T16:20:05-03:00	[34mINFO[0m	synchronizer/synchronizer.go:759	Setting initial SCVars in HistoryDB
2021-10-06T16:20:05-03:00	[35mDEBUG[0m	statedb/statedb.go:266	Making StateDB Reset	{"batch": 0, "type": "synchronizer"}
2021-10-06T16:20:06-03:00	[34mINFO[0m	synchronizer/synchronizer.go:471	Sync init block	{"syncLastBlock": {"Num":0,"Timestamp":"0001-01-01T00:00:00Z","Hash":"0x0000000000000000000000000000000000000000000000000000000000000000"}, "syncBlocksPerc": 0, "ethFirstBlockNum": 1, "ethLastBlock": {"Num":1,"Timestamp":"1969-12-31T21:00:01-03:00","Hash":"0x0100000000000000000000000000000000000000000000000000000000000000"}}
2021-10-06T16:20:06-03:00	[34mINFO[0m	synchronizer/synchronizer.go:477	Sync init batch	{"syncLastBatch": 0, "syncBatchesPerc": "NaN", "ethLastBatch": 0}
2021-10-06T16:20:06-03:00	[35mDEBUG[0m	synchronizer/synchronizer.go:542	ethBlock: num: 1, parent: 0x0000000000000000000000000000000000000000000000000000000000000000, hash: 0x0100000000000000000000000000000000000000000000000000000000000000
2021-10-06T16:20:06-03:00	[35mDEBUG[0m	synchronizer/synchronizer.go:554	Syncing...	{"block": 1, "ethLastBlock": {"Num":1,"Timestamp":"1969-12-31T21:00:01-03:00","Hash":"0x0100000000000000000000000000000000000000000000000000000000000000"}}
2021-10-06T16:20:06-03:00	[35mDEBUG[0m	synchronizer/synchronizer.go:674	Synced block	{"syncLastBlockNum": 1, "syncBlocksPerc": 100, "ethLastBlockNum": 1}
2021-10-06T16:20:06-03:00	[35mDEBUG[0m	test/ethclient.go:512	TestClient mined block	{"blockNum": 2}
2021-10-06T16:20:06-03:00	[35mDEBUG[0m	test/ethclient.go:512	TestClient mined block	{"blockNum": 3}
2021-10-06T16:20:06-03:00	[35mDEBUG[0m	synchronizer/synchronizer.go:542	ethBlock: num: 2, parent: 0x0100000000000000000000000000000000000000000000000000000000000000, hash: 0x0200000000000000000000000000000000000000000000000000000000000000
2021-10-06T16:20:06-03:00	[35mDEBUG[0m	synchronizer/synchronizer.go:554	Syncing...	{"block": 2, "ethLastBlock": {"Num":3,"Timestamp":"1969-12-31T21:00:03-03:00","Hash":"0x0300000000000000000000000000000000000000000000000000000000000000"}}
2021-10-06T16:20:06-03:00	[35mDEBUG[0m	statedb/statedb.go:225	Making StateDB checkpoint	{"batch": 1, "type": "synchronizer"}
2021-10-06T16:20:06-03:00	[35mDEBUG[0m	statedb/statedb.go:225	Making StateDB checkpoint	{"batch": 2, "type": "synchronizer"}
2021-10-06T16:20:06-03:00	[35mDEBUG[0m	synchronizer/synchronizer.go:666	Synced batch	{"syncLastBatch": 1, "syncBatchesPerc": 25, "ethLastBatch": 4}
2021-10-06T16:20:06-03:00	[35mDEBUG[0m	synchronizer/synchronizer.go:666	Synced batch	{"syncLastBatch": 2, "syncBatchesPerc": 50, "ethLastBatch": 4}
2021-10-06T16:20:06-03:00	[35mDEBUG[0m	synchronizer/synchronizer.go:674	Synced block	{"syncLastBlockNum": 2, "syncBlocksPerc": 66.66666666666667, "ethLastBlockNum": 3}
2021-10-06T16:20:06-03:00	[35mDEBUG[0m	synchronizer/synchronizer.go:542	ethBlock: num: 3, parent: 0x0200000000000000000000000000000000000000000000000000000000000000, hash: 0x0300000000000000000000000000000000000000000000000000000000000000
2021-10-06T16:20:06-03:00	[35mDEBUG[0m	synchronizer/synchronizer.go:554	Syncing...	{"block": 3, "ethLastBlock": {"Num":3,"Timestamp":"1969-12-31T21:00:03-03:00","Hash":"0x0300000000000000000000000000000000000000000000000000000000000000"}}
2021-10-06T16:20:06-03:00	[35mDEBUG[0m	statedb/statedb.go:225	Making StateDB checkpoint	{"batch": 3, "type": "synchronizer"}
2021-10-06T16:20:06-03:00	[35mDEBUG[0m	statedb/statedb.go:225	Making StateDB checkpoint	{"batch": 4, "type": "synchronizer"}
2021-10-06T16:20:06-03:00	[35mDEBUG[0m	synchronizer/synchronizer.go:666	Synced batch	{"syncLastBatch": 3, "syncBatchesPerc": 75, "ethLastBatch": 4}
2021-10-06T16:20:06-03:00	[35mDEBUG[0m	synchronizer/synchronizer.go:666	Synced batch	{"syncLastBatch": 4, "syncBatchesPerc": 100, "ethLastBatch": 4}
2021-10-06T16:20:06-03:00	[35mDEBUG[0m	synchronizer/synchronizer.go:674	Synced block	{"syncLastBlockNum": 3, "syncBlocksPerc": 100, "ethLastBlockNum": 3}
2021-10-06T16:20:06-03:00	[35mDEBUG[0m	test/ethclient.go:512	TestClient mined block	{"blockNum": 4}
2021-10-06T16:20:06-03:00	[35mDEBUG[0m	synchronizer/synchronizer.go:542	ethBlock: num: 4, parent: 0x0300000000000000000000000000000000000000000000000000000000000000, hash: 0x0400000000000000000000000000000000000000000000000000000000000000
2021-10-06T16:20:06-03:00	[35mDEBUG[0m	synchronizer/synchronizer.go:554	Syncing...	{"block": 4, "ethLastBlock": {"Num":4,"Timestamp":"1969-12-31T21:00:04-03:00","Hash":"0x0400000000000000000000000000000000000000000000000000000000000000"}}
2021-10-06T16:20:07-03:00	[35mDEBUG[0m	synchronizer/synchronizer.go:674	Synced block	{"syncLastBlockNum": 4, "syncBlocksPerc": 100, "ethLastBlockNum": 4}
2021-10-06T16:20:07-03:00	[35mDEBUG[0m	test/ethclient.go:512	TestClient mined block	{"blockNum": 5}
2021-10-06T16:20:07-03:00	[35mDEBUG[0m	synchronizer/synchronizer.go:542	ethBlock: num: 5, parent: 0x0400000000000000000000000000000000000000000000000000000000000000, hash: 0x0500000000000000000000000000000000000000000000000000000000000000
2021-10-06T16:20:07-03:00	[35mDEBUG[0m	synchronizer/synchronizer.go:554	Syncing...	{"block": 5, "ethLastBlock": {"Num":5,"Timestamp":"1969-12-31T21:00:05-03:00","Hash":"0x0500000000000000000000000000000000000000000000000000000000000000"}}
2021-10-06T16:20:07-03:00	[35mDEBUG[0m	synchronizer/synchronizer.go:674	Synced block	{"syncLastBlockNum": 5, "syncBlocksPerc": 100, "ethLastBlockNum": 5}
2021-10-06T16:20:07-03:00	[35mDEBUG[0m	test/ethclient.go:512	TestClient mined block	{"blockNum": 2}
2021-10-06T16:20:07-03:00	[35mDEBUG[0m	test/ethclient.go:512	TestClient mined block	{"blockNum": 3}
2021-10-06T16:20:07-03:00	[35mDEBUG[0m	test/ethclient.go:512	TestClient mined block	{"blockNum": 4}
2021-10-06T16:20:07-03:00	[35mDEBUG[0m	test/ethclient.go:512	TestClient mined block	{"blockNum": 5}
2021-10-06T16:20:07-03:00	[35mDEBUG[0m	test/ethclient.go:512	TestClient mined block	{"blockNum": 6}
2021-10-06T16:20:07-03:00	[35mDEBUG[0m	synchronizer/synchronizer.go:542	ethBlock: num: 6, parent: 0x0900000000000000000000000000000000000000000000000000000000000000, hash: 0x0a00000000000000000000000000000000000000000000000000000000000000
2021-10-06T16:20:07-03:00	[35mDEBUG[0m	synchronizer/synchronizer.go:554	Syncing...	{"block": 6, "ethLastBlock": {"Num":6,"Timestamp":"1969-12-31T21:00:10-03:00","Hash":"0x0a00000000000000000000000000000000000000000000000000000000000000"}}
2021-10-06T16:20:07-03:00	[35mDEBUG[0m	synchronizer/synchronizer.go:563	Reorg Detected	{"blockNum": 6, "block.parent(got)": "0x0900000000000000000000000000000000000000000000000000000000000000", "parent.hash(exp)": "0x0500000000000000000000000000000000000000000000000000000000000000"}
2021-10-06T16:20:07-03:00	[35mDEBUG[0m	synchronizer/synchronizer.go:703	Found valid block: 1
2021-10-06T16:20:07-03:00	[35mDEBUG[0m	synchronizer/synchronizer.go:709	Discarding blocks	{"total": 4, "from": 5, "to": 2}
2021-10-06T16:20:07-03:00	[35mDEBUG[0m	statedb/statedb.go:266	Making StateDB Reset	{"batch": 0, "type": "synchronizer"}
2021-10-06T16:20:07-03:00	[35mDEBUG[0m	synchronizer/synchronizer.go:542	ethBlock: num: 2, parent: 0x0100000000000000000000000000000000000000000000000000000000000000, hash: 0x0600000000000000000000000000000000000000000000000000000000000000
2021-10-06T16:20:07-03:00	[35mDEBUG[0m	synchronizer/synchronizer.go:554	Syncing...	{"block": 2, "ethLastBlock": {"Num":6,"Timestamp":"1969-12-31T21:00:10-03:00","Hash":"0x0a00000000000000000000000000000000000000000000000000000000000000"}}
2021-10-06T16:20:07-03:00	[35mDEBUG[0m	statedb/statedb.go:225	Making StateDB checkpoint	{"batch": 1, "type": "synchronizer"}
2021-10-06T16:20:07-03:00	[35mDEBUG[0m	statedb/statedb.go:225	Making StateDB checkpoint	{"batch": 2, "type": "synchronizer"}
2021-10-06T16:20:07-03:00	[35mDEBUG[0m	synchronizer/synchronizer.go:666	Synced batch	{"syncLastBatch": 1, "syncBatchesPerc": 50, "ethLastBatch": 2}
2021-10-06T16:20:07-03:00	[35mDEBUG[0m	synchronizer/synchronizer.go:666	Synced batch	{"syncLastBatch": 2, "syncBatchesPerc": 100, "ethLastBatch": 2}
2021-10-06T16:20:07-03:00	[35mDEBUG[0m	synchronizer/synchronizer.go:674	Synced block	{"syncLastBlockNum": 2, "syncBlocksPerc": 33.333333333333336, "ethLastBlockNum": 6}
2021-10-06T16:20:07-03:00	[35mDEBUG[0m	synchronizer/synchronizer.go:542	ethBlock: num: 3, parent: 0x0600000000000000000000000000000000000000000000000000000000000000, hash: 0x0700000000000000000000000000000000000000000000000000000000000000
2021-10-06T16:20:07-03:00	[35mDEBUG[0m	synchronizer/synchronizer.go:554	Syncing...	{"block": 3, "ethLastBlock": {"Num":6,"Timestamp":"1969-12-31T21:00:10-03:00","Hash":"0x0a00000000000000000000000000000000000000000000000000000000000000"}}
2021-10-06T16:20:07-03:00	[35mDEBUG[0m	synchronizer/synchronizer.go:674	Synced block	{"syncLastBlockNum": 3, "syncBlocksPerc": 50, "ethLastBlockNum": 6}
2021-10-06T16:20:07-03:00	[35mDEBUG[0m	synchronizer/synchronizer.go:542	ethBlock: num: 4, parent: 0x0700000000000000000000000000000000000000000000000000000000000000, hash: 0x0800000000000000000000000000000000000000000000000000000000000000
2021-10-06T16:20:07-03:00	[35mDEBUG[0m	synchronizer/synchronizer.go:554	Syncing...	{"block": 4, "ethLastBlock": {"Num":6,"Timestamp":"1969-12-31T21:00:10-03:00","Hash":"0x0a00000000000000000000000000000000000000000000000000000000000000"}}
2021-10-06T16:20:07-03:00	[35mDEBUG[0m	synchronizer/synchronizer.go:674	Synced block	{"syncLastBlockNum": 4, "syncBlocksPerc": 66.66666666666667, "ethLastBlockNum": 6}
2021-10-06T16:20:07-03:00	[35mDEBUG[0m	synchronizer/synchronizer.go:542	ethBlock: num: 5, parent: 0x0800000000000000000000000000000000000000000000000000000000000000, hash: 0x0900000000000000000000000000000000000000000000000000000000000000
2021-10-06T16:20:07-03:00	[35mDEBUG[0m	synchronizer/synchronizer.go:554	Syncing...	{"block": 5, "ethLastBlock": {"Num":6,"Timestamp":"1969-12-31T21:00:10-03:00","Hash":"0x0a00000000000000000000000000000000000000000000000000000000000000"}}
2021-10-06T16:20:07-03:00	[35mDEBUG[0m	synchronizer/synchronizer.go:674	Synced block	{"syncLastBlockNum": 5, "syncBlocksPerc": 83.33333333333333, "ethLastBlockNum": 6}
2021-10-06T16:20:07-03:00	[35mDEBUG[0m	synchronizer/synchronizer.go:542	ethBlock: num: 6, parent: 0x0900000000000000000000000000000000000000000000000000000000000000, hash: 0x0a00000000000000000000000000000000000000000000000000000000000000
2021-10-06T16:20:07-03:00	[35mDEBUG[0m	synchronizer/synchronizer.go:554	Syncing...	{"block": 6, "ethLastBlock": {"Num":6,"Timestamp":"1969-12-31T21:00:10-03:00","Hash":"0x0a00000000000000000000000000000000000000000000000000000000000000"}}
2021-10-06T16:20:07-03:00	[35mDEBUG[0m	synchronizer/synchronizer.go:674	Synced block	{"syncLastBlockNum": 6, "syncBlocksPerc": 100, "ethLastBlockNum": 6}
--- PASS: TestSyncGeneral (2.66s)
=== RUN   TestSyncForgerCommitment
2021-10-06T16:20:07-03:00	[34mINFO[0m	db/utils.go:61	successfully ran 0 migrations Up
2021-10-06T16:20:08-03:00	[34mINFO[0m	db/utils.go:77	successfully ran 11 migrations Down
2021-10-06T16:20:08-03:00	[34mINFO[0m	db/utils.go:61	successfully ran 11 migrations Up
2021-10-06T16:20:08-03:00	[35mDEBUG[0m	test/ethclient.go:512	TestClient mined block	{"blockNum": 1}
2021-10-06T16:20:08-03:00	[34mINFO[0m	synchronizer/synchronizer.go:256	Synchronizer syncing from smart contract blocks	{"rollup": 1, "auction": 1, "wdelayer": 1}
2021-10-06T16:20:08-03:00	[35mDEBUG[0m	statedb/statedb.go:266	Making StateDB Reset	{"batch": 0, "type": "synchronizer"}
2021-10-06T16:20:08-03:00	[34mINFO[0m	synchronizer/synchronizer.go:759	Setting initial SCVars in HistoryDB
2021-10-06T16:20:08-03:00	[35mDEBUG[0m	statedb/statedb.go:266	Making StateDB Reset	{"batch": 0, "type": "synchronizer"}
2021-10-06T16:20:08-03:00	[34mINFO[0m	synchronizer/synchronizer.go:471	Sync init block	{"syncLastBlock": {"Num":0,"Timestamp":"0001-01-01T00:00:00Z","Hash":"0x0000000000000000000000000000000000000000000000000000000000000000"}, "syncBlocksPerc": 0, "ethFirstBlockNum": 1, "ethLastBlock": {"Num":1,"Timestamp":"1969-12-31T21:00:01-03:00","Hash":"0x0100000000000000000000000000000000000000000000000000000000000000"}}
2021-10-06T16:20:08-03:00	[34mINFO[0m	synchronizer/synchronizer.go:477	Sync init batch	{"syncLastBatch": 0, "syncBatchesPerc": "NaN", "ethLastBatch": 0}
2021-10-06T16:20:08-03:00	[35mDEBUG[0m	synchronizer/synchronizer.go:542	ethBlock: num: 1, parent: 0x0000000000000000000000000000000000000000000000000000000000000000, hash: 0x0100000000000000000000000000000000000000000000000000000000000000
2021-10-06T16:20:08-03:00	[35mDEBUG[0m	synchronizer/synchronizer.go:554	Syncing...	{"block": 1, "ethLastBlock": {"Num":1,"Timestamp":"1969-12-31T21:00:01-03:00","Hash":"0x0100000000000000000000000000000000000000000000000000000000000000"}}
2021-10-06T16:20:08-03:00	[35mDEBUG[0m	synchronizer/synchronizer.go:674	Synced block	{"syncLastBlockNum": 1, "syncBlocksPerc": 100, "ethLastBlockNum": 1}
2021-10-06T16:20:08-03:00	[35mDEBUG[0m	test/ethclient.go:512	TestClient mined block	{"blockNum": 2}
2021-10-06T16:20:08-03:00	[35mDEBUG[0m	synchronizer/synchronizer.go:542	ethBlock: num: 2, parent: 0x0100000000000000000000000000000000000000000000000000000000000000, hash: 0x0200000000000000000000000000000000000000000000000000000000000000
2021-10-06T16:20:08-03:00	[35mDEBUG[0m	synchronizer/synchronizer.go:554	Syncing...	{"block": 2, "ethLastBlock": {"Num":2,"Timestamp":"1969-12-31T21:00:02-03:00","Hash":"0x0200000000000000000000000000000000000000000000000000000000000000"}}
2021-10-06T16:20:08-03:00	[35mDEBUG[0m	synchronizer/synchronizer.go:674	Synced block	{"syncLastBlockNum": 2, "syncBlocksPerc": 100, "ethLastBlockNum": 2}
2021-10-06T16:20:08-03:00	[34mINFO[0m	synchronizer/synchronizer.go:256	Synchronizer syncing from smart contract blocks	{"rollup": 1, "auction": 1, "wdelayer": 1}
2021-10-06T16:20:08-03:00	[35mDEBUG[0m	statedb/statedb.go:266	Making StateDB Reset	{"batch": 0, "type": "synchronizer"}
2021-10-06T16:20:08-03:00	[34mINFO[0m	synchronizer/synchronizer.go:471	Sync init block	{"syncLastBlock": {"Num":2,"Timestamp":"1970-01-01T00:00:02Z","Hash":"0x0200000000000000000000000000000000000000000000000000000000000000"}, "syncBlocksPerc": 100, "ethFirstBlockNum": 1, "ethLastBlock": {"Num":2,"Timestamp":"1969-12-31T21:00:02-03:00","Hash":"0x0200000000000000000000000000000000000000000000000000000000000000"}}
2021-10-06T16:20:08-03:00	[34mINFO[0m	synchronizer/synchronizer.go:477	Sync init batch	{"syncLastBatch": 0, "syncBatchesPerc": "NaN", "ethLastBatch": 0}
2021-10-06T16:20:08-03:00	[35mDEBUG[0m	test/ethclient.go:512	TestClient mined block	{"blockNum": 3}
2021-10-06T16:20:08-03:00	[35mDEBUG[0m	synchronizer/synchronizer.go:542	ethBlock: num: 3, parent: 0x0200000000000000000000000000000000000000000000000000000000000000, hash: 0x0300000000000000000000000000000000000000000000000000000000000000
2021-10-06T16:20:08-03:00	[35mDEBUG[0m	synchronizer/synchronizer.go:554	Syncing...	{"block": 3, "ethLastBlock": {"Num":3,"Timestamp":"1969-12-31T21:00:03-03:00","Hash":"0x0300000000000000000000000000000000000000000000000000000000000000"}}
2021-10-06T16:20:08-03:00	[35mDEBUG[0m	synchronizer/synchronizer.go:674	Synced block	{"syncLastBlockNum": 3, "syncBlocksPerc": 100, "ethLastBlockNum": 3}
2021-10-06T16:20:08-03:00	[34mINFO[0m	synchronizer/synchronizer.go:256	Synchronizer syncing from smart contract blocks	{"rollup": 1, "auction": 1, "wdelayer": 1}
2021-10-06T16:20:08-03:00	[35mDEBUG[0m	statedb/statedb.go:266	Making StateDB Reset	{"batch": 0, "type": "synchronizer"}
2021-10-06T16:20:08-03:00	[34mINFO[0m	synchronizer/synchronizer.go:471	Sync init block	{"syncLastBlock": {"Num":3,"Timestamp":"1970-01-01T00:00:03Z","Hash":"0x0300000000000000000000000000000000000000000000000000000000000000"}, "syncBlocksPerc": 100, "ethFirstBlockNum": 1, "ethLastBlock": {"Num":3,"Timestamp":"1969-12-31T21:00:03-03:00","Hash":"0x0300000000000000000000000000000000000000000000000000000000000000"}}
2021-10-06T16:20:08-03:00	[34mINFO[0m	synchronizer/synchronizer.go:477	Sync init batch	{"syncLastBatch": 0, "syncBatchesPerc": "NaN", "ethLastBatch": 0}
2021-10-06T16:20:08-03:00	[35mDEBUG[0m	test/ethclient.go:512	TestClient mined block	{"blockNum": 4}
2021-10-06T16:20:08-03:00	[35mDEBUG[0m	synchronizer/synchronizer.go:542	ethBlock: num: 4, parent: 0x0300000000000000000000000000000000000000000000000000000000000000, hash: 0x0400000000000000000000000000000000000000000000000000000000000000
2021-10-06T16:20:08-03:00	[35mDEBUG[0m	synchronizer/synchronizer.go:554	Syncing...	{"block": 4, "ethLastBlock": {"Num":4,"Timestamp":"1969-12-31T21:00:04-03:00","Hash":"0x0400000000000000000000000000000000000000000000000000000000000000"}}
2021-10-06T16:20:08-03:00	[35mDEBUG[0m	synchronizer/synchronizer.go:674	Synced block	{"syncLastBlockNum": 4, "syncBlocksPerc": 100, "ethLastBlockNum": 4}
2021-10-06T16:20:08-03:00	[34mINFO[0m	synchronizer/synchronizer.go:256	Synchronizer syncing from smart contract blocks	{"rollup": 1, "auction": 1, "wdelayer": 1}
2021-10-06T16:20:08-03:00	[35mDEBUG[0m	statedb/statedb.go:266	Making StateDB Reset	{"batch": 0, "type": "synchronizer"}
2021-10-06T16:20:08-03:00	[34mINFO[0m	synchronizer/synchronizer.go:471	Sync init block	{"syncLastBlock": {"Num":4,"Timestamp":"1970-01-01T00:00:04Z","Hash":"0x0400000000000000000000000000000000000000000000000000000000000000"}, "syncBlocksPerc": 100, "ethFirstBlockNum": 1, "ethLastBlock": {"Num":4,"Timestamp":"1969-12-31T21:00:04-03:00","Hash":"0x0400000000000000000000000000000000000000000000000000000000000000"}}
2021-10-06T16:20:08-03:00	[34mINFO[0m	synchronizer/synchronizer.go:477	Sync init batch	{"syncLastBatch": 0, "syncBatchesPerc": "NaN", "ethLastBatch": 0}
2021-10-06T16:20:08-03:00	[35mDEBUG[0m	test/ethclient.go:512	TestClient mined block	{"blockNum": 5}
2021-10-06T16:20:08-03:00	[35mDEBUG[0m	synchronizer/synchronizer.go:542	ethBlock: num: 5, parent: 0x0400000000000000000000000000000000000000000000000000000000000000, hash: 0x0500000000000000000000000000000000000000000000000000000000000000
2021-10-06T16:20:08-03:00	[35mDEBUG[0m	synchronizer/synchronizer.go:554	Syncing...	{"block": 5, "ethLastBlock": {"Num":5,"Timestamp":"1969-12-31T21:00:05-03:00","Hash":"0x0500000000000000000000000000000000000000000000000000000000000000"}}
2021-10-06T16:20:08-03:00	[35mDEBUG[0m	synchronizer/synchronizer.go:674	Synced block	{"syncLastBlockNum": 5, "syncBlocksPerc": 100, "ethLastBlockNum": 5}
2021-10-06T16:20:08-03:00	[34mINFO[0m	synchronizer/synchronizer.go:256	Synchronizer syncing from smart contract blocks	{"rollup": 1, "auction": 1, "wdelayer": 1}
2021-10-06T16:20:08-03:00	[35mDEBUG[0m	statedb/statedb.go:266	Making StateDB Reset	{"batch": 0, "type": "synchronizer"}
2021-10-06T16:20:08-03:00	[34mINFO[0m	synchronizer/synchronizer.go:471	Sync init block	{"syncLastBlock": {"Num":5,"Timestamp":"1970-01-01T00:00:05Z","Hash":"0x0500000000000000000000000000000000000000000000000000000000000000"}, "syncBlocksPerc": 100, "ethFirstBlockNum": 1, "ethLastBlock": {"Num":5,"Timestamp":"1969-12-31T21:00:05-03:00","Hash":"0x0500000000000000000000000000000000000000000000000000000000000000"}}
2021-10-06T16:20:08-03:00	[34mINFO[0m	synchronizer/synchronizer.go:477	Sync init batch	{"syncLastBatch": 0, "syncBatchesPerc": "NaN", "ethLastBatch": 0}
2021-10-06T16:20:08-03:00	[35mDEBUG[0m	test/ethclient.go:512	TestClient mined block	{"blockNum": 6}
2021-10-06T16:20:08-03:00	[35mDEBUG[0m	synchronizer/synchronizer.go:542	ethBlock: num: 6, parent: 0x0500000000000000000000000000000000000000000000000000000000000000, hash: 0x0600000000000000000000000000000000000000000000000000000000000000
2021-10-06T16:20:08-03:00	[35mDEBUG[0m	synchronizer/synchronizer.go:554	Syncing...	{"block": 6, "ethLastBlock": {"Num":6,"Timestamp":"1969-12-31T21:00:06-03:00","Hash":"0x0600000000000000000000000000000000000000000000000000000000000000"}}
2021-10-06T16:20:08-03:00	[35mDEBUG[0m	synchronizer/synchronizer.go:674	Synced block	{"syncLastBlockNum": 6, "syncBlocksPerc": 100, "ethLastBlockNum": 6}
2021-10-06T16:20:08-03:00	[34mINFO[0m	synchronizer/synchronizer.go:256	Synchronizer syncing from smart contract blocks	{"rollup": 1, "auction": 1, "wdelayer": 1}
2021-10-06T16:20:08-03:00	[35mDEBUG[0m	statedb/statedb.go:266	Making StateDB Reset	{"batch": 0, "type": "synchronizer"}
2021-10-06T16:20:08-03:00	[34mINFO[0m	synchronizer/synchronizer.go:471	Sync init block	{"syncLastBlock": {"Num":6,"Timestamp":"1970-01-01T00:00:06Z","Hash":"0x0600000000000000000000000000000000000000000000000000000000000000"}, "syncBlocksPerc": 100, "ethFirstBlockNum": 1, "ethLastBlock": {"Num":6,"Timestamp":"1969-12-31T21:00:06-03:00","Hash":"0x0600000000000000000000000000000000000000000000000000000000000000"}}
2021-10-06T16:20:08-03:00	[34mINFO[0m	synchronizer/synchronizer.go:477	Sync init batch	{"syncLastBatch": 0, "syncBatchesPerc": "NaN", "ethLastBatch": 0}
2021-10-06T16:20:08-03:00	[35mDEBUG[0m	test/ethclient.go:512	TestClient mined block	{"blockNum": 7}
2021-10-06T16:20:08-03:00	[35mDEBUG[0m	synchronizer/synchronizer.go:542	ethBlock: num: 7, parent: 0x0600000000000000000000000000000000000000000000000000000000000000, hash: 0x0700000000000000000000000000000000000000000000000000000000000000
2021-10-06T16:20:08-03:00	[35mDEBUG[0m	synchronizer/synchronizer.go:554	Syncing...	{"block": 7, "ethLastBlock": {"Num":7,"Timestamp":"1969-12-31T21:00:07-03:00","Hash":"0x0700000000000000000000000000000000000000000000000000000000000000"}}
2021-10-06T16:20:08-03:00	[35mDEBUG[0m	statedb/statedb.go:225	Making StateDB checkpoint	{"batch": 1, "type": "synchronizer"}
2021-10-06T16:20:09-03:00	[35mDEBUG[0m	synchronizer/synchronizer.go:666	Synced batch	{"syncLastBatch": 1, "syncBatchesPerc": 100, "ethLastBatch": 1}
2021-10-06T16:20:09-03:00	[35mDEBUG[0m	synchronizer/synchronizer.go:674	Synced block	{"syncLastBlockNum": 7, "syncBlocksPerc": 100, "ethLastBlockNum": 7}
2021-10-06T16:20:09-03:00	[34mINFO[0m	synchronizer/synchronizer.go:256	Synchronizer syncing from smart contract blocks	{"rollup": 1, "auction": 1, "wdelayer": 1}
2021-10-06T16:20:09-03:00	[35mDEBUG[0m	statedb/statedb.go:266	Making StateDB Reset	{"batch": 1, "type": "synchronizer"}
2021-10-06T16:20:09-03:00	[34mINFO[0m	synchronizer/synchronizer.go:471	Sync init block	{"syncLastBlock": {"Num":7,"Timestamp":"1970-01-01T00:00:07Z","Hash":"0x0700000000000000000000000000000000000000000000000000000000000000"}, "syncBlocksPerc": 100, "ethFirstBlockNum": 1, "ethLastBlock": {"Num":7,"Timestamp":"1969-12-31T21:00:07-03:00","Hash":"0x0700000000000000000000000000000000000000000000000000000000000000"}}
2021-10-06T16:20:09-03:00	[34mINFO[0m	synchronizer/synchronizer.go:477	Sync init batch	{"syncLastBatch": 1, "syncBatchesPerc": 100, "ethLastBatch": 1}
2021-10-06T16:20:09-03:00	[35mDEBUG[0m	test/ethclient.go:512	TestClient mined block	{"blockNum": 8}
2021-10-06T16:20:09-03:00	[35mDEBUG[0m	synchronizer/synchronizer.go:542	ethBlock: num: 8, parent: 0x0700000000000000000000000000000000000000000000000000000000000000, hash: 0x0800000000000000000000000000000000000000000000000000000000000000
2021-10-06T16:20:09-03:00	[35mDEBUG[0m	synchronizer/synchronizer.go:554	Syncing...	{"block": 8, "ethLastBlock": {"Num":8,"Timestamp":"1969-12-31T21:00:08-03:00","Hash":"0x0800000000000000000000000000000000000000000000000000000000000000"}}
2021-10-06T16:20:09-03:00	[35mDEBUG[0m	synchronizer/synchronizer.go:674	Synced block	{"syncLastBlockNum": 8, "syncBlocksPerc": 100, "ethLastBlockNum": 8}
2021-10-06T16:20:09-03:00	[34mINFO[0m	synchronizer/synchronizer.go:256	Synchronizer syncing from smart contract blocks	{"rollup": 1, "auction": 1, "wdelayer": 1}
2021-10-06T16:20:09-03:00	[35mDEBUG[0m	statedb/statedb.go:266	Making StateDB Reset	{"batch": 1, "type": "synchronizer"}
2021-10-06T16:20:09-03:00	[34mINFO[0m	synchronizer/synchronizer.go:471	Sync init block	{"syncLastBlock": {"Num":8,"Timestamp":"1970-01-01T00:00:08Z","Hash":"0x0800000000000000000000000000000000000000000000000000000000000000"}, "syncBlocksPerc": 100, "ethFirstBlockNum": 1, "ethLastBlock": {"Num":8,"Timestamp":"1969-12-31T21:00:08-03:00","Hash":"0x0800000000000000000000000000000000000000000000000000000000000000"}}
2021-10-06T16:20:09-03:00	[34mINFO[0m	synchronizer/synchronizer.go:477	Sync init batch	{"syncLastBatch": 1, "syncBatchesPerc": 100, "ethLastBatch": 1}
2021-10-06T16:20:09-03:00	[35mDEBUG[0m	test/ethclient.go:512	TestClient mined block	{"blockNum": 9}
2021-10-06T16:20:09-03:00	[35mDEBUG[0m	synchronizer/synchronizer.go:542	ethBlock: num: 9, parent: 0x0800000000000000000000000000000000000000000000000000000000000000, hash: 0x0900000000000000000000000000000000000000000000000000000000000000
2021-10-06T16:20:09-03:00	[35mDEBUG[0m	synchronizer/synchronizer.go:554	Syncing...	{"block": 9, "ethLastBlock": {"Num":9,"Timestamp":"1969-12-31T21:00:09-03:00","Hash":"0x0900000000000000000000000000000000000000000000000000000000000000"}}
2021-10-06T16:20:09-03:00	[35mDEBUG[0m	synchronizer/synchronizer.go:674	Synced block	{"syncLastBlockNum": 9, "syncBlocksPerc": 100, "ethLastBlockNum": 9}
2021-10-06T16:20:09-03:00	[34mINFO[0m	synchronizer/synchronizer.go:256	Synchronizer syncing from smart contract blocks	{"rollup": 1, "auction": 1, "wdelayer": 1}
2021-10-06T16:20:09-03:00	[35mDEBUG[0m	statedb/statedb.go:266	Making StateDB Reset	{"batch": 1, "type": "synchronizer"}
2021-10-06T16:20:09-03:00	[34mINFO[0m	synchronizer/synchronizer.go:471	Sync init block	{"syncLastBlock": {"Num":9,"Timestamp":"1970-01-01T00:00:09Z","Hash":"0x0900000000000000000000000000000000000000000000000000000000000000"}, "syncBlocksPerc": 100, "ethFirstBlockNum": 1, "ethLastBlock": {"Num":9,"Timestamp":"1969-12-31T21:00:09-03:00","Hash":"0x0900000000000000000000000000000000000000000000000000000000000000"}}
2021-10-06T16:20:09-03:00	[34mINFO[0m	synchronizer/synchronizer.go:477	Sync init batch	{"syncLastBatch": 1, "syncBatchesPerc": 100, "ethLastBatch": 1}
2021-10-06T16:20:09-03:00	[35mDEBUG[0m	test/ethclient.go:512	TestClient mined block	{"blockNum": 10}
2021-10-06T16:20:09-03:00	[35mDEBUG[0m	synchronizer/synchronizer.go:542	ethBlock: num: 10, parent: 0x0900000000000000000000000000000000000000000000000000000000000000, hash: 0x0a00000000000000000000000000000000000000000000000000000000000000
2021-10-06T16:20:09-03:00	[35mDEBUG[0m	synchronizer/synchronizer.go:554	Syncing...	{"block": 10, "ethLastBlock": {"Num":10,"Timestamp":"1969-12-31T21:00:10-03:00","Hash":"0x0a00000000000000000000000000000000000000000000000000000000000000"}}
2021-10-06T16:20:09-03:00	[35mDEBUG[0m	synchronizer/synchronizer.go:674	Synced block	{"syncLastBlockNum": 10, "syncBlocksPerc": 100, "ethLastBlockNum": 10}
2021-10-06T16:20:09-03:00	[34mINFO[0m	synchronizer/synchronizer.go:256	Synchronizer syncing from smart contract blocks	{"rollup": 1, "auction": 1, "wdelayer": 1}
2021-10-06T16:20:09-03:00	[35mDEBUG[0m	statedb/statedb.go:266	Making StateDB Reset	{"batch": 1, "type": "synchronizer"}
2021-10-06T16:20:09-03:00	[34mINFO[0m	synchronizer/synchronizer.go:471	Sync init block	{"syncLastBlock": {"Num":10,"Timestamp":"1970-01-01T00:00:10Z","Hash":"0x0a00000000000000000000000000000000000000000000000000000000000000"}, "syncBlocksPerc": 100, "ethFirstBlockNum": 1, "ethLastBlock": {"Num":10,"Timestamp":"1969-12-31T21:00:10-03:00","Hash":"0x0a00000000000000000000000000000000000000000000000000000000000000"}}
2021-10-06T16:20:09-03:00	[34mINFO[0m	synchronizer/synchronizer.go:477	Sync init batch	{"syncLastBatch": 1, "syncBatchesPerc": 100, "ethLastBatch": 1}
2021-10-06T16:20:09-03:00	[35mDEBUG[0m	test/ethclient.go:512	TestClient mined block	{"blockNum": 11}
2021-10-06T16:20:09-03:00	[35mDEBUG[0m	synchronizer/synchronizer.go:542	ethBlock: num: 11, parent: 0x0a00000000000000000000000000000000000000000000000000000000000000, hash: 0x0b00000000000000000000000000000000000000000000000000000000000000
2021-10-06T16:20:09-03:00	[35mDEBUG[0m	synchronizer/synchronizer.go:554	Syncing...	{"block": 11, "ethLastBlock": {"Num":11,"Timestamp":"1969-12-31T21:00:11-03:00","Hash":"0x0b00000000000000000000000000000000000000000000000000000000000000"}}
2021-10-06T16:20:09-03:00	[35mDEBUG[0m	synchronizer/synchronizer.go:674	Synced block	{"syncLastBlockNum": 11, "syncBlocksPerc": 100, "ethLastBlockNum": 11}
2021-10-06T16:20:09-03:00	[34mINFO[0m	synchronizer/synchronizer.go:256	Synchronizer syncing from smart contract blocks	{"rollup": 1, "auction": 1, "wdelayer": 1}
2021-10-06T16:20:09-03:00	[35mDEBUG[0m	statedb/statedb.go:266	Making StateDB Reset	{"batch": 1, "type": "synchronizer"}
2021-10-06T16:20:09-03:00	[34mINFO[0m	synchronizer/synchronizer.go:471	Sync init block	{"syncLastBlock": {"Num":11,"Timestamp":"1970-01-01T00:00:11Z","Hash":"0x0b00000000000000000000000000000000000000000000000000000000000000"}, "syncBlocksPerc": 100, "ethFirstBlockNum": 1, "ethLastBlock": {"Num":11,"Timestamp":"1969-12-31T21:00:11-03:00","Hash":"0x0b00000000000000000000000000000000000000000000000000000000000000"}}
2021-10-06T16:20:09-03:00	[34mINFO[0m	synchronizer/synchronizer.go:477	Sync init batch	{"syncLastBatch": 1, "syncBatchesPerc": 100, "ethLastBatch": 1}
2021-10-06T16:20:09-03:00	[35mDEBUG[0m	test/ethclient.go:512	TestClient mined block	{"blockNum": 12}
2021-10-06T16:20:09-03:00	[35mDEBUG[0m	synchronizer/synchronizer.go:542	ethBlock: num: 12, parent: 0x0b00000000000000000000000000000000000000000000000000000000000000, hash: 0x0c00000000000000000000000000000000000000000000000000000000000000
2021-10-06T16:20:09-03:00	[35mDEBUG[0m	synchronizer/synchronizer.go:554	Syncing...	{"block": 12, "ethLastBlock": {"Num":12,"Timestamp":"1969-12-31T21:00:12-03:00","Hash":"0x0c00000000000000000000000000000000000000000000000000000000000000"}}
2021-10-06T16:20:09-03:00	[35mDEBUG[0m	statedb/statedb.go:225	Making StateDB checkpoint	{"batch": 2, "type": "synchronizer"}
2021-10-06T16:20:09-03:00	[35mDEBUG[0m	synchronizer/synchronizer.go:666	Synced batch	{"syncLastBatch": 2, "syncBatchesPerc": 100, "ethLastBatch": 2}
2021-10-06T16:20:09-03:00	[35mDEBUG[0m	synchronizer/synchronizer.go:674	Synced block	{"syncLastBlockNum": 12, "syncBlocksPerc": 100, "ethLastBlockNum": 12}
2021-10-06T16:20:09-03:00	[34mINFO[0m	synchronizer/synchronizer.go:256	Synchronizer syncing from smart contract blocks	{"rollup": 1, "auction": 1, "wdelayer": 1}
2021-10-06T16:20:09-03:00	[35mDEBUG[0m	statedb/statedb.go:266	Making StateDB Reset	{"batch": 2, "type": "synchronizer"}
2021-10-06T16:20:09-03:00	[34mINFO[0m	synchronizer/synchronizer.go:471	Sync init block	{"syncLastBlock": {"Num":12,"Timestamp":"1970-01-01T00:00:12Z","Hash":"0x0c00000000000000000000000000000000000000000000000000000000000000"}, "syncBlocksPerc": 100, "ethFirstBlockNum": 1, "ethLastBlock": {"Num":12,"Timestamp":"1969-12-31T21:00:12-03:00","Hash":"0x0c00000000000000000000000000000000000000000000000000000000000000"}}
2021-10-06T16:20:09-03:00	[34mINFO[0m	synchronizer/synchronizer.go:477	Sync init batch	{"syncLastBatch": 2, "syncBatchesPerc": 100, "ethLastBatch": 2}
2021-10-06T16:20:09-03:00	[35mDEBUG[0m	test/ethclient.go:512	TestClient mined block	{"blockNum": 13}
2021-10-06T16:20:09-03:00	[35mDEBUG[0m	synchronizer/synchronizer.go:542	ethBlock: num: 13, parent: 0x0c00000000000000000000000000000000000000000000000000000000000000, hash: 0x0d00000000000000000000000000000000000000000000000000000000000000
2021-10-06T16:20:09-03:00	[35mDEBUG[0m	synchronizer/synchronizer.go:554	Syncing...	{"block": 13, "ethLastBlock": {"Num":13,"Timestamp":"1969-12-31T21:00:13-03:00","Hash":"0x0d00000000000000000000000000000000000000000000000000000000000000"}}
2021-10-06T16:20:09-03:00	[35mDEBUG[0m	synchronizer/synchronizer.go:674	Synced block	{"syncLastBlockNum": 13, "syncBlocksPerc": 100, "ethLastBlockNum": 13}
2021-10-06T16:20:09-03:00	[34mINFO[0m	synchronizer/synchronizer.go:256	Synchronizer syncing from smart contract blocks	{"rollup": 1, "auction": 1, "wdelayer": 1}
2021-10-06T16:20:10-03:00	[35mDEBUG[0m	statedb/statedb.go:266	Making StateDB Reset	{"batch": 2, "type": "synchronizer"}
2021-10-06T16:20:10-03:00	[34mINFO[0m	synchronizer/synchronizer.go:471	Sync init block	{"syncLastBlock": {"Num":13,"Timestamp":"1970-01-01T00:00:13Z","Hash":"0x0d00000000000000000000000000000000000000000000000000000000000000"}, "syncBlocksPerc": 100, "ethFirstBlockNum": 1, "ethLastBlock": {"Num":13,"Timestamp":"1969-12-31T21:00:13-03:00","Hash":"0x0d00000000000000000000000000000000000000000000000000000000000000"}}
2021-10-06T16:20:10-03:00	[34mINFO[0m	synchronizer/synchronizer.go:477	Sync init batch	{"syncLastBatch": 2, "syncBatchesPerc": 100, "ethLastBatch": 2}
--- PASS: TestSyncForgerCommitment (2.62s)
PASS
ok  	github.com/hermeznetwork/hermez-node/synchronizer	5.671s
=== RUN   TestClientInterface
2021-10-06T16:20:11-03:00	[35mDEBUG[0m	test/ethclient.go:512	TestClient mined block	{"blockNum": 1}
--- PASS: TestClientInterface (0.00s)
=== RUN   TestClientEth
2021-10-06T16:20:11-03:00	[35mDEBUG[0m	test/ethclient.go:512	TestClient mined block	{"blockNum": 1}
2021-10-06T16:20:11-03:00	[35mDEBUG[0m	test/ethclient.go:512	TestClient mined block	{"blockNum": 2}
2021-10-06T16:20:11-03:00	[35mDEBUG[0m	test/ethclient.go:512	TestClient mined block	{"blockNum": 3}
2021-10-06T16:20:12-03:00	[35mDEBUG[0m	test/ethclient.go:512	TestClient mined block	{"blockNum": 4}
--- PASS: TestClientEth (0.01s)
=== RUN   TestClientAuction
2021-10-06T16:20:12-03:00	[35mDEBUG[0m	test/ethclient.go:512	TestClient mined block	{"blockNum": 1}
2021-10-06T16:20:12-03:00	[34mINFO[0m	test/ethclient.go:497	TestClient revert	{"block": 2, "err": "Bid has already been closed"}
2021-10-06T16:20:12-03:00	[34mINFO[0m	test/ethclient.go:497	TestClient revert	{"block": 2, "err": "Bid has not been opened yet"}
2021-10-06T16:20:12-03:00	[34mINFO[0m	test/ethclient.go:497	TestClient revert	{"block": 2, "err": "Coordinator not registered"}
2021-10-06T16:20:12-03:00	[34mINFO[0m	test/ethclient.go:497	TestClient revert	{"block": 2, "err": "Bid below minimum"}
2021-10-06T16:20:12-03:00	[34mINFO[0m	test/ethclient.go:497	TestClient revert	{"block": 2, "err": "Bid below minimum"}
2021-10-06T16:20:12-03:00	[35mDEBUG[0m	test/ethclient.go:512	TestClient mined block	{"blockNum": 2}
--- PASS: TestClientAuction (0.03s)
=== RUN   TestClientRollup
2021-10-06T16:20:12-03:00	[35mDEBUG[0m	test/ethclient.go:512	TestClient mined block	{"blockNum": 1}
2021-10-06T16:20:12-03:00	[35mDEBUG[0m	test/ethclient.go:512	TestClient mined block	{"blockNum": 2}
2021-10-06T16:20:12-03:00	[35mDEBUG[0m	test/ethclient.go:512	TestClient mined block	{"blockNum": 3}
2021-10-06T16:20:12-03:00	[35mDEBUG[0m	test/ethclient.go:512	TestClient mined block	{"blockNum": 3}
2021-10-06T16:20:12-03:00	[35mDEBUG[0m	test/ethclient.go:512	TestClient mined block	{"blockNum": 4}
--- PASS: TestClientRollup (0.25s)
=== RUN   TestGenAuths
--- PASS: TestGenAuths (0.01s)
PASS
ok  	github.com/hermeznetwork/hermez-node/test	0.900s
=== RUN   TestDebugAPI
2021-10-06T16:20:14-03:00	[35mDEBUG[0m	statedb/statedb.go:225	Making StateDB checkpoint	{"batch": 1, "type": "synchronizer"}
[GIN-debug] [WARNING] Creating an Engine instance with the Logger and Recovery middleware already attached.

[GIN-debug] [WARNING] Running in "debug" mode. Switch to "release" mode in production.
 - using env:	export GIN_MODE=release
 - using code:	gin.SetMode(gin.ReleaseMode)

[GIN-debug] GET    /debug/metrics            --> github.com/gin-gonic/gin.WrapH.func1 (4 handlers)
[GIN-debug] GET    /debug/sdb/batchnum       --> github.com/hermeznetwork/hermez-node/test/debugapi.(*DebugAPI).handleCurrentBatch-fm (4 handlers)
[GIN-debug] GET    /debug/sdb/mtroot         --> github.com/hermeznetwork/hermez-node/test/debugapi.(*DebugAPI).handleMTRoot-fm (4 handlers)
[GIN-debug] GET    /debug/sdb/accounts       --> github.com/hermeznetwork/hermez-node/test/debugapi.(*DebugAPI).handleAccounts-fm (4 handlers)
[GIN-debug] GET    /debug/sdb/accounts/:Idx  --> github.com/hermeznetwork/hermez-node/test/debugapi.(*DebugAPI).handleAccount-fm (4 handlers)
[GIN-debug] GET    /debug/sync/stats         --> github.com/hermeznetwork/hermez-node/test/debugapi.(*DebugAPI).handleSyncStats-fm (4 handlers)
2021-10-06T16:20:14-03:00	[34mINFO[0m	debugapi/debugapi.go:135	DebugAPI is ready at localhost:4011
2021-10-06T16:20:14-03:00	[35mDEBUG[0m	statedb/statedb.go:225	Making StateDB checkpoint	{"batch": 2, "type": "synchronizer"}
[GIN] 2021/10/06 - 16:20:14 | 200 |       351.5µs |       127.0.0.1 | GET      "/debug/sdb/batchnum"
[GIN] 2021/10/06 - 16:20:14 | 200 |       307.8µs |       127.0.0.1 | GET      "/debug/sdb/mtroot"
[GIN] 2021/10/06 - 16:20:14 | 200 |       787.8µs |       127.0.0.1 | GET      "/debug/sdb/accounts/256"
[GIN] 2021/10/06 - 16:20:14 | 200 |      8.1931ms |       127.0.0.1 | GET      "/debug/sdb/accounts"
2021-10-06T16:20:14-03:00	[34mINFO[0m	debugapi/debugapi.go:144	Stopping DebugAPI...
2021-10-06T16:20:14-03:00	[34mINFO[0m	debugapi/debugapi.go:150	DebugAPI done
--- PASS: TestDebugAPI (0.58s)
PASS
ok  	github.com/hermeznetwork/hermez-node/test/debugapi	0.974s
?   	github.com/hermeznetwork/hermez-node/test/proofserver	[no test files]
?   	github.com/hermeznetwork/hermez-node/test/proofserver/cmd	[no test files]
=== RUN   TestParseBlockchainTxs
--- PASS: TestParseBlockchainTxs (0.00s)
=== RUN   TestParsePoolTxs
--- PASS: TestParsePoolTxs (0.00s)
=== RUN   TestParseErrors
--- PASS: TestParseErrors (0.00s)
=== RUN   TestGenerateKeys
--- PASS: TestGenerateKeys (0.00s)
=== RUN   TestGenerateBlocksNoBatches
--- PASS: TestGenerateBlocksNoBatches (0.01s)
=== RUN   TestGenerateBlocks
--- PASS: TestGenerateBlocks (0.07s)
=== RUN   TestGeneratePoolL2Txs
2021-10-06T16:20:16-03:00	[31mERROR[0m	til/txs.go:622	TransferToEthAddr at User: B, for TokenID: 1, while account not created yet
/mnt/d/github.com/hermeznetwork/hermez-node/test/til/txs.go:558 github.com/hermeznetwork/hermez-node/test/til.(*Context).checkIfAccountExists()
/mnt/d/github.com/hermeznetwork/hermez-node/test/til/txs.go:621 github.com/hermeznetwork/hermez-node/test/til.(*Context).generatePoolL2Txs()
/mnt/d/github.com/hermeznetwork/hermez-node/test/til/txs.go:588 github.com/hermeznetwork/hermez-node/test/til.(*Context).GeneratePoolL2Txs()
/mnt/d/github.com/hermeznetwork/hermez-node/test/til/txs_test.go:316 github.com/hermeznetwork/hermez-node/test/til.TestGeneratePoolL2Txs()
/usr/local/go/src/testing/testing.go:1193 testing.tRunner()

--- PASS: TestGeneratePoolL2Txs (0.18s)
=== RUN   TestGeneratePoolL2TxsFromInstructions
--- PASS: TestGeneratePoolL2TxsFromInstructions (0.06s)
=== RUN   TestGenerateErrors
2021-10-06T16:20:16-03:00	[31mERROR[0m	til/txs.go:233	Can not process CreateAccountDeposit: TokenID 1 not registered, last registered TokenID: 0
/mnt/d/github.com/hermeznetwork/hermez-node/test/til/txs.go:566 github.com/hermeznetwork/hermez-node/test/til.(*Context).checkIfTokenIsRegistered()
/mnt/d/github.com/hermeznetwork/hermez-node/test/til/txs.go:232 github.com/hermeznetwork/hermez-node/test/til.(*Context).generateBlocks()
/mnt/d/github.com/hermeznetwork/hermez-node/test/til/txs.go:177 github.com/hermeznetwork/hermez-node/test/til.(*Context).GenerateBlocks()
/mnt/d/github.com/hermeznetwork/hermez-node/test/til/txs_test.go:388 github.com/hermeznetwork/hermez-node/test/til.TestGenerateErrors()
/usr/local/go/src/testing/testing.go:1193 testing.tRunner()

--- PASS: TestGenerateErrors (0.02s)
=== RUN   TestGenerateFromInstructions
--- PASS: TestGenerateFromInstructions (0.02s)
PASS
ok  	github.com/hermeznetwork/hermez-node/test/til	0.489s
=== RUN   TestCompileSetsBase
--- PASS: TestCompileSetsBase (0.26s)
=== RUN   TestCompileSetsMinimumFlow
--- PASS: TestCompileSetsMinimumFlow (0.08s)
PASS
ok  	github.com/hermeznetwork/hermez-node/test/txsets	0.468s
=== RUN   TestTxSelectorBatchBuilderZKInputsMinimumFlow0
2021-10-06T16:20:20-03:00	[34mINFO[0m	db/utils.go:61	successfully ran 0 migrations Up
2021-10-06T16:20:20-03:00	[34mINFO[0m	db/utils.go:77	successfully ran 11 migrations Down
2021-10-06T16:20:20-03:00	[34mINFO[0m	db/utils.go:61	successfully ran 11 migrations Up
2021-10-06T16:20:20-03:00	[35mDEBUG[0m	statedb/statedb.go:523	Making StateDB ResetFromSynchronizer	{"batch": 0, "type": "batchbuilder"}
2021-10-06T16:20:20-03:00	[35mDEBUG[0m	zkproof/flows_test.go:155	block:0 batch:1
2021-10-06T16:20:20-03:00	[35mDEBUG[0m	statedb/statedb.go:225	Making StateDB checkpoint	{"batch": 1, "type": "txselector"}
2021-10-06T16:20:21-03:00	[35mDEBUG[0m	statedb/statedb.go:225	Making StateDB checkpoint	{"batch": 1, "type": "batchbuilder"}
2021-10-06T16:20:21-03:00	[35mDEBUG[0m	zkproof/zkproof_test.go:64	No PROOF_SERVER_URL defined, not using ProofServer
2021-10-06T16:20:21-03:00	[35mDEBUG[0m	zkproof/flows_test.go:155	block:0 batch:2
2021-10-06T16:20:21-03:00	[35mDEBUG[0m	statedb/statedb.go:225	Making StateDB checkpoint	{"batch": 2, "type": "txselector"}
2021-10-06T16:20:21-03:00	[35mDEBUG[0m	statedb/statedb.go:225	Making StateDB checkpoint	{"batch": 2, "type": "batchbuilder"}
2021-10-06T16:20:21-03:00	[35mDEBUG[0m	zkproof/zkproof_test.go:64	No PROOF_SERVER_URL defined, not using ProofServer
2021-10-06T16:20:21-03:00	[35mDEBUG[0m	zkproof/flows_test.go:155	block:0 batch:3
2021-10-06T16:20:21-03:00	[35mDEBUG[0m	statedb/statedb.go:225	Making StateDB checkpoint	{"batch": 3, "type": "txselector"}
2021-10-06T16:20:21-03:00	[35mDEBUG[0m	statedb/statedb.go:225	Making StateDB checkpoint	{"batch": 3, "type": "batchbuilder"}
2021-10-06T16:20:21-03:00	[35mDEBUG[0m	zkproof/zkproof_test.go:64	No PROOF_SERVER_URL defined, not using ProofServer
2021-10-06T16:20:21-03:00	[35mDEBUG[0m	zkproof/flows_test.go:155	block:0 batch:4
2021-10-06T16:20:21-03:00	[35mDEBUG[0m	statedb/statedb.go:225	Making StateDB checkpoint	{"batch": 4, "type": "txselector"}
2021-10-06T16:20:21-03:00	[35mDEBUG[0m	statedb/statedb.go:225	Making StateDB checkpoint	{"batch": 4, "type": "batchbuilder"}
2021-10-06T16:20:21-03:00	[35mDEBUG[0m	zkproof/zkproof_test.go:64	No PROOF_SERVER_URL defined, not using ProofServer
2021-10-06T16:20:21-03:00	[35mDEBUG[0m	zkproof/flows_test.go:155	block:0 batch:5
2021-10-06T16:20:21-03:00	[35mDEBUG[0m	statedb/statedb.go:225	Making StateDB checkpoint	{"batch": 5, "type": "txselector"}
2021-10-06T16:20:21-03:00	[35mDEBUG[0m	statedb/statedb.go:225	Making StateDB checkpoint	{"batch": 5, "type": "batchbuilder"}
2021-10-06T16:20:21-03:00	[35mDEBUG[0m	zkproof/zkproof_test.go:64	No PROOF_SERVER_URL defined, not using ProofServer
2021-10-06T16:20:21-03:00	[35mDEBUG[0m	zkproof/flows_test.go:155	block:0 batch:6
2021-10-06T16:20:21-03:00	[35mDEBUG[0m	statedb/statedb.go:225	Making StateDB checkpoint	{"batch": 6, "type": "txselector"}
2021-10-06T16:20:21-03:00	[35mDEBUG[0m	statedb/statedb.go:225	Making StateDB checkpoint	{"batch": 6, "type": "batchbuilder"}
2021-10-06T16:20:21-03:00	[35mDEBUG[0m	zkproof/zkproof_test.go:64	No PROOF_SERVER_URL defined, not using ProofServer
2021-10-06T16:20:21-03:00	[35mDEBUG[0m	zkproof/flows_test.go:171	block:0 batch:7
2021-10-06T16:20:21-03:00	[35mDEBUG[0m	statedb/statedb.go:225	Making StateDB checkpoint	{"batch": 7, "type": "txselector"}
2021-10-06T16:20:22-03:00	[35mDEBUG[0m	statedb/statedb.go:225	Making StateDB checkpoint	{"batch": 7, "type": "batchbuilder"}
2021-10-06T16:20:22-03:00	[35mDEBUG[0m	zkproof/zkproof_test.go:64	No PROOF_SERVER_URL defined, not using ProofServer
2021-10-06T16:20:22-03:00	[35mDEBUG[0m	zkproof/flows_test.go:202	block:0 batch:8
2021-10-06T16:20:22-03:00	[35mDEBUG[0m	statedb/statedb.go:225	Making StateDB checkpoint	{"batch": 8, "type": "txselector"}
2021-10-06T16:20:22-03:00	[35mDEBUG[0m	statedb/statedb.go:225	Making StateDB checkpoint	{"batch": 8, "type": "batchbuilder"}
2021-10-06T16:20:22-03:00	[35mDEBUG[0m	zkproof/zkproof_test.go:64	No PROOF_SERVER_URL defined, not using ProofServer
2021-10-06T16:20:22-03:00	[35mDEBUG[0m	zkproof/flows_test.go:231	(batch9) block:1 batch:1
2021-10-06T16:20:22-03:00	[35mDEBUG[0m	statedb/statedb.go:225	Making StateDB checkpoint	{"batch": 9, "type": "txselector"}
2021-10-06T16:20:22-03:00	[35mDEBUG[0m	statedb/statedb.go:225	Making StateDB checkpoint	{"batch": 9, "type": "batchbuilder"}
2021-10-06T16:20:22-03:00	[35mDEBUG[0m	zkproof/zkproof_test.go:64	No PROOF_SERVER_URL defined, not using ProofServer
2021-10-06T16:20:22-03:00	[35mDEBUG[0m	zkproof/flows_test.go:258	(batch10) block:1 batch:2
2021-10-06T16:20:22-03:00	[35mDEBUG[0m	statedb/statedb.go:225	Making StateDB checkpoint	{"batch": 10, "type": "txselector"}
2021-10-06T16:20:22-03:00	[35mDEBUG[0m	statedb/statedb.go:225	Making StateDB checkpoint	{"batch": 10, "type": "batchbuilder"}
2021-10-06T16:20:22-03:00	[35mDEBUG[0m	zkproof/zkproof_test.go:64	No PROOF_SERVER_URL defined, not using ProofServer
--- PASS: TestTxSelectorBatchBuilderZKInputsMinimumFlow0 (2.91s)
=== RUN   TestZKInputsExitWithFee0
2021-10-06T16:20:22-03:00	[34mINFO[0m	db/utils.go:61	successfully ran 0 migrations Up
2021-10-06T16:20:23-03:00	[34mINFO[0m	db/utils.go:77	successfully ran 11 migrations Down
2021-10-06T16:20:23-03:00	[34mINFO[0m	db/utils.go:61	successfully ran 11 migrations Up
2021-10-06T16:20:23-03:00	[35mDEBUG[0m	statedb/statedb.go:523	Making StateDB ResetFromSynchronizer	{"batch": 0, "type": "batchbuilder"}
2021-10-06T16:20:23-03:00	[35mDEBUG[0m	statedb/statedb.go:225	Making StateDB checkpoint	{"batch": 1, "type": "txselector"}
2021-10-06T16:20:23-03:00	[35mDEBUG[0m	statedb/statedb.go:225	Making StateDB checkpoint	{"batch": 1, "type": "batchbuilder"}
2021-10-06T16:20:23-03:00	[35mDEBUG[0m	zkproof/zkproof_test.go:64	No PROOF_SERVER_URL defined, not using ProofServer
2021-10-06T16:20:23-03:00	[35mDEBUG[0m	statedb/statedb.go:225	Making StateDB checkpoint	{"batch": 2, "type": "txselector"}
2021-10-06T16:20:24-03:00	[35mDEBUG[0m	statedb/statedb.go:225	Making StateDB checkpoint	{"batch": 2, "type": "batchbuilder"}
2021-10-06T16:20:24-03:00	[35mDEBUG[0m	zkproof/zkproof_test.go:64	No PROOF_SERVER_URL defined, not using ProofServer
--- PASS: TestZKInputsExitWithFee0 (1.34s)
=== RUN   TestZKInputsAtomicTxs
2021-10-06T16:20:24-03:00	[34mINFO[0m	db/utils.go:61	successfully ran 0 migrations Up
2021-10-06T16:20:24-03:00	[34mINFO[0m	db/utils.go:77	successfully ran 11 migrations Down
2021-10-06T16:20:24-03:00	[34mINFO[0m	db/utils.go:61	successfully ran 11 migrations Up
2021-10-06T16:20:25-03:00	[35mDEBUG[0m	statedb/statedb.go:523	Making StateDB ResetFromSynchronizer	{"batch": 0, "type": "batchbuilder"}
2021-10-06T16:20:25-03:00	[35mDEBUG[0m	zkproof/flows_test.go:434	block:0 batch:1
2021-10-06T16:20:25-03:00	[35mDEBUG[0m	statedb/statedb.go:225	Making StateDB checkpoint	{"batch": 1, "type": "txselector"}
2021-10-06T16:20:25-03:00	[35mDEBUG[0m	statedb/statedb.go:225	Making StateDB checkpoint	{"batch": 1, "type": "batchbuilder"}
2021-10-06T16:20:25-03:00	[35mDEBUG[0m	zkproof/zkproof_test.go:64	No PROOF_SERVER_URL defined, not using ProofServer
2021-10-06T16:20:25-03:00	[35mDEBUG[0m	zkproof/flows_test.go:434	block:0 batch:2
2021-10-06T16:20:25-03:00	[35mDEBUG[0m	statedb/statedb.go:225	Making StateDB checkpoint	{"batch": 2, "type": "txselector"}
2021-10-06T16:20:25-03:00	[35mDEBUG[0m	statedb/statedb.go:225	Making StateDB checkpoint	{"batch": 2, "type": "batchbuilder"}
2021-10-06T16:20:25-03:00	[35mDEBUG[0m	zkproof/zkproof_test.go:64	No PROOF_SERVER_URL defined, not using ProofServer
2021-10-06T16:20:25-03:00	[35mDEBUG[0m	zkproof/flows_test.go:434	block:0 batch:3
2021-10-06T16:20:25-03:00	[35mDEBUG[0m	statedb/statedb.go:225	Making StateDB checkpoint	{"batch": 3, "type": "txselector"}
2021-10-06T16:20:25-03:00	[35mDEBUG[0m	statedb/statedb.go:225	Making StateDB checkpoint	{"batch": 3, "type": "batchbuilder"}
2021-10-06T16:20:25-03:00	[35mDEBUG[0m	zkproof/zkproof_test.go:64	No PROOF_SERVER_URL defined, not using ProofServer
2021-10-06T16:20:25-03:00	[35mDEBUG[0m	statedb/statedb.go:225	Making StateDB checkpoint	{"batch": 4, "type": "txselector"}
2021-10-06T16:20:25-03:00	[35mDEBUG[0m	statedb/statedb.go:225	Making StateDB checkpoint	{"batch": 4, "type": "batchbuilder"}
2021-10-06T16:20:25-03:00	[35mDEBUG[0m	zkproof/zkproof_test.go:64	No PROOF_SERVER_URL defined, not using ProofServer
--- PASS: TestZKInputsAtomicTxs (1.39s)
=== RUN   TestZKInputsAtomicTxs2
2021-10-06T16:20:25-03:00	[34mINFO[0m	db/utils.go:61	successfully ran 0 migrations Up
2021-10-06T16:20:26-03:00	[34mINFO[0m	db/utils.go:77	successfully ran 11 migrations Down
2021-10-06T16:20:26-03:00	[34mINFO[0m	db/utils.go:61	successfully ran 11 migrations Up
2021-10-06T16:20:26-03:00	[35mDEBUG[0m	statedb/statedb.go:523	Making StateDB ResetFromSynchronizer	{"batch": 0, "type": "batchbuilder"}
2021-10-06T16:20:26-03:00	[35mDEBUG[0m	zkproof/flows_test.go:568	block:0 batch:1
2021-10-06T16:20:26-03:00	[35mDEBUG[0m	statedb/statedb.go:225	Making StateDB checkpoint	{"batch": 1, "type": "txselector"}
2021-10-06T16:20:26-03:00	[35mDEBUG[0m	statedb/statedb.go:225	Making StateDB checkpoint	{"batch": 1, "type": "batchbuilder"}
2021-10-06T16:20:26-03:00	[35mDEBUG[0m	zkproof/zkproof_test.go:64	No PROOF_SERVER_URL defined, not using ProofServer
2021-10-06T16:20:26-03:00	[35mDEBUG[0m	zkproof/flows_test.go:568	block:0 batch:2
2021-10-06T16:20:26-03:00	[35mDEBUG[0m	statedb/statedb.go:225	Making StateDB checkpoint	{"batch": 2, "type": "txselector"}
2021-10-06T16:20:26-03:00	[35mDEBUG[0m	statedb/statedb.go:225	Making StateDB checkpoint	{"batch": 2, "type": "batchbuilder"}
2021-10-06T16:20:26-03:00	[35mDEBUG[0m	zkproof/zkproof_test.go:64	No PROOF_SERVER_URL defined, not using ProofServer
2021-10-06T16:20:26-03:00	[35mDEBUG[0m	zkproof/flows_test.go:568	block:0 batch:3
2021-10-06T16:20:26-03:00	[35mDEBUG[0m	statedb/statedb.go:225	Making StateDB checkpoint	{"batch": 3, "type": "txselector"}
2021-10-06T16:20:26-03:00	[35mDEBUG[0m	statedb/statedb.go:225	Making StateDB checkpoint	{"batch": 3, "type": "batchbuilder"}
2021-10-06T16:20:26-03:00	[35mDEBUG[0m	zkproof/zkproof_test.go:64	No PROOF_SERVER_URL defined, not using ProofServer
2021-10-06T16:20:26-03:00	[35mDEBUG[0m	txprocessor/txprocessor.go:1072	No coord Idx to receive fee	{"tx": {"IsL1":false,"TxID":"0x02ca6b4d27e056d23ca4dc85f4e80146c12f274fd05c96719a1c68470dc1f4b49c","Type":"TransferToEthAddr","Position":0,"FromIdx":256,"ToIdx":0,"Amount":100,"AmountFloat":0,"TokenID":0,"USD":null,"BatchNum":null,"EthBlockNum":0,"ToForgeL1TxsNum":null,"UserOrigin":null,"FromEthAddr":"0x0000000000000000000000000000000000000000","FromBJJ":"0000000000000000000000000000000000000000000000000000000000000000","DepositAmount":null,"DepositAmountFloat":null,"DepositAmountUSD":null,"Fee":0,"FeeUSD":null,"Nonce":0}}
2021-10-06T16:20:26-03:00	[35mDEBUG[0m	txprocessor/txprocessor.go:1072	No coord Idx to receive fee	{"tx": {"IsL1":false,"TxID":"0x02911b97585b69681ea2a0c27ca60ab44b816e194d0ff4f4bb95e5805b985f02eb","Type":"Transfer","Position":0,"FromIdx":256,"ToIdx":257,"Amount":50,"AmountFloat":0,"TokenID":0,"USD":null,"BatchNum":null,"EthBlockNum":0,"ToForgeL1TxsNum":null,"UserOrigin":null,"FromEthAddr":"0x0000000000000000000000000000000000000000","FromBJJ":"0000000000000000000000000000000000000000000000000000000000000000","DepositAmount":null,"DepositAmountFloat":null,"DepositAmountUSD":null,"Fee":0,"FeeUSD":null,"Nonce":1}}
2021-10-06T16:20:26-03:00	[35mDEBUG[0m	txprocessor/txprocessor.go:1072	No coord Idx to receive fee	{"tx": {"IsL1":false,"TxID":"0x02ab74b722fce2dff04e14d978bc4d6c9422e1bcd38d1118342a8494682955d112","Type":"TransferToEthAddr","Position":0,"FromIdx":257,"ToIdx":0,"Amount":50,"AmountFloat":0,"TokenID":0,"USD":null,"BatchNum":null,"EthBlockNum":0,"ToForgeL1TxsNum":null,"UserOrigin":null,"FromEthAddr":"0x0000000000000000000000000000000000000000","FromBJJ":"0000000000000000000000000000000000000000000000000000000000000000","DepositAmount":null,"DepositAmountFloat":null,"DepositAmountUSD":null,"Fee":0,"FeeUSD":null,"Nonce":0}}
2021-10-06T16:20:26-03:00	[35mDEBUG[0m	statedb/statedb.go:225	Making StateDB checkpoint	{"batch": 4, "type": "batchbuilder"}
2021-10-06T16:20:26-03:00	[35mDEBUG[0m	zkproof/zkproof_test.go:64	No PROOF_SERVER_URL defined, not using ProofServer
2021-10-06T16:20:26-03:00	[35mDEBUG[0m	statedb/statedb.go:225	Making StateDB checkpoint	{"batch": 5, "type": "batchbuilder"}
2021-10-06T16:20:26-03:00	[35mDEBUG[0m	zkproof/zkproof_test.go:64	No PROOF_SERVER_URL defined, not using ProofServer
2021-10-06T16:20:27-03:00	[35mDEBUG[0m	statedb/statedb.go:225	Making StateDB checkpoint	{"batch": 6, "type": "batchbuilder"}
2021-10-06T16:20:27-03:00	[35mDEBUG[0m	zkproof/zkproof_test.go:64	No PROOF_SERVER_URL defined, not using ProofServer
2021-10-06T16:20:27-03:00	[35mDEBUG[0m	txprocessor/txprocessor.go:1072	No coord Idx to receive fee	{"tx": {"IsL1":false,"TxID":"0x025e5a3273e7a7d91717b0886d1c04005df74061ffa98bd90b4961f3ffe8b111b7","Type":"TransferToBJJ","Position":0,"FromIdx":256,"ToIdx":0,"Amount":100,"AmountFloat":0,"TokenID":0,"USD":null,"BatchNum":null,"EthBlockNum":0,"ToForgeL1TxsNum":null,"UserOrigin":null,"FromEthAddr":"0x0000000000000000000000000000000000000000","FromBJJ":"0000000000000000000000000000000000000000000000000000000000000000","DepositAmount":null,"DepositAmountFloat":null,"DepositAmountUSD":null,"Fee":0,"FeeUSD":null,"Nonce":2}}
2021-10-06T16:20:27-03:00	[35mDEBUG[0m	txprocessor/txprocessor.go:1072	No coord Idx to receive fee	{"tx": {"IsL1":false,"TxID":"0x02126bd1702ab350e51b3f4cd51909f4f06f71353d79a9284f162d6ad6832550bf","Type":"TransferToBJJ","Position":0,"FromIdx":257,"ToIdx":0,"Amount":50,"AmountFloat":0,"TokenID":0,"USD":null,"BatchNum":null,"EthBlockNum":0,"ToForgeL1TxsNum":null,"UserOrigin":null,"FromEthAddr":"0x0000000000000000000000000000000000000000","FromBJJ":"0000000000000000000000000000000000000000000000000000000000000000","DepositAmount":null,"DepositAmountFloat":null,"DepositAmountUSD":null,"Fee":0,"FeeUSD":null,"Nonce":1}}
2021-10-06T16:20:27-03:00	[35mDEBUG[0m	statedb/statedb.go:225	Making StateDB checkpoint	{"batch": 7, "type": "batchbuilder"}
2021-10-06T16:20:27-03:00	[35mDEBUG[0m	zkproof/zkproof_test.go:64	No PROOF_SERVER_URL defined, not using ProofServer
--- PASS: TestZKInputsAtomicTxs2 (1.70s)
=== RUN   TestZKInputsAtomicTxsEdge
2021-10-06T16:20:27-03:00	[34mINFO[0m	db/utils.go:61	successfully ran 0 migrations Up
2021-10-06T16:20:27-03:00	[34mINFO[0m	db/utils.go:77	successfully ran 11 migrations Down
2021-10-06T16:20:28-03:00	[34mINFO[0m	db/utils.go:61	successfully ran 11 migrations Up
2021-10-06T16:20:28-03:00	[35mDEBUG[0m	statedb/statedb.go:523	Making StateDB ResetFromSynchronizer	{"batch": 0, "type": "batchbuilder"}
2021-10-06T16:20:28-03:00	[35mDEBUG[0m	zkproof/flows_test.go:779	block:0 batch:1
2021-10-06T16:20:28-03:00	[35mDEBUG[0m	statedb/statedb.go:225	Making StateDB checkpoint	{"batch": 1, "type": "txselector"}
2021-10-06T16:20:28-03:00	[35mDEBUG[0m	statedb/statedb.go:225	Making StateDB checkpoint	{"batch": 1, "type": "batchbuilder"}
2021-10-06T16:20:28-03:00	[35mDEBUG[0m	zkproof/zkproof_test.go:64	No PROOF_SERVER_URL defined, not using ProofServer
2021-10-06T16:20:28-03:00	[35mDEBUG[0m	zkproof/flows_test.go:779	block:0 batch:2
2021-10-06T16:20:28-03:00	[35mDEBUG[0m	statedb/statedb.go:225	Making StateDB checkpoint	{"batch": 2, "type": "txselector"}
2021-10-06T16:20:28-03:00	[35mDEBUG[0m	statedb/statedb.go:225	Making StateDB checkpoint	{"batch": 2, "type": "batchbuilder"}
2021-10-06T16:20:28-03:00	[35mDEBUG[0m	zkproof/zkproof_test.go:64	No PROOF_SERVER_URL defined, not using ProofServer
2021-10-06T16:20:28-03:00	[35mDEBUG[0m	zkproof/flows_test.go:779	block:0 batch:3
2021-10-06T16:20:28-03:00	[35mDEBUG[0m	statedb/statedb.go:225	Making StateDB checkpoint	{"batch": 3, "type": "txselector"}
2021-10-06T16:20:28-03:00	[35mDEBUG[0m	statedb/statedb.go:225	Making StateDB checkpoint	{"batch": 3, "type": "batchbuilder"}
2021-10-06T16:20:28-03:00	[35mDEBUG[0m	zkproof/zkproof_test.go:64	No PROOF_SERVER_URL defined, not using ProofServer
2021-10-06T16:20:28-03:00	[35mDEBUG[0m	statedb/statedb.go:225	Making StateDB checkpoint	{"batch": 4, "type": "batchbuilder"}
2021-10-06T16:20:28-03:00	[35mDEBUG[0m	zkproof/zkproof_test.go:64	No PROOF_SERVER_URL defined, not using ProofServer
2021-10-06T16:20:28-03:00	[35mDEBUG[0m	statedb/statedb.go:225	Making StateDB checkpoint	{"batch": 5, "type": "batchbuilder"}
2021-10-06T16:20:28-03:00	[35mDEBUG[0m	zkproof/zkproof_test.go:64	No PROOF_SERVER_URL defined, not using ProofServer
2021-10-06T16:20:28-03:00	[35mDEBUG[0m	statedb/statedb.go:225	Making StateDB checkpoint	{"batch": 6, "type": "batchbuilder"}
2021-10-06T16:20:28-03:00	[35mDEBUG[0m	zkproof/zkproof_test.go:64	No PROOF_SERVER_URL defined, not using ProofServer
2021-10-06T16:20:28-03:00	[35mDEBUG[0m	statedb/statedb.go:225	Making StateDB checkpoint	{"batch": 7, "type": "batchbuilder"}
2021-10-06T16:20:28-03:00	[35mDEBUG[0m	zkproof/zkproof_test.go:64	No PROOF_SERVER_URL defined, not using ProofServer
--- PASS: TestZKInputsAtomicTxsEdge (1.77s)
=== RUN   TestZKInputsMaxNumBatch
2021-10-06T16:20:29-03:00	[34mINFO[0m	db/utils.go:61	successfully ran 0 migrations Up
2021-10-06T16:20:29-03:00	[34mINFO[0m	db/utils.go:77	successfully ran 11 migrations Down
2021-10-06T16:20:29-03:00	[34mINFO[0m	db/utils.go:61	successfully ran 11 migrations Up
2021-10-06T16:20:29-03:00	[35mDEBUG[0m	statedb/statedb.go:523	Making StateDB ResetFromSynchronizer	{"batch": 0, "type": "batchbuilder"}
2021-10-06T16:20:29-03:00	[35mDEBUG[0m	zkproof/flows_test.go:1104	block:0 batch:1
2021-10-06T16:20:29-03:00	[35mDEBUG[0m	statedb/statedb.go:225	Making StateDB checkpoint	{"batch": 1, "type": "txselector"}
2021-10-06T16:20:29-03:00	[35mDEBUG[0m	statedb/statedb.go:225	Making StateDB checkpoint	{"batch": 1, "type": "batchbuilder"}
2021-10-06T16:20:29-03:00	[35mDEBUG[0m	zkproof/zkproof_test.go:64	No PROOF_SERVER_URL defined, not using ProofServer
2021-10-06T16:20:29-03:00	[35mDEBUG[0m	zkproof/flows_test.go:1104	block:0 batch:2
2021-10-06T16:20:29-03:00	[35mDEBUG[0m	statedb/statedb.go:225	Making StateDB checkpoint	{"batch": 2, "type": "txselector"}
2021-10-06T16:20:30-03:00	[35mDEBUG[0m	statedb/statedb.go:225	Making StateDB checkpoint	{"batch": 2, "type": "batchbuilder"}
2021-10-06T16:20:30-03:00	[35mDEBUG[0m	zkproof/zkproof_test.go:64	No PROOF_SERVER_URL defined, not using ProofServer
2021-10-06T16:20:30-03:00	[35mDEBUG[0m	zkproof/flows_test.go:1104	block:0 batch:3
2021-10-06T16:20:30-03:00	[35mDEBUG[0m	statedb/statedb.go:225	Making StateDB checkpoint	{"batch": 3, "type": "txselector"}
2021-10-06T16:20:30-03:00	[35mDEBUG[0m	statedb/statedb.go:225	Making StateDB checkpoint	{"batch": 3, "type": "batchbuilder"}
2021-10-06T16:20:30-03:00	[35mDEBUG[0m	zkproof/zkproof_test.go:64	No PROOF_SERVER_URL defined, not using ProofServer
2021-10-06T16:20:30-03:00	[35mDEBUG[0m	statedb/statedb.go:225	Making StateDB checkpoint	{"batch": 4, "type": "batchbuilder"}
2021-10-06T16:20:30-03:00	[35mDEBUG[0m	zkproof/zkproof_test.go:64	No PROOF_SERVER_URL defined, not using ProofServer
2021-10-06T16:20:30-03:00	[35mDEBUG[0m	statedb/statedb.go:225	Making StateDB checkpoint	{"batch": 5, "type": "batchbuilder"}
2021-10-06T16:20:30-03:00	[35mDEBUG[0m	zkproof/zkproof_test.go:64	No PROOF_SERVER_URL defined, not using ProofServer
--- PASS: TestZKInputsMaxNumBatch (1.46s)
=== RUN   TestZKInputsEmpty
2021-10-06T16:20:30-03:00	[35mDEBUG[0m	statedb/statedb.go:225	Making StateDB checkpoint	{"batch": 1, "type": "batchbuilder"}
2021-10-06T16:20:30-03:00	[35mDEBUG[0m	zkproof/zkproof_test.go:64	No PROOF_SERVER_URL defined, not using ProofServer
2021-10-06T16:20:30-03:00	[35mDEBUG[0m	txprocessor/txprocessor.go:1072	No coord Idx to receive fee	{"tx": {"IsL1":false,"TxID":"0x000000000000000000000000000000000000000000000000000000000000000000","Type":"Transfer","Position":0,"FromIdx":256,"ToIdx":256,"Amount":1000,"AmountFloat":0,"TokenID":1,"USD":null,"BatchNum":null,"EthBlockNum":0,"ToForgeL1TxsNum":null,"UserOrigin":null,"FromEthAddr":"0x0000000000000000000000000000000000000000","FromBJJ":"0000000000000000000000000000000000000000000000000000000000000000","DepositAmount":null,"DepositAmountFloat":null,"DepositAmountUSD":null,"Fee":0,"FeeUSD":null,"Nonce":0}}
2021-10-06T16:20:30-03:00	[35mDEBUG[0m	statedb/statedb.go:225	Making StateDB checkpoint	{"batch": 2, "type": "batchbuilder"}
2021-10-06T16:20:30-03:00	[35mDEBUG[0m	statedb/statedb.go:225	Making StateDB checkpoint	{"batch": 3, "type": "batchbuilder"}
2021-10-06T16:20:30-03:00	[35mDEBUG[0m	zkproof/zkproof_test.go:64	No PROOF_SERVER_URL defined, not using ProofServer
--- PASS: TestZKInputsEmpty (0.49s)
=== RUN   TestZKInputs0
2021-10-06T16:20:30-03:00	[35mDEBUG[0m	txprocessor/txprocessor.go:1072	No coord Idx to receive fee	{"tx": {"IsL1":false,"TxID":"0x000000000000000000000000000000000000000000000000000000000000000000","Type":"Transfer","Position":0,"FromIdx":256,"ToIdx":256,"Amount":1000,"AmountFloat":0,"TokenID":1,"USD":null,"BatchNum":null,"EthBlockNum":0,"ToForgeL1TxsNum":null,"UserOrigin":null,"FromEthAddr":"0x0000000000000000000000000000000000000000","FromBJJ":"0000000000000000000000000000000000000000000000000000000000000000","DepositAmount":null,"DepositAmountFloat":null,"DepositAmountUSD":null,"Fee":0,"FeeUSD":null,"Nonce":0}}
2021-10-06T16:20:31-03:00	[35mDEBUG[0m	statedb/statedb.go:225	Making StateDB checkpoint	{"batch": 1, "type": "batchbuilder"}
2021-10-06T16:20:31-03:00	[35mDEBUG[0m	zkproof/zkproof_test.go:64	No PROOF_SERVER_URL defined, not using ProofServer
--- PASS: TestZKInputs0 (0.24s)
=== RUN   TestZKInputs1
2021-10-06T16:20:31-03:00	[35mDEBUG[0m	statedb/statedb.go:225	Making StateDB checkpoint	{"batch": 1, "type": "batchbuilder"}
2021-10-06T16:20:31-03:00	[35mDEBUG[0m	zkproof/zkproof_test.go:64	No PROOF_SERVER_URL defined, not using ProofServer
--- PASS: TestZKInputs1 (0.27s)
=== RUN   TestZKInputs2
2021-10-06T16:20:31-03:00	[35mDEBUG[0m	statedb/statedb.go:225	Making StateDB checkpoint	{"batch": 1, "type": "batchbuilder"}
2021-10-06T16:20:31-03:00	[35mDEBUG[0m	zkproof/zkproof_test.go:64	No PROOF_SERVER_URL defined, not using ProofServer
--- PASS: TestZKInputs2 (0.34s)
=== RUN   TestZKInputs3
2021-10-06T16:20:31-03:00	[35mDEBUG[0m	statedb/statedb.go:225	Making StateDB checkpoint	{"batch": 1, "type": "batchbuilder"}
2021-10-06T16:20:32-03:00	[35mDEBUG[0m	zkproof/zkproof_test.go:64	No PROOF_SERVER_URL defined, not using ProofServer
--- PASS: TestZKInputs3 (0.36s)
=== RUN   TestZKInputs4
2021-10-06T16:20:32-03:00	[35mDEBUG[0m	statedb/statedb.go:225	Making StateDB checkpoint	{"batch": 1, "type": "batchbuilder"}
2021-10-06T16:20:32-03:00	[35mDEBUG[0m	zkproof/zkproof_test.go:64	No PROOF_SERVER_URL defined, not using ProofServer
--- PASS: TestZKInputs4 (0.38s)
=== RUN   TestZKInputs5
2021-10-06T16:20:32-03:00	[35mDEBUG[0m	statedb/statedb.go:225	Making StateDB checkpoint	{"batch": 1, "type": "batchbuilder"}
2021-10-06T16:20:32-03:00	[35mDEBUG[0m	zkproof/zkproof_test.go:64	No PROOF_SERVER_URL defined, not using ProofServer
--- PASS: TestZKInputs5 (0.34s)
=== RUN   TestZKInputs6
2021-10-06T16:20:32-03:00	[35mDEBUG[0m	statedb/statedb.go:225	Making StateDB checkpoint	{"batch": 1, "type": "batchbuilder"}
2021-10-06T16:20:33-03:00	[35mDEBUG[0m	zkproof/zkproof_test.go:64	No PROOF_SERVER_URL defined, not using ProofServer
2021-10-06T16:20:33-03:00	[35mDEBUG[0m	statedb/statedb.go:225	Making StateDB checkpoint	{"batch": 2, "type": "batchbuilder"}
2021-10-06T16:20:33-03:00	[35mDEBUG[0m	zkproof/zkproof_test.go:64	No PROOF_SERVER_URL defined, not using ProofServer
2021-10-06T16:20:33-03:00	[35mDEBUG[0m	statedb/statedb.go:225	Making StateDB checkpoint	{"batch": 3, "type": "batchbuilder"}
2021-10-06T16:20:33-03:00	[35mDEBUG[0m	zkproof/zkproof_test.go:64	No PROOF_SERVER_URL defined, not using ProofServer
2021-10-06T16:20:33-03:00	[35mDEBUG[0m	statedb/statedb.go:225	Making StateDB checkpoint	{"batch": 4, "type": "batchbuilder"}
2021-10-06T16:20:33-03:00	[35mDEBUG[0m	zkproof/zkproof_test.go:64	No PROOF_SERVER_URL defined, not using ProofServer
2021-10-06T16:20:33-03:00	[35mDEBUG[0m	statedb/statedb.go:225	Making StateDB checkpoint	{"batch": 5, "type": "batchbuilder"}
2021-10-06T16:20:33-03:00	[35mDEBUG[0m	zkproof/zkproof_test.go:64	No PROOF_SERVER_URL defined, not using ProofServer
2021-10-06T16:20:33-03:00	[35mDEBUG[0m	statedb/statedb.go:225	Making StateDB checkpoint	{"batch": 6, "type": "batchbuilder"}
2021-10-06T16:20:33-03:00	[35mDEBUG[0m	zkproof/zkproof_test.go:64	No PROOF_SERVER_URL defined, not using ProofServer
2021-10-06T16:20:33-03:00	[35mDEBUG[0m	txprocessor/txprocessor.go:1072	No coord Idx to receive fee	{"tx": {"IsL1":false,"TxID":"0x0240ad05c8bc39af274a03c8dc87170671104a1cf2f59f141175ca92f1e3fe0836","Type":"TransferToEthAddr","Position":0,"FromIdx":259,"ToIdx":0,"Amount":100,"AmountFloat":0,"TokenID":0,"USD":null,"BatchNum":null,"EthBlockNum":0,"ToForgeL1TxsNum":null,"UserOrigin":null,"FromEthAddr":"0x0000000000000000000000000000000000000000","FromBJJ":"0000000000000000000000000000000000000000000000000000000000000000","DepositAmount":null,"DepositAmountFloat":null,"DepositAmountUSD":null,"Fee":126,"FeeUSD":null,"Nonce":0}}
2021-10-06T16:20:33-03:00	[35mDEBUG[0m	statedb/statedb.go:225	Making StateDB checkpoint	{"batch": 7, "type": "batchbuilder"}
2021-10-06T16:20:34-03:00	[35mDEBUG[0m	zkproof/zkproof_test.go:64	No PROOF_SERVER_URL defined, not using ProofServer
2021-10-06T16:20:34-03:00	[35mDEBUG[0m	txprocessor/txprocessor.go:1072	No coord Idx to receive fee	{"tx": {"IsL1":false,"TxID":"0x02ed7e0a130c7dfc86955b95495bb7f3c324015d8f18f27f105851b57843be99a0","Type":"Transfer","Position":0,"FromIdx":256,"ToIdx":259,"Amount":100,"AmountFloat":0,"TokenID":0,"USD":null,"BatchNum":null,"EthBlockNum":0,"ToForgeL1TxsNum":null,"UserOrigin":null,"FromEthAddr":"0x0000000000000000000000000000000000000000","FromBJJ":"0000000000000000000000000000000000000000000000000000000000000000","DepositAmount":null,"DepositAmountFloat":null,"DepositAmountUSD":null,"Fee":126,"FeeUSD":null,"Nonce":0}}
2021-10-06T16:20:34-03:00	[35mDEBUG[0m	txprocessor/txprocessor.go:1072	No coord Idx to receive fee	{"tx": {"IsL1":false,"TxID":"0x0209660ee0c15461ad96f9baac8213875ab8dff74b9b8e04ee4f31ddaf2eea36f5","Type":"Transfer","Position":0,"FromIdx":264,"ToIdx":256,"Amount":50,"AmountFloat":0,"TokenID":0,"USD":null,"BatchNum":null,"EthBlockNum":0,"ToForgeL1TxsNum":null,"UserOrigin":null,"FromEthAddr":"0x0000000000000000000000000000000000000000","FromBJJ":"0000000000000000000000000000000000000000000000000000000000000000","DepositAmount":null,"DepositAmountFloat":null,"DepositAmountUSD":null,"Fee":126,"FeeUSD":null,"Nonce":0}}
2021-10-06T16:20:34-03:00	[35mDEBUG[0m	txprocessor/txprocessor.go:1282	No coord Idx to receive fee	{"tx": {"IsL1":false,"TxID":"0x0255739236619f7d0f1f11d47915a82b0d6f743bdc9ac5ee2bca34f6a4b5b9afcb","Type":"Exit","Position":0,"FromIdx":256,"ToIdx":1,"Amount":100,"AmountFloat":0,"TokenID":0,"USD":null,"BatchNum":null,"EthBlockNum":0,"ToForgeL1TxsNum":null,"UserOrigin":null,"FromEthAddr":"0x0000000000000000000000000000000000000000","FromBJJ":"0000000000000000000000000000000000000000000000000000000000000000","DepositAmount":null,"DepositAmountFloat":null,"DepositAmountUSD":null,"Fee":126,"FeeUSD":null,"Nonce":1}}
2021-10-06T16:20:34-03:00	[35mDEBUG[0m	statedb/statedb.go:225	Making StateDB checkpoint	{"batch": 8, "type": "batchbuilder"}
2021-10-06T16:20:34-03:00	[35mDEBUG[0m	zkproof/zkproof_test.go:64	No PROOF_SERVER_URL defined, not using ProofServer
2021-10-06T16:20:34-03:00	[35mDEBUG[0m	txprocessor/txprocessor.go:1072	No coord Idx to receive fee	{"tx": {"IsL1":false,"TxID":"0x0207808f3e6f514e669b24705a27042203e5bf8a0a954a83d22dc5d92de595ebc2","Type":"Transfer","Position":0,"FromIdx":260,"ToIdx":256,"Amount":300,"AmountFloat":0,"TokenID":0,"USD":null,"BatchNum":null,"EthBlockNum":0,"ToForgeL1TxsNum":null,"UserOrigin":null,"FromEthAddr":"0x0000000000000000000000000000000000000000","FromBJJ":"0000000000000000000000000000000000000000000000000000000000000000","DepositAmount":null,"DepositAmountFloat":null,"DepositAmountUSD":null,"Fee":126,"FeeUSD":null,"Nonce":0}}
2021-10-06T16:20:34-03:00	[35mDEBUG[0m	txprocessor/txprocessor.go:1072	No coord Idx to receive fee	{"tx": {"IsL1":false,"TxID":"0x02929c42d2bdf49f7ad6bac59df4e19def5b8f3f18f363810b5b2bb86cab23a6e8","Type":"Transfer","Position":0,"FromIdx":259,"ToIdx":260,"Amount":100,"AmountFloat":0,"TokenID":0,"USD":null,"BatchNum":null,"EthBlockNum":0,"ToForgeL1TxsNum":null,"UserOrigin":null,"FromEthAddr":"0x0000000000000000000000000000000000000000","FromBJJ":"0000000000000000000000000000000000000000000000000000000000000000","DepositAmount":null,"DepositAmountFloat":null,"DepositAmountUSD":null,"Fee":126,"FeeUSD":null,"Nonce":1}}
2021-10-06T16:20:34-03:00	[35mDEBUG[0m	statedb/statedb.go:225	Making StateDB checkpoint	{"batch": 9, "type": "batchbuilder"}
2021-10-06T16:20:34-03:00	[35mDEBUG[0m	zkproof/zkproof_test.go:64	No PROOF_SERVER_URL defined, not using ProofServer
2021-10-06T16:20:34-03:00	[35mDEBUG[0m	statedb/statedb.go:225	Making StateDB checkpoint	{"batch": 10, "type": "batchbuilder"}
2021-10-06T16:20:34-03:00	[35mDEBUG[0m	zkproof/zkproof_test.go:64	No PROOF_SERVER_URL defined, not using ProofServer
--- PASS: TestZKInputs6 (2.01s)
PASS
ok  	github.com/hermeznetwork/hermez-node/test/zkproof	15.445s
=== RUN   TestComputeEffectiveAmounts
2021-10-06T16:20:36-03:00	[35mDEBUG[0m	statedb/statedb.go:225	Making StateDB checkpoint	{"batch": 1, "type": "synchronizer"}
2021-10-06T16:20:36-03:00	[35mDEBUG[0m	txprocessor/txprocessor.go:1474	EffectiveAmount = 0: Not enough funds (10<11)
2021-10-06T16:20:36-03:00	[35mDEBUG[0m	txprocessor/txprocessor.go:1503	EffectiveAmount = 0: sender account TokenID (0) != receiver account TokenID (1)
2021-10-06T16:20:36-03:00	[35mDEBUG[0m	txprocessor/txprocessor.go:1482	EffectiveAmount = 0: tx.FromEthAddr (0x2B5AD5c4795c026514f8317c7a215E218DcCD6cF) must be the same EthAddr of the sender account by the Idx (0x7E5F4552091A69125d5DfCb7b8C2659029395Bdf)
2021-10-06T16:20:36-03:00	[35mDEBUG[0m	txprocessor/txprocessor.go:1474	EffectiveAmount = 0: Not enough funds (18<20)
2021-10-06T16:20:36-03:00	[35mDEBUG[0m	txprocessor/txprocessor.go:1482	EffectiveAmount = 0: tx.FromEthAddr (0x2B5AD5c4795c026514f8317c7a215E218DcCD6cF) must be the same EthAddr of the sender account by the Idx (0x7E5F4552091A69125d5DfCb7b8C2659029395Bdf)
2021-10-06T16:20:36-03:00	[35mDEBUG[0m	txprocessor/txprocessor.go:1440	EffectiveAmount = 0: tx TokenID (2) != receiver account TokenID (0)
2021-10-06T16:20:36-03:00	[35mDEBUG[0m	txprocessor/txprocessor.go:1503	EffectiveAmount = 0: sender account TokenID (1) != receiver account TokenID (0)
--- PASS: TestComputeEffectiveAmounts (0.32s)
=== RUN   TestProcessTxsBalances
2021-10-06T16:20:36-03:00	[35mDEBUG[0m	txprocessor/txprocessor_test.go:251	block:0 batch:1, only L1CoordinatorTxs
2021-10-06T16:20:36-03:00	[35mDEBUG[0m	statedb/statedb.go:225	Making StateDB checkpoint	{"batch": 1, "type": "synchronizer"}
2021-10-06T16:20:36-03:00	[35mDEBUG[0m	txprocessor/txprocessor_test.go:256	block:0 batch:2
2021-10-06T16:20:36-03:00	[35mDEBUG[0m	statedb/statedb.go:225	Making StateDB checkpoint	{"batch": 2, "type": "synchronizer"}
2021-10-06T16:20:36-03:00	[35mDEBUG[0m	txprocessor/txprocessor_test.go:263	block:0 batch:3
2021-10-06T16:20:36-03:00	[35mDEBUG[0m	statedb/statedb.go:225	Making StateDB checkpoint	{"batch": 3, "type": "synchronizer"}
2021-10-06T16:20:36-03:00	[35mDEBUG[0m	txprocessor/txprocessor_test.go:273	block:0 batch:4
2021-10-06T16:20:36-03:00	[35mDEBUG[0m	statedb/statedb.go:225	Making StateDB checkpoint	{"batch": 4, "type": "synchronizer"}
2021-10-06T16:20:36-03:00	[35mDEBUG[0m	txprocessor/txprocessor_test.go:284	block:0 batch:5
2021-10-06T16:20:36-03:00	[35mDEBUG[0m	statedb/statedb.go:225	Making StateDB checkpoint	{"batch": 5, "type": "synchronizer"}
2021-10-06T16:20:37-03:00	[35mDEBUG[0m	txprocessor/txprocessor_test.go:295	block:0 batch:6
2021-10-06T16:20:37-03:00	[35mDEBUG[0m	statedb/statedb.go:225	Making StateDB checkpoint	{"batch": 6, "type": "synchronizer"}
2021-10-06T16:20:37-03:00	[35mDEBUG[0m	txprocessor/txprocessor_test.go:308	block:0 batch:7
2021-10-06T16:20:37-03:00	[35mDEBUG[0m	statedb/statedb.go:225	Making StateDB checkpoint	{"batch": 7, "type": "synchronizer"}
2021-10-06T16:20:37-03:00	[35mDEBUG[0m	txprocessor/txprocessor_test.go:325	block:0 batch:8
2021-10-06T16:20:37-03:00	[35mDEBUG[0m	statedb/statedb.go:225	Making StateDB checkpoint	{"batch": 8, "type": "synchronizer"}
2021-10-06T16:20:37-03:00	[35mDEBUG[0m	txprocessor/txprocessor_test.go:344	block:1 batch:1
2021-10-06T16:20:37-03:00	[35mDEBUG[0m	txprocessor/txprocessor.go:1072	No coord Idx to receive fee	{"tx": {"IsL1":false,"TxID":"0x0207808f3e6f514e669b24705a27042203e5bf8a0a954a83d22dc5d92de595ebc2","Type":"Transfer","Position":0,"FromIdx":260,"ToIdx":256,"Amount":300,"AmountFloat":0,"TokenID":0,"USD":null,"BatchNum":null,"EthBlockNum":0,"ToForgeL1TxsNum":null,"UserOrigin":null,"FromEthAddr":"0x0000000000000000000000000000000000000000","FromBJJ":"0000000000000000000000000000000000000000000000000000000000000000","DepositAmount":null,"DepositAmountFloat":null,"DepositAmountUSD":null,"Fee":126,"FeeUSD":null,"Nonce":0}}
2021-10-06T16:20:37-03:00	[35mDEBUG[0m	txprocessor/txprocessor.go:1072	No coord Idx to receive fee	{"tx": {"IsL1":false,"TxID":"0x0240ad05c8bc39af274a03c8dc87170671104a1cf2f59f141175ca92f1e3fe0836","Type":"Transfer","Position":0,"FromIdx":259,"ToIdx":260,"Amount":100,"AmountFloat":0,"TokenID":0,"USD":null,"BatchNum":null,"EthBlockNum":0,"ToForgeL1TxsNum":null,"UserOrigin":null,"FromEthAddr":"0x0000000000000000000000000000000000000000","FromBJJ":"0000000000000000000000000000000000000000000000000000000000000000","DepositAmount":null,"DepositAmountFloat":null,"DepositAmountUSD":null,"Fee":126,"FeeUSD":null,"Nonce":1}}
2021-10-06T16:20:37-03:00	[35mDEBUG[0m	statedb/statedb.go:225	Making StateDB checkpoint	{"batch": 9, "type": "synchronizer"}
2021-10-06T16:20:37-03:00	[35mDEBUG[0m	txprocessor/txprocessor_test.go:363	block:1 batch:2
2021-10-06T16:20:37-03:00	[35mDEBUG[0m	statedb/statedb.go:225	Making StateDB checkpoint	{"batch": 10, "type": "synchronizer"}
2021-10-06T16:20:37-03:00	[35mDEBUG[0m	txprocessor/txprocessor.go:1072	No coord Idx to receive fee	{"tx": {"IsL1":false,"TxID":"0x02ee77b431ca1458e313ff608509ce4549fd20f57a74721af2bd68e65ef716342b","Type":"Transfer","Position":0,"FromIdx":256,"ToIdx":259,"Amount":100,"AmountFloat":0,"TokenID":0,"USD":null,"BatchNum":null,"EthBlockNum":0,"ToForgeL1TxsNum":null,"UserOrigin":null,"FromEthAddr":"0x0000000000000000000000000000000000000000","FromBJJ":"0000000000000000000000000000000000000000000000000000000000000000","DepositAmount":null,"DepositAmountFloat":null,"DepositAmountUSD":null,"Fee":126,"FeeUSD":null,"Nonce":2}}
2021-10-06T16:20:37-03:00	[35mDEBUG[0m	txprocessor/txprocessor.go:1072	No coord Idx to receive fee	{"tx": {"IsL1":false,"TxID":"0x023e7fbd882922b7c8c2b31204cdc0588a6c4c5785dc55f97c3cb41780ddd4f623","Type":"Transfer","Position":0,"FromIdx":260,"ToIdx":265,"Amount":100,"AmountFloat":0,"TokenID":0,"USD":null,"BatchNum":null,"EthBlockNum":0,"ToForgeL1TxsNum":null,"UserOrigin":null,"FromEthAddr":"0x0000000000000000000000000000000000000000","FromBJJ":"0000000000000000000000000000000000000000000000000000000000000000","DepositAmount":null,"DepositAmountFloat":null,"DepositAmountUSD":null,"Fee":126,"FeeUSD":null,"Nonce":1}}
2021-10-06T16:20:37-03:00	[35mDEBUG[0m	txprocessor/txprocessor.go:1282	No coord Idx to receive fee	{"tx": {"IsL1":false,"TxID":"0x02743143bf5635a33ac805f4dc9b6a4d15a2bb2eadec678eb8aad0301742b47ee1","Type":"Exit","Position":0,"FromIdx":256,"ToIdx":1,"Amount":100,"AmountFloat":0,"TokenID":0,"USD":null,"BatchNum":null,"EthBlockNum":0,"ToForgeL1TxsNum":null,"UserOrigin":null,"FromEthAddr":"0x0000000000000000000000000000000000000000","FromBJJ":"0000000000000000000000000000000000000000000000000000000000000000","DepositAmount":null,"DepositAmountFloat":null,"DepositAmountUSD":null,"Fee":126,"FeeUSD":null,"Nonce":3}}
2021-10-06T16:20:38-03:00	[35mDEBUG[0m	txprocessor/txprocessor.go:1072	No coord Idx to receive fee	{"tx": {"IsL1":false,"TxID":"0x028c8a4b5e3f1e1c29311949fef2a9fe13b056de7ca898e7b05924d7bb86bd8659","Type":"Transfer","Position":0,"FromIdx":258,"ToIdx":262,"Amount":100,"AmountFloat":0,"TokenID":1,"USD":null,"BatchNum":null,"EthBlockNum":0,"ToForgeL1TxsNum":null,"UserOrigin":null,"FromEthAddr":"0x0000000000000000000000000000000000000000","FromBJJ":"0000000000000000000000000000000000000000000000000000000000000000","DepositAmount":null,"DepositAmountFloat":null,"DepositAmountUSD":null,"Fee":126,"FeeUSD":null,"Nonce":1}}
2021-10-06T16:20:38-03:00	[35mDEBUG[0m	statedb/statedb.go:225	Making StateDB checkpoint	{"batch": 11, "type": "synchronizer"}
--- PASS: TestProcessTxsBalances (1.74s)
=== RUN   TestProcessTxsSynchronizer
2021-10-06T16:20:38-03:00	[35mDEBUG[0m	txprocessor/txprocessor_test.go:433	block:0 batch:1, only L1CoordinatorTxs
2021-10-06T16:20:38-03:00	[35mDEBUG[0m	statedb/statedb.go:225	Making StateDB checkpoint	{"batch": 1, "type": "synchronizer"}
2021-10-06T16:20:38-03:00	[35mDEBUG[0m	txprocessor/txprocessor_test.go:439	block:0 batch:2
2021-10-06T16:20:39-03:00	[35mDEBUG[0m	statedb/statedb.go:225	Making StateDB checkpoint	{"batch": 2, "type": "synchronizer"}
2021-10-06T16:20:39-03:00	[35mDEBUG[0m	txprocessor/txprocessor_test.go:455	block:0 batch:3
2021-10-06T16:20:39-03:00	[35mDEBUG[0m	statedb/statedb.go:225	Making StateDB checkpoint	{"batch": 3, "type": "synchronizer"}
2021-10-06T16:20:39-03:00	[35mDEBUG[0m	txprocessor/txprocessor_test.go:470	block:1 batch:1
2021-10-06T16:20:41-03:00	[35mDEBUG[0m	statedb/statedb.go:225	Making StateDB checkpoint	{"batch": 4, "type": "synchronizer"}
2021-10-06T16:20:41-03:00	[35mDEBUG[0m	txprocessor/txprocessor_test.go:527	block:1 batch:2
2021-10-06T16:20:41-03:00	[35mDEBUG[0m	statedb/statedb.go:225	Making StateDB checkpoint	{"batch": 5, "type": "synchronizer"}
--- PASS: TestProcessTxsSynchronizer (3.78s)
=== RUN   TestProcessTxsBatchBuilder
2021-10-06T16:20:42-03:00	[35mDEBUG[0m	txprocessor/txprocessor_test.go:591	block:0 batch:1, only L1CoordinatorTxs
2021-10-06T16:20:42-03:00	[35mDEBUG[0m	statedb/statedb.go:225	Making StateDB checkpoint	{"batch": 1, "type": "batchbuilder"}
2021-10-06T16:20:42-03:00	[35mDEBUG[0m	txprocessor/txprocessor_test.go:597	block:0 batch:2
2021-10-06T16:20:42-03:00	[35mDEBUG[0m	statedb/statedb.go:225	Making StateDB checkpoint	{"batch": 2, "type": "batchbuilder"}
2021-10-06T16:20:42-03:00	[35mDEBUG[0m	txprocessor/txprocessor_test.go:608	block:0 batch:3
2021-10-06T16:20:43-03:00	[35mDEBUG[0m	statedb/statedb.go:225	Making StateDB checkpoint	{"batch": 3, "type": "batchbuilder"}
2021-10-06T16:20:43-03:00	[35mDEBUG[0m	txprocessor/txprocessor_test.go:618	block:1 batch:1
2021-10-06T16:20:45-03:00	[35mDEBUG[0m	statedb/statedb.go:225	Making StateDB checkpoint	{"batch": 4, "type": "batchbuilder"}
2021-10-06T16:20:45-03:00	[35mDEBUG[0m	txprocessor/txprocessor_test.go:626	block:1 batch:2
2021-10-06T16:20:45-03:00	[35mDEBUG[0m	statedb/statedb.go:225	Making StateDB checkpoint	{"batch": 5, "type": "batchbuilder"}
--- PASS: TestProcessTxsBatchBuilder (4.02s)
=== RUN   TestProcessTxsRootTestVectors
2021-10-06T16:20:45-03:00	[35mDEBUG[0m	txprocessor/txprocessor.go:1072	No coord Idx to receive fee	{"tx": {"IsL1":false,"TxID":"0x000000000000000000000000000000000000000000000000000000000000000000","Type":"Transfer","Position":0,"FromIdx":256,"ToIdx":256,"Amount":1000,"AmountFloat":0,"TokenID":1,"USD":null,"BatchNum":null,"EthBlockNum":0,"ToForgeL1TxsNum":null,"UserOrigin":null,"FromEthAddr":"0x0000000000000000000000000000000000000000","FromBJJ":"0000000000000000000000000000000000000000000000000000000000000000","DepositAmount":null,"DepositAmountFloat":null,"DepositAmountUSD":null,"Fee":126,"FeeUSD":null,"Nonce":0}}
2021-10-06T16:20:46-03:00	[35mDEBUG[0m	statedb/statedb.go:225	Making StateDB checkpoint	{"batch": 1, "type": "batchbuilder"}
--- PASS: TestProcessTxsRootTestVectors (0.19s)
=== RUN   TestCreateAccountDepositMaxValue
2021-10-06T16:20:46-03:00	[35mDEBUG[0m	statedb/statedb.go:225	Making StateDB checkpoint	{"batch": 1, "type": "batchbuilder"}
--- PASS: TestCreateAccountDepositMaxValue (0.20s)
=== RUN   TestMultipleCoordIdxForTokenID
2021-10-06T16:20:46-03:00	[35mDEBUG[0m	statedb/statedb.go:225	Making StateDB checkpoint	{"batch": 1, "type": "batchbuilder"}
2021-10-06T16:20:46-03:00	[35mDEBUG[0m	statedb/utils.go:45	StateDB.setIdxByEthAddrBJJ: Idx not stored because there already exist a smaller Idx for the given EthAddr & BJJ
2021-10-06T16:20:46-03:00	[35mDEBUG[0m	statedb/statedb.go:225	Making StateDB checkpoint	{"batch": 2, "type": "batchbuilder"}
2021-10-06T16:20:46-03:00	[35mDEBUG[0m	statedb/statedb.go:225	Making StateDB checkpoint	{"batch": 1, "type": "batchbuilder"}
2021-10-06T16:20:47-03:00	[35mDEBUG[0m	statedb/utils.go:45	StateDB.setIdxByEthAddrBJJ: Idx not stored because there already exist a smaller Idx for the given EthAddr & BJJ
2021-10-06T16:20:47-03:00	[35mDEBUG[0m	statedb/statedb.go:225	Making StateDB checkpoint	{"batch": 2, "type": "batchbuilder"}
2021-10-06T16:20:47-03:00	[35mDEBUG[0m	statedb/statedb.go:225	Making StateDB checkpoint	{"batch": 1, "type": "batchbuilder"}
2021-10-06T16:20:47-03:00	[35mDEBUG[0m	statedb/utils.go:45	StateDB.setIdxByEthAddrBJJ: Idx not stored because there already exist a smaller Idx for the given EthAddr & BJJ
2021-10-06T16:20:47-03:00	[35mDEBUG[0m	statedb/statedb.go:225	Making StateDB checkpoint	{"batch": 2, "type": "batchbuilder"}
--- PASS: TestMultipleCoordIdxForTokenID (1.35s)
=== RUN   TestTwoExitsSynchronizer
2021-10-06T16:20:47-03:00	[35mDEBUG[0m	statedb/statedb.go:225	Making StateDB checkpoint	{"batch": 1, "type": "synchronizer"}
2021-10-06T16:20:47-03:00	[35mDEBUG[0m	statedb/statedb.go:225	Making StateDB checkpoint	{"batch": 2, "type": "synchronizer"}
2021-10-06T16:20:47-03:00	[35mDEBUG[0m	statedb/statedb.go:225	Making StateDB checkpoint	{"batch": 3, "type": "synchronizer"}
2021-10-06T16:20:48-03:00	[35mDEBUG[0m	statedb/statedb.go:225	Making StateDB checkpoint	{"batch": 4, "type": "synchronizer"}
2021-10-06T16:20:48-03:00	[35mDEBUG[0m	statedb/statedb.go:225	Making StateDB checkpoint	{"batch": 1, "type": "synchronizer"}
2021-10-06T16:20:48-03:00	[35mDEBUG[0m	statedb/statedb.go:225	Making StateDB checkpoint	{"batch": 2, "type": "synchronizer"}
2021-10-06T16:20:48-03:00	[35mDEBUG[0m	statedb/statedb.go:225	Making StateDB checkpoint	{"batch": 3, "type": "synchronizer"}
2021-10-06T16:20:48-03:00	[35mDEBUG[0m	statedb/statedb.go:225	Making StateDB checkpoint	{"batch": 4, "type": "synchronizer"}
2021-10-06T16:20:48-03:00	[35mDEBUG[0m	statedb/statedb.go:225	Making StateDB checkpoint	{"batch": 1, "type": "synchronizer"}
2021-10-06T16:20:48-03:00	[35mDEBUG[0m	statedb/statedb.go:225	Making StateDB checkpoint	{"batch": 2, "type": "synchronizer"}
2021-10-06T16:20:48-03:00	[35mDEBUG[0m	statedb/statedb.go:225	Making StateDB checkpoint	{"batch": 3, "type": "synchronizer"}
2021-10-06T16:20:49-03:00	[35mDEBUG[0m	txprocessor/txprocessor.go:1474	EffectiveAmount = 0: Not enough funds (60<100)
2021-10-06T16:20:49-03:00	[35mDEBUG[0m	statedb/statedb.go:225	Making StateDB checkpoint	{"batch": 4, "type": "synchronizer"}
--- PASS: TestTwoExitsSynchronizer (1.53s)
=== RUN   TestExitOf0Amount
2021-10-06T16:20:49-03:00	[35mDEBUG[0m	statedb/statedb.go:225	Making StateDB checkpoint	{"batch": 1, "type": "batchbuilder"}
2021-10-06T16:20:49-03:00	[35mDEBUG[0m	statedb/statedb.go:225	Making StateDB checkpoint	{"batch": 2, "type": "batchbuilder"}
2021-10-06T16:20:49-03:00	[35mDEBUG[0m	statedb/statedb.go:225	Making StateDB checkpoint	{"batch": 3, "type": "batchbuilder"}
2021-10-06T16:20:49-03:00	[35mDEBUG[0m	statedb/statedb.go:225	Making StateDB checkpoint	{"batch": 4, "type": "batchbuilder"}
--- PASS: TestExitOf0Amount (0.77s)
=== RUN   TestUpdatedAccounts
2021-10-06T16:20:50-03:00	[35mDEBUG[0m	statedb/statedb.go:225	Making StateDB checkpoint	{"batch": 1, "type": "synchronizer"}
2021-10-06T16:20:50-03:00	[35mDEBUG[0m	statedb/statedb.go:225	Making StateDB checkpoint	{"batch": 2, "type": "synchronizer"}
2021-10-06T16:20:50-03:00	[35mDEBUG[0m	statedb/statedb.go:225	Making StateDB checkpoint	{"batch": 3, "type": "synchronizer"}
2021-10-06T16:20:50-03:00	[35mDEBUG[0m	statedb/statedb.go:225	Making StateDB checkpoint	{"batch": 4, "type": "synchronizer"}
2021-10-06T16:20:50-03:00	[35mDEBUG[0m	statedb/statedb.go:225	Making StateDB checkpoint	{"batch": 5, "type": "synchronizer"}
--- PASS: TestUpdatedAccounts (0.78s)
=== RUN   TestBJJCompressedTo256BigInt
--- PASS: TestBJJCompressedTo256BigInt (0.00s)
=== RUN   TestZKInputsHashTestVector0
2021-10-06T16:20:50-03:00	[35mDEBUG[0m	txprocessor/txprocessor.go:1072	No coord Idx to receive fee	{"tx": {"IsL1":false,"TxID":"0x000000000000000000000000000000000000000000000000000000000000000000","Type":"Transfer","Position":0,"FromIdx":256,"ToIdx":256,"Amount":1000,"AmountFloat":0,"TokenID":1,"USD":null,"BatchNum":null,"EthBlockNum":0,"ToForgeL1TxsNum":null,"UserOrigin":null,"FromEthAddr":"0x0000000000000000000000000000000000000000","FromBJJ":"0000000000000000000000000000000000000000000000000000000000000000","DepositAmount":null,"DepositAmountFloat":null,"DepositAmountUSD":null,"Fee":126,"FeeUSD":null,"Nonce":0}}
2021-10-06T16:20:50-03:00	[35mDEBUG[0m	statedb/statedb.go:225	Making StateDB checkpoint	{"batch": 1, "type": "batchbuilder"}
--- PASS: TestZKInputsHashTestVector0 (0.21s)
=== RUN   TestZKInputsHashTestVector1
2021-10-06T16:20:51-03:00	[35mDEBUG[0m	txprocessor/txprocessor.go:1072	No coord Idx to receive fee	{"tx": {"IsL1":false,"TxID":"0x000000000000000000000000000000000000000000000000000000000000000000","Type":"Transfer","Position":0,"FromIdx":257,"ToIdx":256,"Amount":1000,"AmountFloat":0,"TokenID":1,"USD":null,"BatchNum":null,"EthBlockNum":0,"ToForgeL1TxsNum":null,"UserOrigin":null,"FromEthAddr":"0x0000000000000000000000000000000000000000","FromBJJ":"0000000000000000000000000000000000000000000000000000000000000000","DepositAmount":null,"DepositAmountFloat":null,"DepositAmountUSD":null,"Fee":137,"FeeUSD":null,"Nonce":0}}
2021-10-06T16:20:51-03:00	[35mDEBUG[0m	statedb/statedb.go:225	Making StateDB checkpoint	{"batch": 1, "type": "batchbuilder"}
--- PASS: TestZKInputsHashTestVector1 (0.26s)
=== RUN   TestZKInputsEmpty
2021-10-06T16:20:51-03:00	[35mDEBUG[0m	statedb/statedb.go:225	Making StateDB checkpoint	{"batch": 1, "type": "batchbuilder"}
2021-10-06T16:20:51-03:00	[35mDEBUG[0m	txprocessor/txprocessor.go:1072	No coord Idx to receive fee	{"tx": {"IsL1":false,"TxID":"0x000000000000000000000000000000000000000000000000000000000000000000","Type":"Transfer","Position":0,"FromIdx":256,"ToIdx":256,"Amount":1000,"AmountFloat":0,"TokenID":1,"USD":null,"BatchNum":null,"EthBlockNum":0,"ToForgeL1TxsNum":null,"UserOrigin":null,"FromEthAddr":"0x0000000000000000000000000000000000000000","FromBJJ":"0000000000000000000000000000000000000000000000000000000000000000","DepositAmount":null,"DepositAmountFloat":null,"DepositAmountUSD":null,"Fee":0,"FeeUSD":null,"Nonce":0}}
2021-10-06T16:20:51-03:00	[35mDEBUG[0m	statedb/statedb.go:225	Making StateDB checkpoint	{"batch": 2, "type": "batchbuilder"}
2021-10-06T16:20:51-03:00	[35mDEBUG[0m	statedb/statedb.go:225	Making StateDB checkpoint	{"batch": 3, "type": "batchbuilder"}
--- PASS: TestZKInputsEmpty (0.40s)
=== RUN   TestZKInputs0
2021-10-06T16:20:51-03:00	[35mDEBUG[0m	txprocessor/txprocessor.go:1072	No coord Idx to receive fee	{"tx": {"IsL1":false,"TxID":"0x000000000000000000000000000000000000000000000000000000000000000000","Type":"Transfer","Position":0,"FromIdx":256,"ToIdx":256,"Amount":1000,"AmountFloat":0,"TokenID":1,"USD":null,"BatchNum":null,"EthBlockNum":0,"ToForgeL1TxsNum":null,"UserOrigin":null,"FromEthAddr":"0x0000000000000000000000000000000000000000","FromBJJ":"0000000000000000000000000000000000000000000000000000000000000000","DepositAmount":null,"DepositAmountFloat":null,"DepositAmountUSD":null,"Fee":0,"FeeUSD":null,"Nonce":0}}
2021-10-06T16:20:51-03:00	[35mDEBUG[0m	statedb/statedb.go:225	Making StateDB checkpoint	{"batch": 1, "type": "batchbuilder"}
--- PASS: TestZKInputs0 (0.22s)
=== RUN   TestZKInputs1
2021-10-06T16:20:51-03:00	[35mDEBUG[0m	statedb/statedb.go:225	Making StateDB checkpoint	{"batch": 1, "type": "batchbuilder"}
--- PASS: TestZKInputs1 (0.26s)
=== RUN   TestZKInputs2
2021-10-06T16:20:52-03:00	[35mDEBUG[0m	statedb/statedb.go:225	Making StateDB checkpoint	{"batch": 1, "type": "batchbuilder"}
--- PASS: TestZKInputs2 (0.33s)
=== RUN   TestZKInputs3
2021-10-06T16:20:52-03:00	[35mDEBUG[0m	statedb/statedb.go:225	Making StateDB checkpoint	{"batch": 1, "type": "batchbuilder"}
--- PASS: TestZKInputs3 (0.38s)
=== RUN   TestZKInputs4
2021-10-06T16:20:53-03:00	[35mDEBUG[0m	statedb/statedb.go:225	Making StateDB checkpoint	{"batch": 1, "type": "batchbuilder"}
--- PASS: TestZKInputs4 (0.37s)
=== RUN   TestZKInputs5
2021-10-06T16:20:53-03:00	[35mDEBUG[0m	statedb/statedb.go:225	Making StateDB checkpoint	{"batch": 1, "type": "batchbuilder"}
--- PASS: TestZKInputs5 (0.35s)
=== RUN   TestZKInputs6
2021-10-06T16:20:53-03:00	[35mDEBUG[0m	txprocessor/zkinputsgen_test.go:741	block:0 batch:1
2021-10-06T16:20:53-03:00	[35mDEBUG[0m	statedb/statedb.go:225	Making StateDB checkpoint	{"batch": 1, "type": "batchbuilder"}
2021-10-06T16:20:53-03:00	[35mDEBUG[0m	txprocessor/zkinputsgen_test.go:760	block:0 batch:2
2021-10-06T16:20:53-03:00	[35mDEBUG[0m	statedb/statedb.go:225	Making StateDB checkpoint	{"batch": 2, "type": "batchbuilder"}
2021-10-06T16:20:53-03:00	[35mDEBUG[0m	txprocessor/zkinputsgen_test.go:781	block:0 batch:3
2021-10-06T16:20:53-03:00	[35mDEBUG[0m	statedb/statedb.go:225	Making StateDB checkpoint	{"batch": 3, "type": "batchbuilder"}
2021-10-06T16:20:54-03:00	[35mDEBUG[0m	txprocessor/zkinputsgen_test.go:802	block:0 batch:4
2021-10-06T16:20:54-03:00	[35mDEBUG[0m	statedb/statedb.go:225	Making StateDB checkpoint	{"batch": 4, "type": "batchbuilder"}
2021-10-06T16:20:54-03:00	[35mDEBUG[0m	txprocessor/zkinputsgen_test.go:823	block:0 batch:5
2021-10-06T16:20:54-03:00	[35mDEBUG[0m	statedb/statedb.go:225	Making StateDB checkpoint	{"batch": 5, "type": "batchbuilder"}
2021-10-06T16:20:54-03:00	[35mDEBUG[0m	txprocessor/zkinputsgen_test.go:844	block:0 batch:6
2021-10-06T16:20:54-03:00	[35mDEBUG[0m	statedb/statedb.go:225	Making StateDB checkpoint	{"batch": 6, "type": "batchbuilder"}
2021-10-06T16:20:54-03:00	[35mDEBUG[0m	txprocessor/zkinputsgen_test.go:865	block:0 batch:7
2021-10-06T16:20:54-03:00	[35mDEBUG[0m	statedb/statedb.go:225	Making StateDB checkpoint	{"batch": 7, "type": "batchbuilder"}
2021-10-06T16:20:54-03:00	[35mDEBUG[0m	txprocessor/zkinputsgen_test.go:897	block:0 batch:8
2021-10-06T16:20:54-03:00	[35mDEBUG[0m	statedb/statedb.go:225	Making StateDB checkpoint	{"batch": 8, "type": "batchbuilder"}
2021-10-06T16:20:54-03:00	[35mDEBUG[0m	txprocessor/zkinputsgen_test.go:929	(batch9) block:1 batch:1
2021-10-06T16:20:55-03:00	[35mDEBUG[0m	statedb/statedb.go:225	Making StateDB checkpoint	{"batch": 9, "type": "batchbuilder"}
2021-10-06T16:20:55-03:00	[35mDEBUG[0m	txprocessor/zkinputsgen_test.go:960	(batch10) block:1 batch:2
2021-10-06T16:20:55-03:00	[35mDEBUG[0m	statedb/statedb.go:225	Making StateDB checkpoint	{"batch": 10, "type": "batchbuilder"}
--- PASS: TestZKInputs6 (1.73s)
=== RUN   TestZKInputsForceExitNotEnoughBalance
2021-10-06T16:20:55-03:00	[35mDEBUG[0m	statedb/statedb.go:225	Making StateDB checkpoint	{"batch": 1, "type": "batchbuilder"}
2021-10-06T16:20:55-03:00	[35mDEBUG[0m	txprocessor/txprocessor.go:1474	EffectiveAmount = 0: Not enough funds (100<110)
2021-10-06T16:20:55-03:00	[35mDEBUG[0m	statedb/statedb.go:225	Making StateDB checkpoint	{"batch": 2, "type": "batchbuilder"}
--- PASS: TestZKInputsForceExitNotEnoughBalance (0.29s)
=== RUN   TestZKInputsTwoExits
2021-10-06T16:20:55-03:00	[35mDEBUG[0m	statedb/statedb.go:225	Making StateDB checkpoint	{"batch": 1, "type": "batchbuilder"}
2021-10-06T16:20:55-03:00	[35mDEBUG[0m	statedb/statedb.go:225	Making StateDB checkpoint	{"batch": 2, "type": "batchbuilder"}
2021-10-06T16:20:55-03:00	[35mDEBUG[0m	statedb/statedb.go:225	Making StateDB checkpoint	{"batch": 3, "type": "batchbuilder"}
2021-10-06T16:20:55-03:00	[35mDEBUG[0m	statedb/statedb.go:225	Making StateDB checkpoint	{"batch": 4, "type": "batchbuilder"}
2021-10-06T16:20:56-03:00	[35mDEBUG[0m	statedb/statedb.go:225	Making StateDB checkpoint	{"batch": 1, "type": "batchbuilder"}
2021-10-06T16:20:56-03:00	[35mDEBUG[0m	statedb/statedb.go:225	Making StateDB checkpoint	{"batch": 2, "type": "batchbuilder"}
2021-10-06T16:20:56-03:00	[35mDEBUG[0m	statedb/statedb.go:225	Making StateDB checkpoint	{"batch": 3, "type": "batchbuilder"}
2021-10-06T16:20:56-03:00	[35mDEBUG[0m	statedb/statedb.go:225	Making StateDB checkpoint	{"batch": 4, "type": "batchbuilder"}
2021-10-06T16:20:56-03:00	[35mDEBUG[0m	statedb/statedb.go:225	Making StateDB checkpoint	{"batch": 1, "type": "batchbuilder"}
2021-10-06T16:20:56-03:00	[35mDEBUG[0m	statedb/statedb.go:225	Making StateDB checkpoint	{"batch": 2, "type": "batchbuilder"}
2021-10-06T16:20:56-03:00	[35mDEBUG[0m	statedb/statedb.go:225	Making StateDB checkpoint	{"batch": 3, "type": "batchbuilder"}
2021-10-06T16:20:56-03:00	[35mDEBUG[0m	txprocessor/txprocessor.go:1474	EffectiveAmount = 0: Not enough funds (60<100)
2021-10-06T16:20:56-03:00	[35mDEBUG[0m	statedb/statedb.go:225	Making StateDB checkpoint	{"batch": 4, "type": "batchbuilder"}
--- PASS: TestZKInputsTwoExits (1.45s)
=== RUN   TestZKInputsDepositTransferDifferentTokenIDs
2021-10-06T16:20:57-03:00	[35mDEBUG[0m	statedb/statedb.go:225	Making StateDB checkpoint	{"batch": 1, "type": "batchbuilder"}
2021-10-06T16:20:57-03:00	[35mDEBUG[0m	txprocessor/txprocessor.go:1503	EffectiveAmount = 0: sender account TokenID (0) != receiver account TokenID (1)
2021-10-06T16:20:57-03:00	[35mDEBUG[0m	statedb/statedb.go:225	Making StateDB checkpoint	{"batch": 2, "type": "batchbuilder"}
2021-10-06T16:20:57-03:00	[35mDEBUG[0m	txprocessor/txprocessor.go:1503	EffectiveAmount = 0: sender account TokenID (0) != receiver account TokenID (1)
--- PASS: TestZKInputsDepositTransferDifferentTokenIDs (0.32s)
=== RUN   TestZKInputsL1CoordinatorTxsAfterL1Exit
2021-10-06T16:20:57-03:00	[35mDEBUG[0m	statedb/statedb.go:225	Making StateDB checkpoint	{"batch": 1, "type": "batchbuilder"}
2021-10-06T16:20:57-03:00	[35mDEBUG[0m	txprocessor/txprocessor.go:1072	No coord Idx to receive fee	{"tx": {"IsL1":false,"TxID":"0x028c29fa5a60c70a407c6f7f6fc84a263a61d5603d7bca09523568af3fe1694990","Type":"TransferToEthAddr","Position":0,"FromIdx":256,"ToIdx":0,"Amount":10,"AmountFloat":0,"TokenID":0,"USD":null,"BatchNum":null,"EthBlockNum":0,"ToForgeL1TxsNum":null,"UserOrigin":null,"FromEthAddr":"0x0000000000000000000000000000000000000000","FromBJJ":"0000000000000000000000000000000000000000000000000000000000000000","DepositAmount":null,"DepositAmountFloat":null,"DepositAmountUSD":null,"Fee":126,"FeeUSD":null,"Nonce":0}}
2021-10-06T16:20:57-03:00	[35mDEBUG[0m	txprocessor/txprocessor.go:1072	No coord Idx to receive fee	{"tx": {"IsL1":false,"TxID":"0x02598decec3fa46d0141436f8e0930673361ee732785614208cacfcf89031cee96","Type":"TransferToEthAddr","Position":0,"FromIdx":256,"ToIdx":0,"Amount":10,"AmountFloat":0,"TokenID":0,"USD":null,"BatchNum":null,"EthBlockNum":0,"ToForgeL1TxsNum":null,"UserOrigin":null,"FromEthAddr":"0x0000000000000000000000000000000000000000","FromBJJ":"0000000000000000000000000000000000000000000000000000000000000000","DepositAmount":null,"DepositAmountFloat":null,"DepositAmountUSD":null,"Fee":126,"FeeUSD":null,"Nonce":1}}
2021-10-06T16:20:57-03:00	[35mDEBUG[0m	statedb/statedb.go:225	Making StateDB checkpoint	{"batch": 2, "type": "batchbuilder"}
--- PASS: TestZKInputsL1CoordinatorTxsAfterL1Exit (0.37s)
PASS
ok  	github.com/hermeznetwork/hermez-node/txprocessor	21.785s
=== RUN   TestGetL2TxSelectionMinimumFlow0
2021-10-06T16:20:59-03:00	[34mINFO[0m	db/utils.go:61	successfully ran 0 migrations Up
2021-10-06T16:21:00-03:00	[34mINFO[0m	db/utils.go:77	successfully ran 11 migrations Down
2021-10-06T16:21:00-03:00	[34mINFO[0m	db/utils.go:61	successfully ran 11 migrations Up
2021-10-06T16:21:01-03:00	[35mDEBUG[0m	txselector/txselector_test.go:195	block:0 batch:1
2021-10-06T16:21:01-03:00	[35mDEBUG[0m	statedb/statedb.go:225	Making StateDB checkpoint	{"batch": 1, "type": "txselector"}
2021-10-06T16:21:01-03:00	[35mDEBUG[0m	txselector/txselector_test.go:206	block:0 batch:2
2021-10-06T16:21:01-03:00	[35mDEBUG[0m	statedb/statedb.go:225	Making StateDB checkpoint	{"batch": 2, "type": "txselector"}
2021-10-06T16:21:01-03:00	[35mDEBUG[0m	txselector/txselector_test.go:217	block:0 batch:3
2021-10-06T16:21:01-03:00	[35mDEBUG[0m	statedb/statedb.go:225	Making StateDB checkpoint	{"batch": 3, "type": "txselector"}
2021-10-06T16:21:01-03:00	[35mDEBUG[0m	txselector/txselector_test.go:230	block:0 batch:4
2021-10-06T16:21:01-03:00	[35mDEBUG[0m	statedb/statedb.go:225	Making StateDB checkpoint	{"batch": 4, "type": "txselector"}
2021-10-06T16:21:01-03:00	[35mDEBUG[0m	txselector/txselector_test.go:244	block:0 batch:5
2021-10-06T16:21:01-03:00	[35mDEBUG[0m	statedb/statedb.go:225	Making StateDB checkpoint	{"batch": 5, "type": "txselector"}
2021-10-06T16:21:01-03:00	[35mDEBUG[0m	txselector/txselector_test.go:258	block:0 batch:6
2021-10-06T16:21:01-03:00	[35mDEBUG[0m	statedb/statedb.go:225	Making StateDB checkpoint	{"batch": 6, "type": "txselector"}
2021-10-06T16:21:01-03:00	[35mDEBUG[0m	txselector/txselector_test.go:273	block:0 batch:7
2021-10-06T16:21:01-03:00	[35mDEBUG[0m	statedb/statedb.go:225	Making StateDB checkpoint	{"batch": 7, "type": "txselector"}
2021-10-06T16:21:01-03:00	[35mDEBUG[0m	txselector/txselector_test.go:322	block:0 batch:8
2021-10-06T16:21:01-03:00	[35mDEBUG[0m	statedb/statedb.go:225	Making StateDB checkpoint	{"batch": 8, "type": "txselector"}
2021-10-06T16:21:01-03:00	[35mDEBUG[0m	txselector/txselector_test.go:369	(batch9)block:1 batch:1
2021-10-06T16:21:01-03:00	[35mDEBUG[0m	statedb/statedb.go:225	Making StateDB checkpoint	{"batch": 9, "type": "txselector"}
--- PASS: TestGetL2TxSelectionMinimumFlow0 (1.97s)
=== RUN   TestTransferToBjj
2021-10-06T16:21:01-03:00	[34mINFO[0m	db/utils.go:61	successfully ran 0 migrations Up
2021-10-06T16:21:02-03:00	[34mINFO[0m	db/utils.go:77	successfully ran 11 migrations Down
2021-10-06T16:21:02-03:00	[34mINFO[0m	db/utils.go:61	successfully ran 11 migrations Up
2021-10-06T16:21:02-03:00	[35mDEBUG[0m	statedb/statedb.go:225	Making StateDB checkpoint	{"batch": 1, "type": "txselector"}
2021-10-06T16:21:02-03:00	[35mDEBUG[0m	statedb/statedb.go:225	Making StateDB checkpoint	{"batch": 2, "type": "txselector"}
2021-10-06T16:21:02-03:00	[35mDEBUG[0m	statedb/statedb.go:225	Making StateDB checkpoint	{"batch": 3, "type": "txselector"}
2021-10-06T16:21:02-03:00	[35mDEBUG[0m	statedb/statedb.go:225	Making StateDB checkpoint	{"batch": 4, "type": "txselector"}
--- PASS: TestTransferToBjj (1.21s)
=== RUN   TestTransferManyFromSameAccount
2021-10-06T16:21:03-03:00	[34mINFO[0m	db/utils.go:61	successfully ran 0 migrations Up
2021-10-06T16:21:03-03:00	[34mINFO[0m	db/utils.go:77	successfully ran 11 migrations Down
2021-10-06T16:21:03-03:00	[34mINFO[0m	db/utils.go:61	successfully ran 11 migrations Up
2021-10-06T16:21:03-03:00	[35mDEBUG[0m	statedb/statedb.go:225	Making StateDB checkpoint	{"batch": 1, "type": "txselector"}
2021-10-06T16:21:04-03:00	[35mDEBUG[0m	statedb/statedb.go:225	Making StateDB checkpoint	{"batch": 2, "type": "txselector"}
--- PASS: TestTransferManyFromSameAccount (1.19s)
=== RUN   TestPoolL2TxInvalidNonces
2021-10-06T16:21:04-03:00	[34mINFO[0m	db/utils.go:61	successfully ran 0 migrations Up
2021-10-06T16:21:04-03:00	[34mINFO[0m	db/utils.go:77	successfully ran 11 migrations Down
2021-10-06T16:21:05-03:00	[34mINFO[0m	db/utils.go:61	successfully ran 11 migrations Up
2021-10-06T16:21:05-03:00	[35mDEBUG[0m	statedb/statedb.go:225	Making StateDB checkpoint	{"batch": 1, "type": "txselector"}
2021-10-06T16:21:05-03:00	[35mDEBUG[0m	txselector/txselector.go:684	txsel.processTxToEthAddrBJJ	{"err": "L2Tx discarded due to no available slots for L1CoordinatorTx to create a new account for receiver of L2Tx"}
2021-10-06T16:21:05-03:00	[35mDEBUG[0m	statedb/statedb.go:225	Making StateDB checkpoint	{"batch": 2, "type": "txselector"}
2021-10-06T16:21:05-03:00	[35mDEBUG[0m	txselector/txselector.go:684	txsel.processTxToEthAddrBJJ	{"err": "L2Tx discarded due to no available slots for L1CoordinatorTx to create a new account for receiver of L2Tx"}
2021-10-06T16:21:05-03:00	[35mDEBUG[0m	statedb/statedb.go:225	Making StateDB checkpoint	{"batch": 3, "type": "txselector"}
2021-10-06T16:21:05-03:00	[35mDEBUG[0m	statedb/statedb.go:225	Making StateDB checkpoint	{"batch": 4, "type": "txselector"}
--- PASS: TestPoolL2TxInvalidNonces (1.38s)
=== RUN   TestProcessL2Selection
2021-10-06T16:21:05-03:00	[34mINFO[0m	db/utils.go:61	successfully ran 0 migrations Up
2021-10-06T16:21:05-03:00	[34mINFO[0m	db/utils.go:77	successfully ran 11 migrations Down
2021-10-06T16:21:06-03:00	[34mINFO[0m	db/utils.go:61	successfully ran 11 migrations Up
2021-10-06T16:21:06-03:00	[35mDEBUG[0m	statedb/statedb.go:225	Making StateDB checkpoint	{"batch": 1, "type": "txselector"}
2021-10-06T16:21:06-03:00	[35mDEBUG[0m	statedb/statedb.go:225	Making StateDB checkpoint	{"batch": 2, "type": "txselector"}
--- PASS: TestProcessL2Selection (1.05s)
=== RUN   TestValidTxsWithLowFeeAndInvalidTxsWithHighFee
2021-10-06T16:21:06-03:00	[34mINFO[0m	db/utils.go:61	successfully ran 0 migrations Up
2021-10-06T16:21:07-03:00	[34mINFO[0m	db/utils.go:77	successfully ran 11 migrations Down
2021-10-06T16:21:07-03:00	[34mINFO[0m	db/utils.go:61	successfully ran 11 migrations Up
2021-10-06T16:21:07-03:00	[35mDEBUG[0m	statedb/statedb.go:225	Making StateDB checkpoint	{"batch": 1, "type": "txselector"}
2021-10-06T16:21:07-03:00	[35mDEBUG[0m	statedb/statedb.go:225	Making StateDB checkpoint	{"batch": 2, "type": "txselector"}
2021-10-06T16:21:07-03:00	[35mDEBUG[0m	statedb/statedb.go:225	Making StateDB checkpoint	{"batch": 3, "type": "txselector"}
2021-10-06T16:21:07-03:00	[35mDEBUG[0m	statedb/statedb.go:225	Making StateDB checkpoint	{"batch": 4, "type": "txselector"}
--- PASS: TestValidTxsWithLowFeeAndInvalidTxsWithHighFee (1.40s)
=== RUN   TestL1UserFutureTxs
2021-10-06T16:21:08-03:00	[34mINFO[0m	db/utils.go:61	successfully ran 0 migrations Up
2021-10-06T16:21:08-03:00	[34mINFO[0m	db/utils.go:77	successfully ran 11 migrations Down
2021-10-06T16:21:08-03:00	[34mINFO[0m	db/utils.go:61	successfully ran 11 migrations Up
2021-10-06T16:21:08-03:00	[35mDEBUG[0m	statedb/statedb.go:225	Making StateDB checkpoint	{"batch": 1, "type": "txselector"}
2021-10-06T16:21:09-03:00	[35mDEBUG[0m	txselector/txselector.go:684	txsel.processTxToEthAddrBJJ	{"err": "L2Tx discarded at the current batch, as the receiver account does not exist yet, and there is a L1UserTx that will create that account in a future batch."}
2021-10-06T16:21:09-03:00	[35mDEBUG[0m	statedb/statedb.go:225	Making StateDB checkpoint	{"batch": 2, "type": "txselector"}
2021-10-06T16:21:09-03:00	[35mDEBUG[0m	statedb/statedb.go:225	Making StateDB checkpoint	{"batch": 3, "type": "txselector"}
2021-10-06T16:21:09-03:00	[35mDEBUG[0m	statedb/statedb.go:225	Making StateDB checkpoint	{"batch": 4, "type": "txselector"}
--- PASS: TestL1UserFutureTxs (1.24s)
=== RUN   TestSimpleAtomicTx
2021-10-06T16:21:09-03:00	[34mINFO[0m	db/utils.go:61	successfully ran 0 migrations Up
2021-10-06T16:21:09-03:00	[34mINFO[0m	db/utils.go:77	successfully ran 11 migrations Down
2021-10-06T16:21:10-03:00	[34mINFO[0m	db/utils.go:61	successfully ran 11 migrations Up
2021-10-06T16:21:10-03:00	[35mDEBUG[0m	txselector/txselector_test.go:1105	block:0 batch:1
2021-10-06T16:21:10-03:00	[35mDEBUG[0m	statedb/statedb.go:225	Making StateDB checkpoint	{"batch": 1, "type": "txselector"}
2021-10-06T16:21:10-03:00	[35mDEBUG[0m	txselector/txselector_test.go:1116	block:0 batch:2
2021-10-06T16:21:10-03:00	[35mDEBUG[0m	statedb/statedb.go:225	Making StateDB checkpoint	{"batch": 2, "type": "txselector"}
2021-10-06T16:21:10-03:00	[35mDEBUG[0m	txselector/txselector_test.go:1127	block:0 batch:3
2021-10-06T16:21:10-03:00	[35mDEBUG[0m	statedb/statedb.go:225	Making StateDB checkpoint	{"batch": 3, "type": "txselector"}
2021-10-06T16:21:10-03:00	[35mDEBUG[0m	txselector/txselector_test.go:1197	block:1 batch:4
2021-10-06T16:21:10-03:00	[35mDEBUG[0m	statedb/statedb.go:225	Making StateDB checkpoint	{"batch": 4, "type": "txselector"}
--- PASS: TestSimpleAtomicTx (1.07s)
=== RUN   TestFailingAtomicTx
2021-10-06T16:21:10-03:00	[34mINFO[0m	db/utils.go:61	successfully ran 0 migrations Up
2021-10-06T16:21:10-03:00	[34mINFO[0m	db/utils.go:77	successfully ran 11 migrations Down
2021-10-06T16:21:11-03:00	[34mINFO[0m	db/utils.go:61	successfully ran 11 migrations Up
2021-10-06T16:21:11-03:00	[35mDEBUG[0m	txselector/txselector_test.go:1246	block:0 batch:1
2021-10-06T16:21:11-03:00	[35mDEBUG[0m	statedb/statedb.go:225	Making StateDB checkpoint	{"batch": 1, "type": "txselector"}
2021-10-06T16:21:11-03:00	[35mDEBUG[0m	txselector/txselector_test.go:1257	block:0 batch:2
2021-10-06T16:21:11-03:00	[35mDEBUG[0m	statedb/statedb.go:225	Making StateDB checkpoint	{"batch": 2, "type": "txselector"}
2021-10-06T16:21:11-03:00	[35mDEBUG[0m	txselector/txselector_test.go:1268	block:0 batch:3
2021-10-06T16:21:11-03:00	[35mDEBUG[0m	statedb/statedb.go:225	Making StateDB checkpoint	{"batch": 3, "type": "txselector"}
2021-10-06T16:21:11-03:00	[35mDEBUG[0m	txselector/txselector_test.go:1356	block:1 batch:4
2021-10-06T16:21:11-03:00	[34mINFO[0m	txselector/txselector.go:328	Failed forging atomic tx from Group 0x0100000000000000000000000000000000000000000000000000000000000000. Restarting selection process without txs from this group
2021-10-06T16:21:11-03:00	[35mDEBUG[0m	statedb/statedb.go:266	Making StateDB Reset	{"batch": 3, "type": "txselector"}
2021-10-06T16:21:11-03:00	[35mDEBUG[0m	statedb/statedb.go:225	Making StateDB checkpoint	{"batch": 4, "type": "txselector"}
--- PASS: TestFailingAtomicTx (1.15s)
=== RUN   TestFilterMaxNumBatch
2021-10-06T16:21:11-03:00	[34mINFO[0m	db/utils.go:61	successfully ran 0 migrations Up
2021-10-06T16:21:11-03:00	[34mINFO[0m	db/utils.go:77	successfully ran 11 migrations Down
2021-10-06T16:21:12-03:00	[34mINFO[0m	db/utils.go:61	successfully ran 11 migrations Up
2021-10-06T16:21:12-03:00	[35mDEBUG[0m	txselector/txselector_test.go:1414	block:0 batch:1
2021-10-06T16:21:12-03:00	[35mDEBUG[0m	statedb/statedb.go:225	Making StateDB checkpoint	{"batch": 1, "type": "txselector"}
2021-10-06T16:21:12-03:00	[35mDEBUG[0m	txselector/txselector_test.go:1425	block:0 batch:2
2021-10-06T16:21:12-03:00	[35mDEBUG[0m	statedb/statedb.go:225	Making StateDB checkpoint	{"batch": 2, "type": "txselector"}
2021-10-06T16:21:12-03:00	[35mDEBUG[0m	txselector/txselector_test.go:1436	block:0 batch:3
2021-10-06T16:21:12-03:00	[35mDEBUG[0m	statedb/statedb.go:225	Making StateDB checkpoint	{"batch": 3, "type": "txselector"}
2021-10-06T16:21:12-03:00	[35mDEBUG[0m	txselector/txselector_test.go:1490	block:1 batch:4
2021-10-06T16:21:12-03:00	[35mDEBUG[0m	statedb/statedb.go:225	Making StateDB checkpoint	{"batch": 4, "type": "txselector"}
--- PASS: TestFilterMaxNumBatch (1.09s)
=== RUN   TestFilterFailedAtomicGroups
--- PASS: TestFilterFailedAtomicGroups (0.00s)
=== RUN   TestCalculateAtomicGroupsAverageFee
--- PASS: TestCalculateAtomicGroupsAverageFee (0.00s)
=== RUN   TestSortL2Txs
--- PASS: TestSortL2Txs (0.00s)
=== RUN   TestFilterInvalidAtomicGroups
--- PASS: TestFilterInvalidAtomicGroups (0.00s)
PASS
ok  	github.com/hermeznetwork/hermez-node/txselector	13.176s
